Component: ARM Compiler 5.06 update 7 (build 960) Tool: armlink [4d3601]

==============================================================================

Section Cross References

    startup_n32g05x.o(RESET) refers to startup_n32g05x.o(STACK) for __initial_sp
    startup_n32g05x.o(RESET) refers to startup_n32g05x.o(.text) for Reset_Handler
    startup_n32g05x.o(RESET) refers to n32g05x_it.o(.text) for NMI_Handler
    startup_n32g05x.o(RESET) refers to context_rvds.o(.text) for HardFault_Handler
    startup_n32g05x.o(RESET) refers to board.o(.text) for SysTick_Handler
    startup_n32g05x.o(RESET) refers to portif.o(.text) for EXTI4_15_IRQHandler
    startup_n32g05x.o(RESET) refers to adcif.o(.text) for DMA_CH1_2_IRQHandler
    startup_n32g05x.o(RESET) refers to timrif.o(.text) for TIM2_IRQHandler
    startup_n32g05x.o(.text) refers to system_n32g05x.o(.text) for SystemInit
    startup_n32g05x.o(.text) refers to entry.o(.ARM.Collect$$$$00000000) for __main
    system_n32g05x.o(.text) refers to uidiv.o(.text) for __aeabi_uidivmod
    system_n32g05x.o(.text) refers to system_n32g05x.o(.data) for .data
    n32g05x_gpio.o(.text) refers to n32g05x_rcc.o(.text) for RCC_EnableAPB2PeriphReset
    n32g05x_rcc.o(.text) refers to memcpya.o(.text) for __aeabi_memcpy4
    n32g05x_rcc.o(.text) refers to uidiv.o(.text) for __aeabi_uidivmod
    n32g05x_rcc.o(.text) refers to n32g05x_rcc.o(.constdata) for .constdata
    n32g05x_adc.o(.text) refers to n32g05x_rcc.o(.text) for RCC_EnableAHBPeriphReset
    n32g05x_adc.o(.text) refers to uidiv.o(.text) for __aeabi_uidivmod
    n32g05x_adc.o(.text) refers to n32g05x_adc.o(.bss) for .bss
    n32g05x_tim.o(.text) refers to n32g05x_rcc.o(.text) for RCC_EnableAPB2PeriphReset
    n32g05x_uart.o(.text) refers to n32g05x_rcc.o(.text) for RCC_EnableAPB2PeriphReset
    n32g05x_uart.o(.text) refers to uidiv.o(.text) for __aeabi_uidivmod
    n32g05x_wwdg.o(.text) refers to n32g05x_rcc.o(.text) for RCC_EnableAPB1PeriphReset
    n32g05x_pwr.o(.text) refers to n32g05x_rcc.o(.text) for RCC_EnableAPB1PeriphReset
    n32g05x_led.o(.text) refers to n32g05x_spi.o(.text) for SPI_GetStatus
    n32g05x_led.o(.text) refers to n32g05x_rcc.o(.text) for RCC_EnableLEDClk
    n32g05x_led.o(.text) refers to n32g05x_gpio.o(.text) for GPIO_InitStruct
    n32g05x_led.o(.text) refers to n32g05x_led.o(.constdata) for .constdata
    n32g05x_led.o(.text) refers to n32g05x_led.o(.data) for .data
    n32g05x_beeper.o(.text) refers to n32g05x_rcc.o(.text) for RCC_EnableAPB1PeriphReset
    n32g05x_dac.o(.text) refers to n32g05x_rcc.o(.text) for RCC_EnableAPB1PeriphReset
    n32g05x_lcd.o(.text) refers to n32g05x_rcc.o(.text) for RCC_EnableAPB1PeriphReset
    n32g05x_spi.o(.text) refers to n32g05x_rcc.o(.text) for RCC_EnableAPB2PeriphReset
    n32g05x_can.o(.text) refers to n32g05x_rcc.o(.text) for RCC_EnableAPB1PeriphReset
    n32g05x_can.o(.text) refers to uread4.o(.text) for __aeabi_uread4
    n32g05x_comp.o(.text) refers to n32g05x_rcc.o(.text) for RCC_EnableAPB1PeriphReset
    n32g05x_i2c.o(.text) refers to n32g05x_rcc.o(.text) for RCC_EnableAPB1PeriphReset
    n32g05x_i2c.o(.text) refers to uidiv.o(.text) for __aeabi_uidivmod
    main.o(.text) refers to ecum.o(.text) for EcuM_InitOne
    main.o(.text) refers to n32_rt_thread_task.o(.text) for EcuM_InitRT_Thread
    context_rvds.o(.text) refers to cpuport.o(.text) for rt_hw_hard_fault_exception
    context_rvds.o(.text) refers to cpuport.o(.data) for rt_thread_switch_interrupt_flag
    context_rvds.o(.text) refers to cpuport.o(.data) for rt_interrupt_from_thread
    context_rvds.o(.text) refers to cpuport.o(.data) for rt_interrupt_to_thread
    cpuport.o(.text) refers to kservice.o(.text) for rt_kprintf
    cpuport.o(.text) refers to cmd.o(.text) for list_thread
    cpuport.o(.text) refers to scheduler.o(.data) for rt_current_thread
    clock.o(.text) refers to context_rvds.o(.text) for rt_hw_interrupt_disable
    clock.o(.text) refers to thread.o(.text) for rt_thread_self
    clock.o(.text) refers to timer.o(.text) for rt_timer_check
    clock.o(.text) refers to idiv.o(.text) for __aeabi_idivmod
    clock.o(.text) refers to clock.o(.data) for .data
    components.o(.text) refers to main.o(.text) for $Super$$main
    components.o(.text) refers to thread.o(.text) for rt_thread_init
    components.o(.text) refers to context_rvds.o(.text) for rt_hw_interrupt_disable
    components.o(.text) refers to board.o(.text) for rt_hw_board_init
    components.o(.text) refers to kservice.o(.text) for rt_show_version
    components.o(.text) refers to timer.o(.text) for rt_system_timer_init
    components.o(.text) refers to scheduler.o(.text) for rt_system_scheduler_init
    components.o(.text) refers to idle.o(.text) for rt_thread_idle_init
    components.o(.text) refers to components.o(.rti_fn.0.end) for .rti_fn.0.end
    components.o(.text) refers to components.o(.rti_fn.1.end) for .rti_fn.1.end
    components.o(.text) refers to components.o(.rti_fn.6.end) for .rti_fn.6.end
[...]
    TIM_GetFiltStatus                        0x0800205f   Thumb Code    10  n32g05x_tim.o(.text)
    UART_DeInit                              0x08002089   Thumb Code    66  n32g05x_uart.o(.text)
    UART_Init                                0x080020cb   Thumb Code   122  n32g05x_uart.o(.text)
    UART_StructInit                          0x08002145   Thumb Code    20  n32g05x_uart.o(.text)
    UART_Enable                              0x08002159   Thumb Code    20  n32g05x_uart.o(.text)
    UART_ConfigInt                           0x0800216d   Thumb Code    44  n32g05x_uart.o(.text)
    UART_EnableDMA                           0x08002199   Thumb Code    16  n32g05x_uart.o(.text)
    UART_SetAddr                             0x080021a9   Thumb Code    16  n32g05x_uart.o(.text)
    UART_ConfigWakeUpMode                    0x080021b9   Thumb Code    16  n32g05x_uart.o(.text)
    UART_EnableRcvWakeUp                     0x080021c9   Thumb Code    24  n32g05x_uart.o(.text)
    UART_ConfigLINBreakDetectLength          0x080021e1   Thumb Code    18  n32g05x_uart.o(.text)
    UART_EnableLIN                           0x080021f3   Thumb Code    20  n32g05x_uart.o(.text)
    UART_SendData                            0x08002207   Thumb Code     8  n32g05x_uart.o(.text)
    UART_ReceiveData                         0x0800220f   Thumb Code     8  n32g05x_uart.o(.text)
    UART_SendBreak                           0x08002217   Thumb Code    12  n32g05x_uart.o(.text)
    UART_SetPrescaler                        0x08002223   Thumb Code    16  n32g05x_uart.o(.text)
    UART_EnableHalfDuplex                    0x08002233   Thumb Code    18  n32g05x_uart.o(.text)
    UART_ConfigIrDAMode                      0x08002245   Thumb Code    16  n32g05x_uart.o(.text)
    UART_EnableIrDA                          0x08002255   Thumb Code    18  n32g05x_uart.o(.text)
    UART_GetFlagStatus                       0x08002267   Thumb Code    10  n32g05x_uart.o(.text)
    UART_ClrFlag                             0x08002271   Thumb Code     8  n32g05x_uart.o(.text)
    UART_GetIntStatus                        0x08002279   Thumb Code    60  n32g05x_uart.o(.text)
    UART_ClrIntPendingBit                    0x080022b5   Thumb Code    12  n32g05x_uart.o(.text)
    WWDG_DeInit                              0x080022d9   Thumb Code    12  n32g05x_wwdg.o(.text)
    WWDG_SetPrescalerDiv                     0x080022e5   Thumb Code    16  n32g05x_wwdg.o(.text)
    WWDG_SetWValue                           0x080022f5   Thumb Code    22  n32g05x_wwdg.o(.text)
    WWDG_EnableInt                           0x0800230b   Thumb Code    12  n32g05x_wwdg.o(.text)
    WWDG_SetCnt                              0x08002317   Thumb Code    10  n32g05x_wwdg.o(.text)
    WWDG_Enable                              0x08002321   Thumb Code    12  n32g05x_wwdg.o(.text)
    WWDG_GetEWINTF                           0x0800232d   Thumb Code    10  n32g05x_wwdg.o(.text)
    WWDG_ClrEWINTF                           0x08002337   Thumb Code    10  n32g05x_wwdg.o(.text)
    IWDG_WriteConfig                         0x08002345   Thumb Code     6  n32g05x_iwdg.o(.text)
    IWDG_SetPrescalerDiv                     0x0800234b   Thumb Code     6  n32g05x_iwdg.o(.text)
    IWDG_CntReload                           0x08002351   Thumb Code     6  n32g05x_iwdg.o(.text)
    IWDG_ReloadKey                           0x08002357   Thumb Code     8  n32g05x_iwdg.o(.text)
    IWDG_Enable                              0x0800235f   Thumb Code     8  n32g05x_iwdg.o(.text)
    IWDG_FreezeRun_Enable                    0x08002367   Thumb Code    16  n32g05x_iwdg.o(.text)
    IWDG_FreezeLP                            0x08002377   Thumb Code     8  n32g05x_iwdg.o(.text)
    IWDG_GetStatus                           0x0800237f   Thumb Code    16  n32g05x_iwdg.o(.text)
    FLASH_SetLatency                         0x080023a9   Thumb Code    14  n32g05x_flash.o(.text)
    FLASH_GetLatency                         0x080023b7   Thumb Code    10  n32g05x_flash.o(.text)
    FLASH_PrefetchBufSet                     0x080023c1   Thumb Code    18  n32g05x_flash.o(.text)
    FLASH_Unlock                             0x080023d3   Thumb Code    12  n32g05x_flash.o(.text)
    FLASH_Lock                               0x080023df   Thumb Code    12  n32g05x_flash.o(.text)
    Flash_GetLockStatus                      0x080023eb   Thumb Code    16  n32g05x_flash.o(.text)
    Option_Bytes_Unlock                      0x080023fb   Thumb Code    12  n32g05x_flash.o(.text)
    Option_Bytes_Lock                        0x08002407   Thumb Code    12  n32g05x_flash.o(.text)
    OB_GetLockStatus                         0x08002413   Thumb Code    16  n32g05x_flash.o(.text)
    FLASH_GetSTS                             0x08002423   Thumb Code    36  n32g05x_flash.o(.text)
    FLASH_WaitForLastOpt                     0x08002447   Thumb Code    34  n32g05x_flash.o(.text)
    FLASH_ClearFlag                          0x08002469   Thumb Code     6  n32g05x_flash.o(.text)
    FLASH_EraseOnePage                       0x0800246f   Thumb Code    56  n32g05x_flash.o(.text)
    FLASH_MassErase                          0x080024a7   Thumb Code    52  n32g05x_flash.o(.text)
    FLASH_ProgramdoubleWord                  0x080024db   Thumb Code    64  n32g05x_flash.o(.text)
    FLASH_GetReadOutProtectionL2STS          0x0800251b   Thumb Code    16  n32g05x_flash.o(.text)
    FLASH_EraseOB                            0x0800252b   Thumb Code    82  n32g05x_flash.o(.text)
    FLASH_ProgramOptionBytes_RDP1            0x0800257d   Thumb Code    76  n32g05x_flash.o(.text)
    FLASH_ProgramOptionBytes_USER1           0x080025c9   Thumb Code   100  n32g05x_flash.o(.text)
    FLASH_ProgramOptionBytes_USER2           0x0800262d   Thumb Code    88  n32g05x_flash.o(.text)
    FLASH_ProgramOptionBytes_USER3           0x08002685   Thumb Code    76  n32g05x_flash.o(.text)
    FLASH_ProgramOptionBytes_USER4           0x080026d1   Thumb Code    76  n32g05x_flash.o(.text)
    FLASH_ProgramOptionBytes_USER5           0x0800271d   Thumb Code    76  n32g05x_flash.o(.text)
    FLASH_ProgramOptionBytes_USER6           0x08002769   Thumb Code    94  n32g05x_flash.o(.text)
    FLASH_ProgramOptionBytes_DATA0           0x080027c7   Thumb Code    76  n32g05x_flash.o(.text)
    FLASH_ProgramOptionBytes_DATA1           0x08002813   Thumb Code    78  n32g05x_flash.o(.text)
    FLASH_EnWriteProtection                  0x08002861   Thumb Code   176  n32g05x_flash.o(.text)
    FLASH_ProgramOptionBytes_RDP2            0x08002911   Thumb Code    78  n32g05x_flash.o(.text)
    FLASH_GetWriteProtectionSTS              0x0800295f   Thumb Code     6  n32g05x_flash.o(.text)
    FLASH_GetOptionBytes_User2_LVR           0x08002965   Thumb Code    18  n32g05x_flash.o(.text)
    FLASH_GetOptionBytes_User2_LVRLS         0x08002977   Thumb Code    12  n32g05x_flash.o(.text)
    FLASH_GetOptionBytes_User1               0x08002983   Thumb Code    18  n32g05x_flash.o(.text)
    FLASH_ReadOutProtectionL1                0x08002995   Thumb Code   404  n32g05x_flash.o(.text)
    FLASH_GetReadOutProtectionSTS            0x08002b29   Thumb Code    16  n32g05x_flash.o(.text)
    FLASH_ReadOutProtectionL2_ENABLE         0x08002b39   Thumb Code   396  n32g05x_flash.o(.text)
    FLASH_GetOptionBytes_User3               0x08002cc5   Thumb Code    12  n32g05x_flash.o(.text)
    FLASH_GetOptionBytes_User4               0x08002cd1   Thumb Code    12  n32g05x_flash.o(.text)
    FLASH_GetStartAddress                    0x08002cdd   Thumb Code    10  n32g05x_flash.o(.text)
    FLASH_GetBOOTUartPIN                     0x08002ce7   Thumb Code    10  n32g05x_flash.o(.text)
    FLASH_GetOptionBytes_Data0               0x08002cf1   Thumb Code    10  n32g05x_flash.o(.text)
    FLASH_GetOptionBytes_Data1               0x08002cfb   Thumb Code    10  n32g05x_flash.o(.text)
    FLASH_GetPrefetchBufSTS                  0x08002d05   Thumb Code    16  n32g05x_flash.o(.text)
    FLASH_INTConfig                          0x08002d15   Thumb Code    18  n32g05x_flash.o(.text)
    FLASH_GetFlagSTS                         0x08002d27   Thumb Code    16  n32g05x_flash.o(.text)
    FLASH_GetOBFlagSTS                       0x08002d37   Thumb Code    16  n32g05x_flash.o(.text)
    FLASH_SetVTORAddress                     0x08002d47   Thumb Code    10  n32g05x_flash.o(.text)
    EXTI_DeInit                              0x08002d59   Thumb Code    40  n32g05x_exti.o(.text)
    EXTI_InitPeripheral                      0x08002d81   Thumb Code   102  n32g05x_exti.o(.text)
    EXTI_InitStruct                          0x08002de7   Thumb Code    16  n32g05x_exti.o(.text)
    EXTI_TriggerSWInt                        0x08002df7   Thumb Code    10  n32g05x_exti.o(.text)
    EXTI_GetStatusFlag                       0x08002e01   Thumb Code    16  n32g05x_exti.o(.text)
    EXTI_ClrStatusFlag                       0x08002e11   Thumb Code     6  n32g05x_exti.o(.text)
    EXTI_GetITStatus                         0x08002e17   Thumb Code    24  n32g05x_exti.o(.text)
    EXTI_ClrITPendBit                        0x08002e2f   Thumb Code     6  n32g05x_exti.o(.text)
    EXTI_RTCTimeStampSel                     0x08002e35   Thumb Code    16  n32g05x_exti.o(.text)
    $Super$$main                             0x08002e4d   Thumb Code    22  main.o(.text)
    NMI_Handler                              0x08002e63   Thumb Code     2  n32g05x_it.o(.text)
    rt_hw_interrupt_disable                  0x08002e65   Thumb Code     8  context_rvds.o(.text)
    rt_hw_interrupt_enable                   0x08002e6d   Thumb Code     6  context_rvds.o(.text)
    rt_hw_context_switch                     0x08002e73   Thumb Code    28  context_rvds.o(.text)
    rt_hw_context_switch_interrupt           0x08002e73   Thumb Code     0  context_rvds.o(.text)
    PendSV_Handler                           0x08002e8f   Thumb Code    84  context_rvds.o(.text)
    rt_hw_context_switch_to                  0x08002ee3   Thumb Code    44  context_rvds.o(.text)
    rt_hw_interrupt_thread_switch            0x08002f0f   Thumb Code     2  context_rvds.o(.text)
    HardFault_Handler                        0x08002f11   Thumb Code    12  context_rvds.o(.text)
    rt_hw_stack_init                         0x08002f3d   Thumb Code    52  cpuport.o(.text)
    rt_hw_hard_fault_exception               0x08002f71   Thumb Code    82  cpuport.o(.text)
    rt_hw_cpu_reset                          0x08002fc3   Thumb Code     8  cpuport.o(.text)
    rt_system_tick_init                      0x08003079   Thumb Code     2  clock.o(.text)
    rt_tick_get                              0x0800307b   Thumb Code     6  clock.o(.text)
    rt_tick_set                              0x08003081   Thumb Code    18  clock.o(.text)
    rt_tick_increase                         0x08003093   Thumb Code    36  clock.o(.text)
    rt_tick_from_millisecond                 0x080030b7   Thumb Code    44  clock.o(.text)
    rt_components_board_init                 0x080030f9   Thumb Code    20  components.o(.text)
    rt_components_init                       0x0800310d   Thumb Code    20  components.o(.text)
    main_thread_entry                        0x08003121   Thumb Code    12  components.o(.text)
    rt_application_init                      0x0800312d   Thumb Code    38  components.o(.text)
    rtthread_startup                         0x08003153   Thumb Code    42  components.o(.text)
    main                                     0x0800317d   Thumb Code    10  components.o(.text)
    rt_thread_idle_excute                    0x080031a5   Thumb Code   104  idle.o(.text)
    rt_thread_idle_init                      0x08003213   Thumb Code    36  idle.o(.text)
    rt_thread_idle_gethandler                0x08003237   Thumb Code     6  idle.o(.text)
    rt_sem_init                              0x080032dd   Thumb Code    32  ipc.o(.text)
    rt_sem_detach                            0x080032fd   Thumb Code    20  ipc.o(.text)
    rt_sem_take                              0x08003311   Thumb Code   114  ipc.o(.text)
    rt_sem_trytake                           0x08003383   Thumb Code     4  ipc.o(.text)
    rt_sem_release                           0x08003387   Thumb Code    60  ipc.o(.text)
    rt_sem_control                           0x080033c3   Thumb Code    46  ipc.o(.text)
    rt_mb_init                               0x080033f1   Thumb Code    48  ipc.o(.text)
    rt_mb_detach                             0x08003421   Thumb Code    28  ipc.o(.text)
    rt_mb_send_wait                          0x0800343d   Thumb Code   230  ipc.o(.text)
    rt_mb_send                               0x08003523   Thumb Code     4  ipc.o(.text)
    rt_mb_recv                               0x08003527   Thumb Code   234  ipc.o(.text)
    rt_mb_control                            0x08003611   Thumb Code    58  ipc.o(.text)
    rt_interrupt_enter                       0x08003669   Thumb Code    20  irq.o(.text)
    rt_interrupt_leave                       0x0800367d   Thumb Code    20  irq.o(.text)
    rt_interrupt_get_nest                    0x08003691   Thumb Code     6  irq.o(.text)
    rt_get_errno                             0x0800369d   Thumb Code    28  kservice.o(.text)
    rt_set_errno                             0x080036b9   Thumb Code    30  kservice.o(.text)
    _rt_errno                                0x080036d7   Thumb Code    26  kservice.o(.text)
    rt_memset                                0x080036f1   Thumb Code    66  kservice.o(.text)
    rt_memcpy                                0x08003733   Thumb Code    70  kservice.o(.text)
    rt_memmove                               0x08003779   Thumb Code    46  kservice.o(.text)
    rt_memcmp                                0x080037a7   Thumb Code    28  kservice.o(.text)
    rt_strlen                                0x080037c3   Thumb Code    16  kservice.o(.text)
    rt_strstr                                0x080037d3   Thumb Code    56  kservice.o(.text)
    rt_strcasecmp                            0x0800380b   Thumb Code    42  kservice.o(.text)
    rt_strncpy                               0x08003835   Thumb Code    40  kservice.o(.text)
    rt_strncmp                               0x0800385d   Thumb Code    36  kservice.o(.text)
    rt_strcmp                                0x08003881   Thumb Code    26  kservice.o(.text)
    rt_strnlen                               0x0800389b   Thumb Code    22  kservice.o(.text)
    rt_vsnprintf                             0x080039e9   Thumb Code   620  kservice.o(.text)
    rt_kprintf                               0x08003c55   Thumb Code    30  kservice.o(.text)
    rt_show_version                          0x08003c73   Thumb Code    38  kservice.o(.text)
    rt_snprintf                              0x08003c99   Thumb Code    14  kservice.o(.text)
    rt_vsprintf                              0x08003ca7   Thumb Code    10  kservice.o(.text)
    rt_sprintf                               0x08003cb1   Thumb Code    14  kservice.o(.text)
    rt_kputs                                 0x08003cbf   Thumb Code    12  kservice.o(.text)
    __rt_ffs                                 0x08003ccb   Thumb Code    60  kservice.o(.text)
    rt_system_object_init                    0x08003dc1   Thumb Code     2  object.o(.text)
    rt_object_get_information                0x08003dc3   Thumb Code    28  object.o(.text)
    rt_object_init                           0x08003ddf   Thumb Code    78  object.o(.text)
    rt_object_detach                         0x08003e2d   Thumb Code    36  object.o(.text)
    rt_object_is_systemobject                0x08003e51   Thumb Code    14  object.o(.text)
    rt_object_get_type                       0x08003e5f   Thumb Code     8  object.o(.text)
    rt_object_find                           0x08003e67   Thumb Code    70  object.o(.text)
    rt_system_scheduler_init                 0x08003eb1   Thumb Code    44  scheduler.o(.text)
    rt_system_scheduler_start                0x08003edd   Thumb Code    30  scheduler.o(.text)
    rt_schedule                              0x08003efb   Thumb Code    80  scheduler.o(.text)
    rt_schedule_insert_thread                0x08003f4b   Thumb Code    66  scheduler.o(.text)
    rt_schedule_remove_thread                0x08003f8d   Thumb Code    64  scheduler.o(.text)
    rt_enter_critical                        0x08003fcd   Thumb Code    20  scheduler.o(.text)
    rt_exit_critical                         0x08003fe1   Thumb Code    46  scheduler.o(.text)
    rt_critical_level                        0x0800400f   Thumb Code     8  scheduler.o(.text)
    rt_thread_exit                           0x08004025   Thumb Code    78  thread.o(.text)
    rt_thread_timeout                        0x08004073   Thumb Code    30  thread.o(.text)
    rt_thread_init                           0x08004091   Thumb Code    42  thread.o(.text)
    rt_thread_self                           0x080040bb   Thumb Code     6  thread.o(.text)
    rt_thread_resume                         0x080040c1   Thumb Code    60  thread.o(.text)
    rt_thread_startup                        0x080040fd   Thumb Code    40  thread.o(.text)
    rt_thread_detach                         0x08004125   Thumb Code    82  thread.o(.text)
    rt_thread_yield                          0x08004177   Thumb Code    86  thread.o(.text)
    rt_thread_suspend                        0x080041cd   Thumb Code    64  thread.o(.text)
    rt_thread_sleep                          0x0800420d   Thumb Code    60  thread.o(.text)
    rt_thread_delay                          0x08004249   Thumb Code     2  thread.o(.text)
    rt_thread_mdelay                         0x0800424b   Thumb Code    12  thread.o(.text)
    rt_thread_control                        0x08004257   Thumb Code    82  thread.o(.text)
    rt_thread_find                           0x080042a9   Thumb Code    78  thread.o(.text)
    rt_timer_init                            0x08004391   Thumb Code    54  timer.o(.text)
    rt_timer_detach                          0x080043c7   Thumb Code    32  timer.o(.text)
    rt_timer_start                           0x080043e7   Thumb Code   148  timer.o(.text)
    rt_timer_stop                            0x0800447b   Thumb Code    46  timer.o(.text)
    rt_timer_control                         0x080044a9   Thumb Code    50  timer.o(.text)
    rt_timer_check                           0x080044db   Thumb Code    98  timer.o(.text)
    rt_timer_next_timeout_tick               0x0800453d   Thumb Code    26  timer.o(.text)
    rt_system_timer_init                     0x08004557   Thumb Code    18  timer.o(.text)
    rt_system_timer_thread_init              0x08004569   Thumb Code     2  timer.o(.text)
    rt_hw_board_init                         0x080045b1   Thumb Code    54  board.o(.text)
    SysTick_Handler                          0x080045e7   Thumb Code    16  board.o(.text)
    UART1_IRQHandler                         0x080045f7   Thumb Code    48  board.o(.text)
    rt_hw_console_output                     0x08004627   Thumb Code    70  board.o(.text)
    rt_hw_console_getchar                    0x0800466d   Thumb Code    38  board.o(.text)
    hello                                    0x080046b1   Thumb Code    12  cmd.o(.text)
    version                                  0x080046bd   Thumb Code    10  cmd.o(.text)
    list_thread                              0x08004735   Thumb Code   258  cmd.o(.text)
    list_sem                                 0x08004837   Thumb Code   186  cmd.o(.text)
    list_mailbox                             0x080048f1   Thumb Code   192  cmd.o(.text)
    list_timer                               0x080049b1   Thumb Code   160  cmd.o(.text)
    list                                     0x08004a51   Thumb Code    50  cmd.o(.text)
    msh_is_used                              0x08004d79   Thumb Code     4  msh.o(.text)
    msh_help                                 0x08004d7d   Thumb Code    58  msh.o(.text)
    cmd_ps                                   0x08004db7   Thumb Code    10  msh.o(.text)
    msh_exec                                 0x08004dc1   Thumb Code    78  msh.o(.text)
    msh_auto_complete                        0x08004e0f   Thumb Code   150  msh.o(.text)
    finsh_get_prompt                         0x08005059   Thumb Code    70  shell.o(.text)
    finsh_get_prompt_mode                    0x0800509f   Thumb Code    14  shell.o(.text)
    finsh_set_prompt_mode                    0x080050ad   Thumb Code    22  shell.o(.text)
    finsh_set_echo                           0x080050c3   Thumb Code    22  shell.o(.text)
    finsh_get_echo                           0x080050d9   Thumb Code    14  shell.o(.text)
    finsh_thread_entry                       0x080050e7   Thumb Code   590  shell.o(.text)
    finsh_system_function_init               0x08005335   Thumb Code     6  shell.o(.text)
    finsh_system_var_init                    0x0800533b   Thumb Code     8  shell.o(.text)
    finsh_system_init                        0x08005343   Thumb Code    82  shell.o(.text)
    rt_ringbuffer_data_len                   0x080053f5   Thumb Code    52  ringbuf.o(.text)
    rt_ringbuffer_init                       0x08005429   Thumb Code    16  ringbuf.o(.text)
    rt_ringbuffer_putchar                    0x08005439   Thumb Code    68  ringbuf.o(.text)
    rt_ringbuffer_getchar                    0x0800547d   Thumb Code    62  ringbuf.o(.text)
    RTE_Call_ASW_Init                        0x080054bb   Thumb Code    12  rte_asw.o(.text)
    RTE_Call_ASW_MainFunction_1ms            0x080054c7   Thumb Code     8  rte_asw.o(.text)
    RTE_Call_ASW_MainFunction_5ms            0x080054cf   Thumb Code     8  rte_asw.o(.text)
    RTE_Call_ASW_MainFunction_10ms           0x080054d7   Thumb Code     8  rte_asw.o(.text)
    RTE_Call_ASW_MainFunction_1s             0x080054df   Thumb Code     8  rte_asw.o(.text)
    RTE_Call_PortIf_Get_S_out_state          0x080054e7   Thumb Code     8  rte_bsw.o(.text)
    RTE_Call_PortIf_Clear_S_out_state        0x080054ef   Thumb Code     8  rte_bsw.o(.text)
    RTE_Call_WdgM_Trigger                    0x080054f7   Thumb Code     8  rte_bsw.o(.text)
    RTE_Call_PwmIf_Set_Duty                  0x080054ff   Thumb Code     8  rte_bsw.o(.text)
    RTE_Call_DioIf_WriteChannel              0x08005507   Thumb Code     8  rte_bsw.o(.text)
    RTE_Call_DioIf_ReadChannel               0x0800550f   Thumb Code     8  rte_bsw.o(.text)
    RTE_Call_AdcM_Vlotage                    0x08005517   Thumb Code     8  rte_bsw.o(.text)
    RTE_Call_FlsIf_ErasePage                 0x0800551f   Thumb Code     8  rte_bsw.o(.text)
    RTE_Call_FlsIf_ProgramMultiple           0x08005527   Thumb Code     8  rte_bsw.o(.text)
    RTE_Call_FlsIf_ReadMultiple              0x0800552f   Thumb Code     8  rte_bsw.o(.text)
    AdcIf_Init                               0x08005539   Thumb Code   154  adcif.o(.text)
    AdcIf_DeInit                             0x080055d3   Thumb Code    16  adcif.o(.text)
    ADC_Update_Sequence                      0x080055e3   Thumb Code    46  adcif.o(.text)
    DMA_CH1_2_IRQHandler                     0x08005611   Thumb Code   150  adcif.o(.text)
    DioIf_WriteChannel                       0x08005729   Thumb Code    48  dioif.o(.text)
    DioIf_Init                               0x08005759   Thumb Code    30  dioif.o(.text)
    DioIf_DeInit                             0x08005777   Thumb Code    30  dioif.o(.text)
    DioIf_ReadChannel                        0x08005795   Thumb Code    50  dioif.o(.text)
    DioIfCfg_WritePin                        0x080057dd   Thumb Code    24  dioif_cfg.o(.text)
    DioIfCfg_ReadPin                         0x080057f5   Thumb Code    14  dioif_cfg.o(.text)
    NVIC_Configuration                       0x08005803   Thumb Code    18  nvic.o(.text)
    PortIf_Init                              0x08005815   Thumb Code    54  portif.o(.text)
    PortIf_SetPinMode                        0x0800584b   Thumb Code    46  portif.o(.text)
    PortIf_PortEXTI_Enable                   0x08005879   Thumb Code    10  portif.o(.text)
    PortIf_PortEXTI_Disable                  0x08005883   Thumb Code    12  portif.o(.text)
    EXTI4_15_IRQHandler                      0x0800588f   Thumb Code    30  portif.o(.text)
    PortIf_Get_S_out_state                   0x080058ad   Thumb Code     6  portif.o(.text)
    PortIf_Clear_S_out_state                 0x080058b3   Thumb Code     8  portif.o(.text)
    PortIfCfg_PinDrv_Init                    0x080058c5   Thumb Code   118  portif_cfg.o(.text)
    PwmIf_Init                               0x0800594d   Thumb Code    20  pwmif.o(.text)
    PwmIf_DeInit                             0x08005961   Thumb Code    80  pwmif.o(.text)
    PwmIf_Set_Duty                           0x080059b1   Thumb Code    50  pwmif.o(.text)
    TmrIf_Init                               0x08005c65   Thumb Code   104  timrif.o(.text)
    TmrIf_StartTimer                         0x08005ccd   Thumb Code    24  timrif.o(.text)
    TmrIf_DeInit                             0x08005ce5   Thumb Code     2  timrif.o(.text)
    TmrIf_DelayMs                            0x08005ce7   Thumb Code    18  timrif.o(.text)
    TIM2_IRQHandler                          0x08005cf9   Thumb Code    38  timrif.o(.text)
    WdgIf_ClrStatusFlg                       0x08005d35   Thumb Code    38  wdgif.o(.text)
    WdgIf_Init                               0x08005d5b   Thumb Code   118  wdgif.o(.text)
    WdgIf_Trigger                            0x08005dd1   Thumb Code    32  wdgif.o(.text)
    WdgIf_DeInit                             0x08005df1   Thumb Code    38  wdgif.o(.text)
    WdgIf_SetMode                            0x08005e17   Thumb Code     6  wdgif.o(.text)
    EcuM_InitOne                             0x08005e25   Thumb Code    32  ecum.o(.text)
    EcuM_InitTwo                             0x08005e45   Thumb Code    12  ecum.o(.text)
    EcuM_InitThree                           0x08005e51   Thumb Code     8  ecum.o(.text)
    EcuM_InitRT_Thread                       0x08005e9d   Thumb Code   204  n32_rt_thread_task.o(.text)
    WdgM_Init                                0x08005fc9   Thumb Code    14  wdgm.o(.text)
    WdgM_Trigger                             0x08005fd7   Thumb Code     8  wdgm.o(.text)
    FlsIf_ErasePage                          0x08005fe1   Thumb Code    32  flashif.o(.text)
    FlsIf_ProgramPage                        0x08006001   Thumb Code    56  flashif.o(.text)
    FlsIf_ProgramMultiple                    0x08006039   Thumb Code    68  flashif.o(.text)
    FlsIf_ReadPage                           0x0800607d   Thumb Code    22  flashif.o(.text)
    FlsIf_ReadMultiple                       0x08006093   Thumb Code    30  flashif.o(.text)
    calibration_crc32                        0x080060b1   Thumb Code    48  flashif.o(.text)
    FlsIf_Version_Init                       0x080060e1   Thumb Code    76  flashif.o(.text)
    FlsIf_cali_voltage_Init                  0x0800612d   Thumb Code   214  flashif.o(.text)
    FlsIf_cali_current_Init                  0x08006203   Thumb Code   222  flashif.o(.text)
    FlsIf_Init                               0x080062e1   Thumb Code    22  flashif.o(.text)
    sortDesc                                 0x080064a9   Thumb Code    44  adcf.o(.text)
    ADCF_CalculateIntAverage_Conversion      0x080064d5   Thumb Code    32  adcf.o(.text)
    hard_root                                0x080064f5   Thumb Code    42  adcf.o(.text)
    threadHold_check_u32                     0x0800651f   Thumb Code    24  adcf.o(.text)
    AdcM_get_Voltage_update                  0x08006539   Thumb Code   106  adcm.o(.text)
    AdcM_get_Current_update                  0x08006793   Thumb Code   146  adcm.o(.text)
    AdcM_get_CP_update                       0x08006b67   Thumb Code    70  adcm.o(.text)
    AdcM_get_NTC1Temp_update                 0x08006bad   Thumb Code    46  adcm.o(.text)
    AdcM_get_Ground_update                   0x08006cdd   Thumb Code    52  adcm.o(.text)
    AdcM_get_EvdiodeCHK_update               0x08006d11   Thumb Code    70  adcm.o(.text)
    AdcM_get_RelayCHK_update                 0x08006e53   Thumb Code    52  adcm.o(.text)
    AdcM_get_MCUTemp_update                  0x08006e87   Thumb Code    50  adcm.o(.text)
    AdcM_get_ShortCircuit_update             0x08006f6b   Thumb Code    56  adcm.o(.text)
    AdcM_CallbackSampleValue                 0x08006fa3   Thumb Code   174  adcm.o(.text)
    AdcM_GetValidValue                       0x08007051   Thumb Code    72  adcm.o(.text)
    chargingStateMachineInit                 0x08007191   Thumb Code    20  chargemanager.o(.text)
    Enter_RunningChargingMode                0x080071a5   Thumb Code    18  chargemanager.o(.text)
    Enter_RunningDischargingMode             0x080071b7   Thumb Code    18  chargemanager.o(.text)
    chargingStateMachine_setcalibration      0x080071c9   Thumb Code     6  chargemanager.o(.text)
    chargingStateMachine_setfactory          0x080071cf   Thumb Code     6  chargemanager.o(.text)
    chargingStateMachineHandler              0x080071d5   Thumb Code   314  chargemanager.o(.text)
    getSysState                              0x0800730f   Thumb Code     6  chargemanager.o(.text)
    APP_ChargeManagerInit                    0x08007315   Thumb Code     4  chargemanager.o(.text)
    APP_ChargeManageMain                     0x08007319   Thumb Code     6  chargemanager.o(.text)
    APP_CHG_EventPubTopic                    0x0800747f   Thumb Code    10  charging.o(.text)
    APP_CHG_EventPub                         0x080075b5   Thumb Code     8  charging.o(.text)
    APP_CHG_StateMachineDispatch             0x080075bd   Thumb Code    62  charging.o(.text)
    APP_CHG_StateMachineInit                 0x080075fb   Thumb Code    12  charging.o(.text)
    APP_CHG_GetChargeStatus                  0x08007607   Thumb Code     8  charging.o(.text)
    APP_CHG_GetStatusLED                     0x0800760f   Thumb Code    48  charging.o(.text)
    APP_CHG_GetDiodeStatus                   0x0800763f   Thumb Code     6  charging.o(.text)
    APP_CHG_GetFault                         0x08007645   Thumb Code     8  charging.o(.text)
    APP_CHG_IsFaultPresent                   0x0800764d   Thumb Code    22  charging.o(.text)
    APP_CHG_IsAnyFaultPresent                0x08007663   Thumb Code    14  charging.o(.text)
    APP_DISCHG_EventPubTopic                 0x080076f5   Thumb Code    10  charging.o(.text)
    APP_DISCHG_EventPub                      0x080076ff   Thumb Code     8  charging.o(.text)
    APP_DISCHG_StateMachineDispatch          0x08007707   Thumb Code   354  charging.o(.text)
    APP_DISCHG_StateMachineInit              0x08007869   Thumb Code    10  charging.o(.text)
    APP_DISCHG_GetChargeStatus               0x08007873   Thumb Code     6  charging.o(.text)
    APP_DISCHG_GetStatusLED                  0x08007879   Thumb Code    34  charging.o(.text)
    APP_DISCHG_GetFault                      0x0800789b   Thumb Code     8  charging.o(.text)
    APP_DISCHG_IsFaultPresent                0x080078a3   Thumb Code    22  charging.o(.text)
    APP_DISCHG_IsAnyFaultPresent             0x080078b9   Thumb Code    14  charging.o(.text)
    APP_DISCHG_SessionStart                  0x080078c7   Thumb Code     2  charging.o(.text)
    APP_DISCHG_SessionStop                   0x080078c9   Thumb Code    10  charging.o(.text)
    Adapter_detection_current_Init           0x08007935   Thumb Code     8  cp.o(.text)
    Get_Adapter_detection_current            0x0800793d   Thumb Code     4  cp.o(.text)
    APP_CP_SetState                          0x08007941   Thumb Code    62  cp.o(.text)
    APP_Adapter_detection                    0x0800797f   Thumb Code    78  cp.o(.text)
    APP_CP_DetectCPState                     0x080079cd   Thumb Code    82  cp.o(.text)
    APP_CP_Task                              0x08007bc7   Thumb Code    36  cp.o(.text)
    APP_CP_GetCurrentStatus                  0x08007beb   Thumb Code     6  cp.o(.text)
    APP_DIAG_CHG_LeakageCheck_Init           0x08007d65   Thumb Code     8  diag.o(.text)
    APP_DIAG_CHG_LeakageCheck_Start          0x08007d6d   Thumb Code     6  diag.o(.text)
    APP_DIAG_CHG_LeakageCheck                0x08007d73   Thumb Code   104  diag.o(.text)
    APP_DIAG_CHG_ShortCircuit_Init           0x08007ddb   Thumb Code    10  diag.o(.text)
    APP_DIAG_ShortCircuit_Start              0x08007de5   Thumb Code    18  diag.o(.text)
    APP_DIAG_CHG_ShortCircuit_Trigger        0x08007df7   Thumb Code    36  diag.o(.text)
    APP_DIAG_CHG_ShortCircuit_Check          0x08007e1b   Thumb Code    58  diag.o(.text)
    APP_DIAG_CHG_ShortCircuit_GetFaultStatus 0x08007e55   Thumb Code     4  diag.o(.text)
    APP_DIAG_CHG_ShortCircuit_Update         0x08007e59   Thumb Code   122  diag.o(.text)
    APP_DIAG_CHG_RelayFault_Init             0x08007ed3   Thumb Code    16  diag.o(.text)
    APP_DIAG_CHG_RelayFaultProcess           0x08007ee3   Thumb Code   124  diag.o(.text)
    APP_DIAG_CHG_isRelayFaultActive          0x08007f5f   Thumb Code     6  diag.o(.text)
    getRelayFaultState                       0x08007f65   Thumb Code     4  diag.o(.text)
    APP_DIAG_CHG_HandleRelayProtection       0x08007f69   Thumb Code    86  diag.o(.text)
    APP_DIAG_CHG_RelayCheck                  0x08007fbf   Thumb Code    94  diag.o(.text)
    APP_DIAG_CHG_voltageProtector_Init       0x0800801d   Thumb Code    14  diag.o(.text)
    checkVoltageStatus                       0x0800802b   Thumb Code    38  diag.o(.text)
    APP_DIAG_CHG_VoltageProtectionHandler    0x08008051   Thumb Code   148  diag.o(.text)
    APP_DIAG_CHG_VoltageProtectionGetAlarmStatus 0x080080e5   Thumb Code     6  diag.o(.text)
    APP_DIAG_CHG_HandleVoltageProtection     0x080080eb   Thumb Code    86  diag.o(.text)
    APP_DIAG_CHG_VoltageCheck                0x08008141   Thumb Code    52  diag.o(.text)
    APP_DIAG_CHG_MCUTempFault_Init           0x08008175   Thumb Code    92  diag.o(.text)
    APP_DIAG_CHG_MCUTempFaultProcess         0x080081d1   Thumb Code   138  diag.o(.text)
    APP_DIAG_CHG_isMCUTempFaultActive        0x0800825b   Thumb Code     6  diag.o(.text)
    APP_DIAG_CHG_MCUgetTempFaultState        0x08008261   Thumb Code     6  diag.o(.text)
    APP_DIAG_CHG_HandleOverMCUTempProtection 0x08008267   Thumb Code    86  diag.o(.text)
    APP_DIAG_CHG_MCUTempCheck                0x080082bd   Thumb Code    60  diag.o(.text)
    APP_DIAG_CHG_NTC1TempFault_Init          0x080082f9   Thumb Code    50  diag.o(.text)
    APP_DIAG_CHG_NTC1TempFaultProcess        0x0800832b   Thumb Code   146  diag.o(.text)
    APP_DIAG_CHG_isNTC1TempFaultActive       0x080083bd   Thumb Code     6  diag.o(.text)
    APP_DIAG_CHG_getNTC1TempFaultState       0x080083c3   Thumb Code     6  diag.o(.text)
    APP_DIAG_CHG_HandleOverNTC1TempProtection 0x080083c9   Thumb Code    86  diag.o(.text)
    APP_DIAG_CHG_NTC1TempCheck               0x0800841f   Thumb Code    60  diag.o(.text)
    APP_DIAG_CHG_GroundFault_Init            0x0800845b   Thumb Code    26  diag.o(.text)
    APP_DIAG_CHG_GroundFaultHandler          0x08008475   Thumb Code   130  diag.o(.text)
    APP_DIAG_CHG_GroundFaultIsLocked         0x080084f7   Thumb Code     6  diag.o(.text)
    APP_DIAG_CHG_HandleGroundProtection      0x080084fd   Thumb Code    86  diag.o(.text)
    APP_DIAG_CHG_GroundCheck                 0x08008553   Thumb Code    76  diag.o(.text)
    APP_DIAG_CHG_CurProtector_Init           0x0800859f   Thumb Code   112  diag.o(.text)
    APP_DIAG_CHG_CurProtector_Init2          0x0800860f   Thumb Code   152  diag.o(.text)
    APP_DIAG_CHG_CurProtector_Set            0x080086a7   Thumb Code    36  diag.o(.text)
    APP_DIAG_CHG_CurProcess                  0x080086cb   Thumb Code   374  diag.o(.text)
    APP_DIAG_CHG_CurIsFaultActive            0x08008841   Thumb Code     6  diag.o(.text)
    APP_DIAG_CHG_CurIsChargingLocked         0x08008847   Thumb Code     6  diag.o(.text)
    APP_DIAG_CHG_CurReset                    0x0800884d   Thumb Code    28  diag.o(.text)
    APP_DIAG_CHG_CurHandleOverCurrentProtection 0x08008869   Thumb Code   118  diag.o(.text)
    APP_DIAG_CHG_OverCurrentCheck            0x080088df   Thumb Code    56  diag.o(.text)
    APP_DIAG_DISCHG_LeakageCheck_Init        0x08008917   Thumb Code    12  diag.o(.text)
    APP_DIAG_DISCHG_LeakageCheck_Start       0x08008923   Thumb Code     8  diag.o(.text)
    APP_DIAG_DISCHG_LeakageCheck             0x0800892b   Thumb Code   114  diag.o(.text)
    APP_DIAG_DISCHG_VoltageProtection_Init   0x0800899d   Thumb Code    26  diag.o(.text)
    APP_DIAG_DISCHG_checkVoltageStatus       0x080089b7   Thumb Code    38  diag.o(.text)
    APP_DIAG_DISCHG_VoltageProtectionHandler 0x080089dd   Thumb Code   154  diag.o(.text)
    APP_DIAG_DISCHG_VoltageProtectionGetAlarmStatus 0x08008a77   Thumb Code     8  diag.o(.text)
    APP_DIAG_DISCHG_HandleVoltageProtection  0x08008a7f   Thumb Code   124  diag.o(.text)
    APP_DIAG_DISCHG_VoltageCheck             0x08008afb   Thumb Code    68  diag.o(.text)
    APP_DIAG_DISCHG_MCUTempFault_Init        0x08008b3f   Thumb Code    56  diag.o(.text)
    APP_DIAG_DISCHG_MCUTempFaultProcess      0x08008b77   Thumb Code   152  diag.o(.text)
    APP_DIAG_DISCHG_isMCUTempFaultActive     0x08008c0f   Thumb Code     8  diag.o(.text)
    APP_DIAG_DISCHG_getMCUTempFaultState     0x08008c17   Thumb Code     8  diag.o(.text)
    APP_DIAG_DISCHG_HandleOverMCUTempProtection 0x08008c1f   Thumb Code    86  diag.o(.text)
    APP_DIAG_DISCHG_MCUTempCheck             0x08008c75   Thumb Code    60  diag.o(.text)
    APP_DIAG_DISCHG_NTC1TempFault_Init       0x08008cb1   Thumb Code    54  diag.o(.text)
    APP_DIAG_DISCHG_NTC1TempFaultProcess     0x08008ce7   Thumb Code   150  diag.o(.text)
    APP_DIAG_DISCHG_isNTC1TempFaultActive    0x08008d7d   Thumb Code     8  diag.o(.text)
    APP_DIAG_DISCHG_getNTC1TempFaultState    0x08008d85   Thumb Code     8  diag.o(.text)
    APP_DIAG_DISCHG_HandleOverNTC1TempProtection 0x08008d8d   Thumb Code    86  diag.o(.text)
    APP_DIAG_DISCHG_NTC1TempCheck            0x08008de3   Thumb Code    62  diag.o(.text)
    APP_DIAG_DISCHG_CurProtector_Init        0x08008e21   Thumb Code    84  diag.o(.text)
    APP_DIAG_DISCHG_CurProtector_Init2       0x08008e75   Thumb Code    82  diag.o(.text)
    APP_DIAG_DISCHG_CurProcess               0x08008ec7   Thumb Code   342  diag.o(.text)
    APP_DIAG_DISCHG_CurIsFaultActive         0x0800901d   Thumb Code     8  diag.o(.text)
    APP_DIAG_DISCHG_CurIsLocked              0x08009025   Thumb Code     8  diag.o(.text)
    APP_DIAG_DISCHG_CurReset                 0x0800902d   Thumb Code    30  diag.o(.text)
    APP_DIAG_DISCHG_HandleOverCurrentProtection 0x0800904b   Thumb Code   118  diag.o(.text)
    APP_DIAG_DISCHG_OverCurrentCheck         0x080090c1   Thumb Code    54  diag.o(.text)
    APP_DIAG_CHG_Init                        0x080090f7   Thumb Code    76  diag.o(.text)
    APP_DIAG_CHG_Update                      0x08009143   Thumb Code    52  diag.o(.text)
    APP_DIAG_DISCHG_Init                     0x08009177   Thumb Code    58  diag.o(.text)
    APP_DIAG_DISCHG_Update                   0x080091b1   Thumb Code    30  diag.o(.text)
    APP_Diag_ChargeManageMain_1ms            0x080091cf   Thumb Code    16  diag.o(.text)
    APP_DiodeCheck_Init                      0x08009221   Thumb Code    30  diodecheck.o(.text)
    APP_DiodeCheck_Start                     0x0800923f   Thumb Code    22  diodecheck.o(.text)
    APP_Diode_Check                          0x08009255   Thumb Code    48  diodecheck.o(.text)
    APP_DiodeCheck_GetFaultStatus            0x08009285   Thumb Code     6  diodecheck.o(.text)
    APP_DiodeCheck_Update                    0x0800928b   Thumb Code   104  diodecheck.o(.text)
    factory_entry_mode                       0x0800938d   Thumb Code    30  factory.o(.text)
    factory_exit_mode                        0x080093ab   Thumb Code    18  factory.o(.text)
    get_factory_mode_status                  0x080093bd   Thumb Code    38  factory.o(.text)
    Led_Set_Mode                             0x08009589   Thumb Code    98  led.o(.text)
    led_auto                                 0x080096d7   Thumb Code   250  led.o(.text)
    Led_MainFunction                         0x080099c3   Thumb Code    66  led.o(.text)
    APP_Led_Init                             0x08009a05   Thumb Code    50  led.o(.text)
    log_init                                 0x08009a3d   Thumb Code   116  log.o(.text)
    fputc                                    0x08009ab1   Thumb Code    80  log.o(.text)
    Log_Printf_Main                          0x08009b01   Thumb Code   290  log.o(.text)
    calibration_vol_set                      0x0800a1e9   Thumb Code   112  log.o(.text)
    calibration_vol_clear                    0x0800a259   Thumb Code    34  log.o(.text)
    calibration_cur_set                      0x0800a27b   Thumb Code   982  log.o(.text)
    calibration_cur_clear                    0x0800a651   Thumb Code    34  log.o(.text)
    get_calibration_mode_status              0x0800a673   Thumb Code    22  log.o(.text)
    Calibration_Update                       0x0800a87b   Thumb Code    88  log.o(.text)
    PreCheck_Charging_Init                   0x0800ab29   Thumb Code    28  precheck.o(.text)
    PreCheck_Charging_Start                  0x0800ab45   Thumb Code    20  precheck.o(.text)
    PreCheck_Charging_Update                 0x0800ab59   Thumb Code   216  precheck.o(.text)
    PreCheck_Discharging_Init                0x0800ac31   Thumb Code    28  precheck.o(.text)
    PreCheck_Discharging_Start               0x0800ac4d   Thumb Code    20  precheck.o(.text)
    PreCheck_Discharging_Update              0x0800ac61   Thumb Code   112  precheck.o(.text)
    APP_RelayTask                            0x0800ae39   Thumb Code   152  rly.o(.text)
    Relay_hold_on                            0x0800aed1   Thumb Code    14  rly.o(.text)
    Relay_hold_off                           0x0800aedf   Thumb Code    14  rly.o(.text)
    Relay_delay_hold_off                     0x0800aeed   Thumb Code    16  rly.o(.text)
    SelfTest_Charging_Init                   0x0800af01   Thumb Code    16  selfcheck.o(.text)
    SelfTest_Charging_Start                  0x0800af11   Thumb Code    22  selfcheck.o(.text)
    POST_CheckGunInsertion                   0x0800af27   Thumb Code    34  selfcheck.o(.text)
    ShortCircuit_GettestResults              0x0800af49   Thumb Code     4  selfcheck.o(.text)
    SelfTest_Charging_Update                 0x0800afcd   Thumb Code   456  selfcheck.o(.text)
    SelfTest_Discharging_Init                0x0800b195   Thumb Code    34  selfcheck.o(.text)
    SelfTest_Discharging_Start               0x0800b1b7   Thumb Code    24  selfcheck.o(.text)
    SelfTest_Discharging_FaultMap            0x0800b1cf   Thumb Code    12  selfcheck.o(.text)
    SelfTest_Discharging_Update              0x0800b1db   Thumb Code   226  selfcheck.o(.text)
    __aeabi_uidiv                            0x0800b485   Thumb Code     0  uidiv.o(.text)
    __aeabi_uidivmod                         0x0800b485   Thumb Code    44  uidiv.o(.text)
    __aeabi_idiv                             0x0800b4b1   Thumb Code     0  idiv.o(.text)
    __aeabi_idivmod                          0x0800b4b1   Thumb Code    40  idiv.o(.text)
    __aeabi_memcpy                           0x0800b4d9   Thumb Code    36  memcpya.o(.text)
    __aeabi_memcpy4                          0x0800b4d9   Thumb Code     0  memcpya.o(.text)
    __aeabi_memcpy8                          0x0800b4d9   Thumb Code     0  memcpya.o(.text)
    __aeabi_memset                           0x0800b4fd   Thumb Code    14  memseta.o(.text)
    __aeabi_memset4                          0x0800b4fd   Thumb Code     0  memseta.o(.text)
    __aeabi_memset8                          0x0800b4fd   Thumb Code     0  memseta.o(.text)
    __aeabi_memclr                           0x0800b50b   Thumb Code     4  memseta.o(.text)
    __aeabi_memclr4                          0x0800b50b   Thumb Code     0  memseta.o(.text)
    __aeabi_memclr8                          0x0800b50b   Thumb Code     0  memseta.o(.text)
    _memset$wrapper                          0x0800b50f   Thumb Code    18  memseta.o(.text)
    strcat                                   0x0800b521   Thumb Code    24  strcat.o(.text)
    strncpy                                  0x0800b539   Thumb Code    26  strncpy.o(.text)
    strlen                                   0x0800b553   Thumb Code    14  strlen.o(.text)
    memcmp                                   0x0800b561   Thumb Code    26  memcmp.o(.text)
    strcpy                                   0x0800b57b   Thumb Code    18  strcpy.o(.text)
    strncmp                                  0x0800b58d   Thumb Code    30  strncmp.o(.text)
    atoi                                     0x0800b5ab   Thumb Code    26  atoi.o(.text)
    __aeabi_fadd                             0x0800b5c5   Thumb Code   162  fadd.o(.text)
    __aeabi_fsub                             0x0800b667   Thumb Code     8  fadd.o(.text)
    __aeabi_frsub                            0x0800b66f   Thumb Code     8  fadd.o(.text)
    __aeabi_fmul                             0x0800b677   Thumb Code   122  fmul.o(.text)
    __aeabi_fdiv                             0x0800b6f1   Thumb Code   124  fdiv.o(.text)
    __aeabi_dadd                             0x0800b76d   Thumb Code   330  dadd.o(.text)
    __aeabi_dsub                             0x0800b8b7   Thumb Code    12  dadd.o(.text)
    __aeabi_drsub                            0x0800b8c3   Thumb Code    12  dadd.o(.text)
    __aeabi_dmul                             0x0800b8d5   Thumb Code   202  dmul.o(.text)
    __aeabi_ddiv                             0x0800b9a5   Thumb Code   234  ddiv.o(.text)
    __ARM_scalbn                             0x0800ba95   Thumb Code    44  dscalb.o(.text)
    scalbn                                   0x0800ba95   Thumb Code     0  dscalb.o(.text)
    __aeabi_i2f                              0x0800bac1   Thumb Code    22  fflti.o(.text)
    __aeabi_ui2f                             0x0800bad7   Thumb Code    14  ffltui.o(.text)
    __aeabi_ui2d                             0x0800bae5   Thumb Code    24  dfltui.o(.text)
    __aeabi_f2iz                             0x0800bb01   Thumb Code    50  ffixi.o(.text)
    __aeabi_f2uiz                            0x0800bb33   Thumb Code    40  ffixui.o(.text)
    __aeabi_d2uiz                            0x0800bb5d   Thumb Code    50  dfixui.o(.text)
    __aeabi_f2d                              0x0800bb99   Thumb Code    40  f2d.o(.text)
    __aeabi_d2f                              0x0800bbc1   Thumb Code    56  d2f.o(.text)
    __aeabi_cfcmpeq                          0x0800bbf9   Thumb Code     0  cfcmple.o(.text)
    __aeabi_cfcmple                          0x0800bbf9   Thumb Code    20  cfcmple.o(.text)
    __aeabi_cfrcmple                         0x0800bc0d   Thumb Code    20  cfrcmple.o(.text)
    __aeabi_llsl                             0x0800bc21   Thumb Code    32  llshl.o(.text)
    _ll_shift_l                              0x0800bc21   Thumb Code     0  llshl.o(.text)
    __aeabi_llsr                             0x0800bc41   Thumb Code    34  llushr.o(.text)
    _ll_ushift_r                             0x0800bc41   Thumb Code     0  llushr.o(.text)
    __aeabi_lasr                             0x0800bc63   Thumb Code    38  llsshr.o(.text)
    _ll_sshift_r                             0x0800bc63   Thumb Code     0  llsshr.o(.text)
    strtol                                   0x0800bc89   Thumb Code   108  strtol.o(.text)
    __I$use$fp                               0x0800bcf9   Thumb Code     0  iusefp.o(.text)
    _float_round                             0x0800bcf9   Thumb Code    16  fepilogue.o(.text)
    _float_epilogue                          0x0800bd09   Thumb Code   114  fepilogue.o(.text)
    _double_round                            0x0800bd7b   Thumb Code    26  depilogue.o(.text)
    _double_epilogue                         0x0800bd95   Thumb Code   164  depilogue.o(.text)
    _dsqrt                                   0x0800be39   Thumb Code   162  dsqrt.o(.text)
    __scatterload                            0x0800bedd   Thumb Code    28  init.o(.text)
    __scatterload_rt2                        0x0800bedd   Thumb Code     0  init.o(.text)
    __rt_ctype_table                         0x0800bf01   Thumb Code     4  ctype_o.o(.text)
    _strtoul                                 0x0800bf09   Thumb Code   166  _strtoul.o(.text)
    _chval                                   0x0800bfaf   Thumb Code    30  _chval.o(.text)
    __decompress                             0x0800bfcd   Thumb Code     0  __dczerorl2.o(.text)
    __decompress1                            0x0800bfcd   Thumb Code    86  __dczerorl2.o(.text)
    __ARM_clz                                0x0800c023   Thumb Code    46  depilogue.o(i.__ARM_clz)
    __ARM_common_switch8                     0x0800c051   Thumb Code    26  adcif.o(i.__ARM_common_switch8)
    __aeabi_errno_addr                       0x0800c06d   Thumb Code     4  errno.o(i.__aeabi_errno_addr)
    __rt_errno_addr                          0x0800c06d   Thumb Code     0  errno.o(i.__aeabi_errno_addr)
    __scatterload_copy                       0x0800c075   Thumb Code    14  handlers.o(i.__scatterload_copy)
    __scatterload_null                       0x0800c083   Thumb Code     2  handlers.o(i.__scatterload_null)
    __scatterload_zeroinit                   0x0800c085   Thumb Code    14  handlers.o(i.__scatterload_zeroinit)
    __set_errno                              0x0800c095   Thumb Code     6  errno.o(i.__set_errno)
    sqrt                                     0x0800c0a1   Thumb Code    66  sqrt.o(i.sqrt)
    __lowest_bit_bitmap                      0x0800c108   Data         256  kservice.o(.constdata)
    __fsym_hello_name                        0x0800c22a   Data           6  cmd.o(.constdata)
    __fsym_version_name                      0x0800c230   Data           8  cmd.o(.constdata)
    __fsym___cmd_version_name                0x0800c238   Data          14  cmd.o(.constdata)
    __fsym_list_thread_name                  0x0800c246   Data          12  cmd.o(.constdata)
    __fsym___cmd_list_thread_name            0x0800c252   Data          18  cmd.o(.constdata)
    __fsym_list_sem_name                     0x0800c264   Data           9  cmd.o(.constdata)
    __fsym___cmd_list_sem_name               0x0800c26d   Data          15  cmd.o(.constdata)
    __fsym_list_mailbox_name                 0x0800c27c   Data          13  cmd.o(.constdata)
    __fsym___cmd_list_mailbox_name           0x0800c289   Data          19  cmd.o(.constdata)
    __fsym_list_timer_name                   0x0800c29c   Data          11  cmd.o(.constdata)
    __fsym___cmd_list_timer_name             0x0800c2a7   Data          17  cmd.o(.constdata)
    __fsym_list_name                         0x0800c2b8   Data           5  cmd.o(.constdata)
    __fsym___cmd_help_name                   0x0800c2bd   Data          11  msh.o(.constdata)
    __fsym___cmd_ps_name                     0x0800c2c8   Data           9  msh.o(.constdata)
    SeqTbl                                   0x0800c2d1   Data           9  adcif.o(.constdata)
    stDioIfCfg                               0x0800c2da   Data          15  dioif_cfg.o(.constdata)
    g_PortInitConfigTable                    0x0800c2ec   Data         532  portif_cfg.o(.constdata)
    g_Port_CP_ConfigTable                    0x0800c500   Data          56  portif_cfg.o(.constdata)
    g_Port_Rly_ConfigTable                   0x0800c538   Data          56  portif_cfg.o(.constdata)
    g_Port_LED_ConfigTable                   0x0800c570   Data         168  portif_cfg.o(.constdata)
    __fsym___cmd_factory_name                0x0800c7b0   Data          14  factory.o(.constdata)
    __fsym___cmd_inject_name                 0x0800c7be   Data          13  log.o(.constdata)
    __fsym___cmd_calibration_name            0x0800c7cb   Data          18  log.o(.constdata)
    __fsym___cmd_restart_name                0x0800c7dd   Data          14  log.o(.constdata)
    __fsym___cmd_relay_name                  0x0800c7eb   Data          12  log.o(.constdata)
    __ctype_table                            0x0800c7f7   Data         129  ctype_o.o(.constdata)
    __rt_init_rti_start                      0x0800cb94   Data           4  components.o(.rti_fn.0)
    __rt_init_rti_board_start                0x0800cb98   Data           4  components.o(.rti_fn.0.end)
    __rt_init_rti_board_end                  0x0800cb9c   Data           4  components.o(.rti_fn.1.end)
    __rt_init_finsh_system_init              0x0800cba0   Data           4  shell.o(.rti_fn.6)
    __rt_init_rti_end                        0x0800cba4   Data           4  components.o(.rti_fn.6.end)
    FSymTab$$Base                            0x0800cba8   Number         0  cmd.o(FSymTab)
    __fsym_hello                             0x0800cba8   Data           8  cmd.o(FSymTab)
    __fsym_version                           0x0800cbb0   Data           8  cmd.o(FSymTab)
    __fsym___cmd_version                     0x0800cbb8   Data           8  cmd.o(FSymTab)
    __fsym_list_thread                       0x0800cbc0   Data           8  cmd.o(FSymTab)
    __fsym___cmd_list_thread                 0x0800cbc8   Data           8  cmd.o(FSymTab)
    __fsym_list_sem                          0x0800cbd0   Data           8  cmd.o(FSymTab)
    __fsym___cmd_list_sem                    0x0800cbd8   Data           8  cmd.o(FSymTab)
    __fsym_list_mailbox                      0x0800cbe0   Data           8  cmd.o(FSymTab)
    __fsym___cmd_list_mailbox                0x0800cbe8   Data           8  cmd.o(FSymTab)
    __fsym_list_timer                        0x0800cbf0   Data           8  cmd.o(FSymTab)
    __fsym___cmd_list_timer                  0x0800cbf8   Data           8  cmd.o(FSymTab)
    __fsym_list                              0x0800cc00   Data           8  cmd.o(FSymTab)
    __fsym___cmd_help                        0x0800cc08   Data           8  msh.o(FSymTab)
    __fsym___cmd_ps                          0x0800cc10   Data           8  msh.o(FSymTab)
    __fsym___cmd_factory                     0x0800cc18   Data           8  factory.o(FSymTab)
    __fsym___cmd_inject                      0x0800cc20   Data           8  log.o(FSymTab)
    __fsym___cmd_calibration                 0x0800cc28   Data           8  log.o(FSymTab)
    __fsym___cmd_restart                     0x0800cc30   Data           8  log.o(FSymTab)
    __fsym___cmd_relay                       0x0800cc38   Data           8  log.o(FSymTab)
    FSymTab$$Limit                           0x0800cc40   Number         0  log.o(FSymTab)
    Region$$Table$$Base                      0x0800cc40   Number         0  anon$$obj.o(Region$$Table)
    Region$$Table$$Limit                     0x0800cc60   Number         0  anon$$obj.o(Region$$Table)
    SystemCoreClock                          0x20000000   Data           4  system_n32g05x.o(.data)
    rt_interrupt_from_thread                 0x20000004   Data           4  cpuport.o(.data)
    rt_interrupt_to_thread                   0x20000008   Data           4  cpuport.o(.data)
    rt_thread_switch_interrupt_flag          0x2000000c   Data           4  cpuport.o(.data)
    rt_interrupt_nest                        0x20000014   Data           1  irq.o(.data)
    rt_current_priority                      0x2000005c   Data           1  scheduler.o(.data)
    rt_current_thread                        0x20000060   Data           4  scheduler.o(.data)
    rt_thread_ready_priority_group           0x20000064   Data           4  scheduler.o(.data)
    rt_thread_defunct                        0x20000068   Data           8  scheduler.o(.data)
    _syscall_table_begin                     0x2000007c   Data           4  shell.o(.data)
    _syscall_table_end                       0x20000080   Data           4  shell.o(.data)
    _sysvar_table_begin                      0x20000084   Data           4  shell.o(.data)
    _sysvar_table_end                        0x20000088   Data           4  shell.o(.data)
    shell                                    0x20000090   Data           4  shell.o(.data)
    S_out_Flag                               0x20000098   Data           1  portif.o(.data)
    OC1                                      0x20000099   Data           1  pwmif.o(.data)
    OC2                                      0x2000009a   Data           1  pwmif.o(.data)
    OC3                                      0x2000009b   Data           1  pwmif.o(.data)
    T5CCR3_Val                               0x2000009c   Data           2  pwmif.o(.data)
    T4CCR1_Val                               0x2000009e   Data           2  pwmif.o(.data)
    T3CCR1_Val                               0x200000a0   Data           2  pwmif.o(.data)
    T3CCR2_Val                               0x200000a2   Data           2  pwmif.o(.data)
    T2CCR2_Val                               0x200000a4   Data           2  pwmif.o(.data)
    CCR1_Val                                 0x200000a8   Data           2  timrif.o(.data)
    TmrIf_systick_cnt                        0x200000ac   Data           4  timrif.o(.data)
    LsiFreq                                  0x200000b4   Data           4  wdgif.o(.data)
    table1                                   0x200000e8   Data         248  adcm.o(.data)
    table2                                   0x200001e0   Data         248  adcm.o(.data)
    DischgorchgSysState                      0x200002d8   Data           1  chargemanager.o(.data)
    chargingevt                              0x200002e2   Data           4  charging.o(.data)
    dischargingevt                           0x200002ec   Data           4  charging.o(.data)
    st_Adapter_state_machine                 0x200002fe   Data           4  cp.o(.data)
    factory_code                             0x20000324   Data           8  factory.o(.data)
    factory_Manager                          0x2000032c   Data           8  factory.o(.data)
    Led_Op                                   0x20000334   Data           1  led.o(.data)
    Led_FaultCode                            0x20000338   Data           4  led.o(.data)
    gRelayControl                            0x20000344   Data          16  rly.o(.data)
    main_thread                              0x20000478   Data         120  components.o(.bss)
    rt_thread_priority_table                 0x20000668   Data          64  scheduler.o(.bss)
    _shell                                   0x200009a4   Data         120  shell.o(.bss)
    uart_rxcb                                0x20000a1c   Data          12  ringbuf.o(.bss)
    uart_rx_buf                              0x20000a28   Data         256  rtuart.o(.bss)
    shell_rx_sem                             0x20000b28   Data          32  rtuart.o(.bss)
    AdcIf_ConvResult                         0x20000b48   Data          20  adcif.o(.bss)
    ADCM_t                                   0x20001fc4   Data        2376  adcm.o(.bss)
    AdcM_ADC_Val                             0x2000290c   Data          48  adcm.o(.bss)
    machine                                  0x2000293c   Data          20  chargemanager.o(.bss)
    st_cp_state_machine                      0x20002950   Data          12  cp.o(.bss)
    Diagnostic_Manager                       0x2000295c   Data         396  diag.o(.bss)
    Led_R                                    0x20002af8   Data          40  led.o(.bss)
    Led_G                                    0x20002b20   Data          40  led.o(.bss)
    Led_B                                    0x20002b48   Data          40  led.o(.bss)
    calibration_Manager                      0x20002b70   Data          16  log.o(.bss)
    Pre_Manager                              0x20002b80   Data          24  precheck.o(.bss)
    Self_Manager                             0x20002b98   Data          40  selfcheck.o(.bss)
    __initial_sp                             0x200030c0   Data           0  startup_n32g05x.o(STACK)



==============================================================================

Memory Map of the image

  Image Entry point : 0x080000c1

  Load Region LR_IROM1 (Base: 0x08000000, Size: 0x0000cfbc, Max: 0x00020000, ABSOLUTE, COMPRESSED[0x0000cdf0])

    Execution Region ER_IROM1 (Exec base: 0x08000000, Load base: 0x08000000, Size: 0x0000cc60, Max: 0x00020000, ABSOLUTE)

    Exec Addr    Load Addr    Size         Type   Attr      Idx    E Section Name        Object

    0x08000000   0x08000000   0x000000c0   Data   RO            3    RESET               startup_n32g05x.o
    0x080000c0   0x080000c0   0x00000000   Code   RO         1732  * .ARM.Collect$$$$00000000  mc_p.l(entry.o)
    0x080000c0   0x080000c0   0x00000004   Code   RO         1795    .ARM.Collect$$$$00000001  mc_p.l(entry2.o)
    0x080000c4   0x080000c4   0x00000004   Code   RO         1798    .ARM.Collect$$$$00000004  mc_p.l(entry5.o)
    0x080000c8   0x080000c8   0x00000000   Code   RO         1800    .ARM.Collect$$$$00000008  mc_p.l(entry7b.o)
    0x080000c8   0x080000c8   0x00000000   Code   RO         1802    .ARM.Collect$$$$0000000A  mc_p.l(entry8b.o)
    0x080000c8   0x080000c8   0x00000008   Code   RO         1803    .ARM.Collect$$$$0000000B  mc_p.l(entry9a.o)
    0x080000d0   0x080000d0   0x00000004   Code   RO         1810    .ARM.Collect$$$$0000000E  mc_p.l(entry12b.o)
    0x080000d4   0x080000d4   0x00000000   Code   RO         1805    .ARM.Collect$$$$0000000F  mc_p.l(entry10a.o)
    0x080000d4   0x080000d4   0x00000000   Code   RO         1807    .ARM.Collect$$$$00000011  mc_p.l(entry11a.o)
    0x080000d4   0x080000d4   0x00000004   Code   RO         1796    .ARM.Collect$$$$00002712  mc_p.l(entry2.o)
    0x080000d8   0x080000d8   0x0000001c   Code   RO            4    .text               startup_n32g05x.o
    0x080000f4   0x080000f4   0x00000300   Code   RO           11    .text               system_n32g05x.o
    0x080003f4   0x080003f4   0x0000034c   Code   RO           52    .text               n32g05x_gpio.o
    0x08000740   0x08000740   0x0000060c   Code   RO           78    .text               n32g05x_rcc.o
    0x08000d4c   0x08000d4c   0x000002f8   Code   RO           95    .text               n32g05x_adc.o
    0x08001044   0x08001044   0x0000008c   Code   RO          116    .text               misc.o
    0x080010d0   0x080010d0   0x00000114   Code   RO          138    .text               n32g05x_dma.o
    0x080011e4   0x080011e4   0x00000ea4   Code   RO          157    .text               n32g05x_tim.o
    0x08002088   0x08002088   0x00000250   Code   RO          177    .text               n32g05x_uart.o
    0x080022d8   0x080022d8   0x0000006c   Code   RO          196    .text               n32g05x_wwdg.o
    0x08002344   0x08002344   0x00000064   Code   RO          234    .text               n32g05x_iwdg.o
    0x080023a8   0x080023a8   0x000009b0   Code   RO          413    .text               n32g05x_flash.o
    0x08002d58   0x08002d58   0x000000f4   Code   RO          433    .text               n32g05x_exti.o
    0x08002e4c   0x08002e4c   0x00000016   Code   RO          510    .text               main.o
    0x08002e62   0x08002e62   0x00000002   Code   RO          687    .text               n32g05x_it.o
    0x08002e64   0x08002e64   0x000000d8   Code   RO          705    .text               context_rvds.o
    0x08002f3c   0x08002f3c   0x0000013c   Code   RO          709    .text               cpuport.o
    0x08003078   0x08003078   0x00000070   Code   RO          727    .text               clock.o
    0x080030e8   0x080030e8   0x000000bc   Code   RO          744    .text               components.o
    0x080031a4   0x080031a4   0x000000bc   Code   RO          770    .text               idle.o
    0x08003260   0x08003260   0x00000406   Code   RO          788    .text               ipc.o
    0x08003666   0x08003666   0x00000002   PAD
    0x08003668   0x08003668   0x00000034   Code   RO          803    .text               irq.o
    0x0800369c   0x0800369c   0x00000724   Code   RO          818    .text               kservice.o
    0x08003dc0   0x08003dc0   0x000000f0   Code   RO          854    .text               object.o
    0x08003eb0   0x08003eb0   0x00000174   Code   RO          872    .text               scheduler.o
    0x08004024   0x08004024   0x0000036c   Code   RO          898    .text               thread.o
    0x08004390   0x08004390   0x00000220   Code   RO          914    .text               timer.o
    0x080045b0   0x080045b0   0x00000100   Code   RO          932    .text               board.o
    0x080046b0   0x080046b0   0x000006c8   Code   RO          968    .text               cmd.o
    0x08004d78   0x08004d78   0x000002e0   Code   RO         1006    .text               msh.o
    0x08005058   0x08005058   0x0000039c   Code   RO         1029    .text               shell.o
    0x080053f4   0x080053f4   0x000000c6   Code   RO         1054    .text               ringbuf.o
    0x080054ba   0x080054ba   0x0000002c   Code   RO         1094    .text               rte_asw.o
    0x080054e6   0x080054e6   0x00000050   Code   RO         1113    .text               rte_bsw.o
    0x08005536   0x08005536   0x00000002   PAD
    0x08005538   0x08005538   0x000001f0   Code   RO         1129    .text               adcif.o
    0x08005728   0x08005728   0x000000b4   Code   RO         1155    .text               dioif.o
    0x080057dc   0x080057dc   0x00000026   Code   RO         1174    .text               dioif_cfg.o
    0x08005802   0x08005802   0x00000012   Code   RO         1196    .text               nvic.o
    0x08005814   0x08005814   0x000000b0   Code   RO         1212    .text               portif.o
    0x080058c4   0x080058c4   0x00000088   Code   RO         1234    .text               portif_cfg.o
    0x0800594c   0x0800594c   0x00000318   Code   RO         1259    .text               pwmif.o
    0x08005c64   0x08005c64   0x000000d0   Code   RO         1289    .text               timrif.o
    0x08005d34   0x08005d34   0x000000f0   Code   RO         1314    .text               wdgif.o
    0x08005e24   0x08005e24   0x00000034   Code   RO         1336    .text               ecum.o
    0x08005e58   0x08005e58   0x00000170   Code   RO         1352    .text               n32_rt_thread_task.o
    0x08005fc8   0x08005fc8   0x00000016   Code   RO         1370    .text               wdgm.o
    0x08005fde   0x08005fde   0x00000002   PAD
    0x08005fe0   0x08005fe0   0x000004c8   Code   RO         1386    .text               flashif.o
    0x080064a8   0x080064a8   0x0000008e   Code   RO         1407    .text               adcf.o
    0x08006536   0x08006536   0x00000002   PAD
    0x08006538   0x08006538   0x00000c58   Code   RO         1423    .text               adcm.o
    0x08007190   0x08007190   0x000001b8   Code   RO         1463    .text               chargemanager.o
    0x08007348   0x08007348   0x000005ec   Code   RO         1490    .text               charging.o
    0x08007934   0x08007934   0x00000430   Code   RO         1514    .text               cp.o
    0x08007d64   0x08007d64   0x000014bc   Code   RO         1538    .text               diag.o
    0x08009220   0x08009220   0x0000016c   Code   RO         1562    .text               diodecheck.o
    0x0800938c   0x0800938c   0x000001fc   Code   RO         1585    .text               factory.o
    0x08009588   0x08009588   0x000004b4   Code   RO         1609    .text               led.o
    0x08009a3c   0x08009a3c   0x000010ec   Code   RO         1629    .text               log.o
    0x0800ab28   0x0800ab28   0x00000310   Code   RO         1659    .text               precheck.o
    0x0800ae38   0x0800ae38   0x000000c8   Code   RO         1682    .text               rly.o
    0x0800af00   0x0800af00   0x00000584   Code   RO         1701    .text               selfcheck.o
    0x0800b484   0x0800b484   0x0000002c   Code   RO         1735    .text               mc_p.l(uidiv.o)
    0x0800b4b0   0x0800b4b0   0x00000028   Code   RO         1737    .text               mc_p.l(idiv.o)
    0x0800b4d8   0x0800b4d8   0x00000024   Code   RO         1739    .text               mc_p.l(memcpya.o)
    0x0800b4fc   0x0800b4fc   0x00000024   Code   RO         1741    .text               mc_p.l(memseta.o)
    0x0800b520   0x0800b520   0x00000018   Code   RO         1743    .text               mc_p.l(strcat.o)
    0x0800b538   0x0800b538   0x0000001a   Code   RO         1745    .text               mc_p.l(strncpy.o)
    0x0800b552   0x0800b552   0x0000000e   Code   RO         1747    .text               mc_p.l(strlen.o)
    0x0800b560   0x0800b560   0x0000001a   Code   RO         1749    .text               mc_p.l(memcmp.o)
    0x0800b57a   0x0800b57a   0x00000012   Code   RO         1751    .text               mc_p.l(strcpy.o)
    0x0800b58c   0x0800b58c   0x0000001e   Code   RO         1753    .text               mc_p.l(strncmp.o)
    0x0800b5aa   0x0800b5aa   0x0000001a   Code   RO         1759    .text               mc_p.l(atoi.o)
    0x0800b5c4   0x0800b5c4   0x000000b2   Code   RO         1761    .text               mf_p.l(fadd.o)
    0x0800b676   0x0800b676   0x0000007a   Code   RO         1763    .text               mf_p.l(fmul.o)
    0x0800b6f0   0x0800b6f0   0x0000007c   Code   RO         1765    .text               mf_p.l(fdiv.o)
    0x0800b76c   0x0800b76c   0x00000168   Code   RO         1767    .text               mf_p.l(dadd.o)
    0x0800b8d4   0x0800b8d4   0x000000d0   Code   RO         1769    .text               mf_p.l(dmul.o)
    0x0800b9a4   0x0800b9a4   0x000000f0   Code   RO         1771    .text               mf_p.l(ddiv.o)
    0x0800ba94   0x0800ba94   0x0000002c   Code   RO         1773    .text               mf_p.l(dscalb.o)
    0x0800bac0   0x0800bac0   0x00000016   Code   RO         1775    .text               mf_p.l(fflti.o)
    0x0800bad6   0x0800bad6   0x0000000e   Code   RO         1777    .text               mf_p.l(ffltui.o)
    0x0800bae4   0x0800bae4   0x0000001c   Code   RO         1779    .text               mf_p.l(dfltui.o)
    0x0800bb00   0x0800bb00   0x00000032   Code   RO         1781    .text               mf_p.l(ffixi.o)
    0x0800bb32   0x0800bb32   0x00000028   Code   RO         1783    .text               mf_p.l(ffixui.o)
    0x0800bb5a   0x0800bb5a   0x00000002   PAD
    0x0800bb5c   0x0800bb5c   0x0000003c   Code   RO         1785    .text               mf_p.l(dfixui.o)
    0x0800bb98   0x0800bb98   0x00000028   Code   RO         1787    .text               mf_p.l(f2d.o)
    0x0800bbc0   0x0800bbc0   0x00000038   Code   RO         1789    .text               mf_p.l(d2f.o)
    0x0800bbf8   0x0800bbf8   0x00000014   Code   RO         1791    .text               mf_p.l(cfcmple.o)
    0x0800bc0c   0x0800bc0c   0x00000014   Code   RO         1793    .text               mf_p.l(cfrcmple.o)
    0x0800bc20   0x0800bc20   0x00000020   Code   RO         1811    .text               mc_p.l(llshl.o)
    0x0800bc40   0x0800bc40   0x00000022   Code   RO         1813    .text               mc_p.l(llushr.o)
    0x0800bc62   0x0800bc62   0x00000026   Code   RO         1815    .text               mc_p.l(llsshr.o)
    0x0800bc88   0x0800bc88   0x00000070   Code   RO         1824    .text               mc_p.l(strtol.o)
    0x0800bcf8   0x0800bcf8   0x00000000   Code   RO         1826    .text               mc_p.l(iusefp.o)
    0x0800bcf8   0x0800bcf8   0x00000082   Code   RO         1827    .text               mf_p.l(fepilogue.o)
    0x0800bd7a   0x0800bd7a   0x000000be   Code   RO         1829    .text               mf_p.l(depilogue.o)
    0x0800be38   0x0800be38   0x000000a2   Code   RO         1833    .text               mf_p.l(dsqrt.o)
    0x0800beda   0x0800beda   0x00000002   PAD
    0x0800bedc   0x0800bedc   0x00000024   Code   RO         1837    .text               mc_p.l(init.o)
    0x0800bf00   0x0800bf00   0x00000008   Code   RO         1839    .text               mc_p.l(ctype_o.o)
    0x0800bf08   0x0800bf08   0x000000a6   Code   RO         1867    .text               mc_p.l(_strtoul.o)
    0x0800bfae   0x0800bfae   0x0000001e   Code   RO         1869    .text               mc_p.l(_chval.o)
    0x0800bfcc   0x0800bfcc   0x00000056   Code   RO         1879    .text               mc_p.l(__dczerorl2.o)
    0x0800c022   0x0800c022   0x0000002e   Code   RO         1831    i.__ARM_clz         mf_p.l(depilogue.o)
    0x0800c050   0x0800c050   0x0000001a   Code   RO         1146    i.__ARM_common_switch8  adcif.o
    0x0800c06a   0x0800c06a   0x00000002   PAD
    0x0800c06c   0x0800c06c   0x00000008   Code   RO         1817    i.__aeabi_errno_addr  mc_p.l(errno.o)
    0x0800c074   0x0800c074   0x0000000e   Code   RO         1873    i.__scatterload_copy  mc_p.l(handlers.o)
    0x0800c082   0x0800c082   0x00000002   Code   RO         1874    i.__scatterload_null  mc_p.l(handlers.o)
    0x0800c084   0x0800c084   0x0000000e   Code   RO         1875    i.__scatterload_zeroinit  mc_p.l(handlers.o)
    0x0800c092   0x0800c092   0x00000002   PAD
    0x0800c094   0x0800c094   0x0000000c   Code   RO         1819    i.__set_errno       mc_p.l(errno.o)
    0x0800c0a0   0x0800c0a0   0x00000048   Code   RO         1725    i.sqrt              m_ps.l(sqrt.o)
    0x0800c0e8   0x0800c0e8   0x00000020   Data   RO           79    .constdata          n32g05x_rcc.o
    0x0800c108   0x0800c108   0x00000122   Data   RO          820    .constdata          kservice.o
    0x0800c22a   0x0800c22a   0x00000006   Data   RO          969    .constdata          cmd.o
    0x0800c230   0x0800c230   0x00000008   Data   RO          970    .constdata          cmd.o
    0x0800c238   0x0800c238   0x0000000e   Data   RO          971    .constdata          cmd.o
    0x0800c246   0x0800c246   0x0000000c   Data   RO          972    .constdata          cmd.o
    0x0800c252   0x0800c252   0x00000012   Data   RO          973    .constdata          cmd.o
    0x0800c264   0x0800c264   0x00000009   Data   RO          974    .constdata          cmd.o
    0x0800c26d   0x0800c26d   0x0000000f   Data   RO          975    .constdata          cmd.o
    0x0800c27c   0x0800c27c   0x0000000d   Data   RO          976    .constdata          cmd.o
    0x0800c289   0x0800c289   0x00000013   Data   RO          977    .constdata          cmd.o
    0x0800c29c   0x0800c29c   0x0000000b   Data   RO          978    .constdata          cmd.o
    0x0800c2a7   0x0800c2a7   0x00000011   Data   RO          979    .constdata          cmd.o
    0x0800c2b8   0x0800c2b8   0x00000005   Data   RO          980    .constdata          cmd.o
    0x0800c2bd   0x0800c2bd   0x0000000b   Data   RO         1007    .constdata          msh.o
    0x0800c2c8   0x0800c2c8   0x00000009   Data   RO         1008    .constdata          msh.o
    0x0800c2d1   0x0800c2d1   0x00000009   Data   RO         1131    .constdata          adcif.o
    0x0800c2da   0x0800c2da   0x0000000f   Data   RO         1175    .constdata          dioif_cfg.o
    0x0800c2e9   0x0800c2e9   0x00000003   PAD
    0x0800c2ec   0x0800c2ec   0x00000214   Data   RO         1235    .constdata          portif_cfg.o
    0x0800c500   0x0800c500   0x00000038   Data   RO         1236    .constdata          portif_cfg.o
    0x0800c538   0x0800c538   0x00000038   Data   RO         1237    .constdata          portif_cfg.o
    0x0800c570   0x0800c570   0x000000a8   Data   RO         1238    .constdata          portif_cfg.o
    0x0800c618   0x0800c618   0x00000198   Data   RO         1491    .constdata          charging.o
    0x0800c7b0   0x0800c7b0   0x0000000e   Data   RO         1586    .constdata          factory.o
    0x0800c7be   0x0800c7be   0x0000000d   Data   RO         1631    .constdata          log.o
    0x0800c7cb   0x0800c7cb   0x00000012   Data   RO         1632    .constdata          log.o
    0x0800c7dd   0x0800c7dd   0x0000000e   Data   RO         1633    .constdata          log.o
    0x0800c7eb   0x0800c7eb   0x0000000c   Data   RO         1634    .constdata          log.o
    0x0800c7f7   0x0800c7f7   0x00000081   Data   RO         1840    .constdata          mc_p.l(ctype_o.o)
    0x0800c878   0x0800c878   0x00000004   Data   RO         1841    .constdata          mc_p.l(ctype_o.o)
    0x0800c87c   0x0800c87c   0x00000044   Data   RO          981    .conststring        cmd.o
    0x0800c8c0   0x0800c8c0   0x00000041   Data   RO         1388    .conststring        flashif.o
    0x0800c901   0x0800c901   0x00000003   PAD
    0x0800c904   0x0800c904   0x0000028f   Data   RO         1635    .conststring        log.o
    0x0800cb93   0x0800cb93   0x00000001   PAD
    0x0800cb94   0x0800cb94   0x00000004   Data   RO          746    .rti_fn.0           components.o
    0x0800cb98   0x0800cb98   0x00000004   Data   RO          747    .rti_fn.0.end       components.o
    0x0800cb9c   0x0800cb9c   0x00000004   Data   RO          748    .rti_fn.1.end       components.o
    0x0800cba0   0x0800cba0   0x00000004   Data   RO         1032    .rti_fn.6           shell.o
    0x0800cba4   0x0800cba4   0x00000004   Data   RO          749    .rti_fn.6.end       components.o
    0x0800cba8   0x0800cba8   0x00000060   Data   RO          982    FSymTab             cmd.o
    0x0800cc08   0x0800cc08   0x00000010   Data   RO         1009    FSymTab             msh.o
    0x0800cc18   0x0800cc18   0x00000008   Data   RO         1588    FSymTab             factory.o
    0x0800cc20   0x0800cc20   0x00000020   Data   RO         1637    FSymTab             log.o
    0x0800cc40   0x0800cc40   0x00000020   Data   RO         1871    Region$$Table       anon$$obj.o


    Execution Region RW_IRAM1 (Exec base: 0x20000000, Load base: 0x0800cc60, Size: 0x000030c0, Max: 0x00004000, ABSOLUTE, COMPRESSED[0x00000190])

    Exec Addr    Load Addr    Size         Type   Attr      Idx    E Section Name        Object

    0x20000000   COMPRESSED   0x00000004   Data   RW           12    .data               system_n32g05x.o
    0x20000004   COMPRESSED   0x00000004   Data   RW          710    .data               cpuport.o
    0x20000008   COMPRESSED   0x00000004   Data   RW          711    .data               cpuport.o
    0x2000000c   COMPRESSED   0x00000004   Data   RW          712    .data               cpuport.o
    0x20000010   COMPRESSED   0x00000004   Data   RW          728    .data               clock.o
    0x20000014   COMPRESSED   0x00000001   Data   RW          804    .data               irq.o
    0x20000015   COMPRESSED   0x00000003   PAD
    0x20000018   COMPRESSED   0x00000004   Data   RW          821    .data               kservice.o
    0x2000001c   COMPRESSED   0x00000040   Data   RW          855    .data               object.o
    0x2000005c   COMPRESSED   0x00000014   Data   RW          874    .data               scheduler.o
    0x20000070   COMPRESSED   0x0000000c   Data   RW          915    .data               timer.o
    0x2000007c   COMPRESSED   0x00000018   Data   RW         1031    .data               shell.o
    0x20000094   COMPRESSED   0x00000004   Data   RW         1132    .data               adcif.o
    0x20000098   COMPRESSED   0x00000001   Data   RW         1213    .data               portif.o
    0x20000099   COMPRESSED   0x00000001   Data   RW         1260    .data               pwmif.o
    0x2000009a   COMPRESSED   0x00000001   Data   RW         1261    .data               pwmif.o
    0x2000009b   COMPRESSED   0x00000001   Data   RW         1262    .data               pwmif.o
    0x2000009c   COMPRESSED   0x0000000a   Data   RW         1264    .data               pwmif.o
    0x200000a6   COMPRESSED   0x00000002   PAD
    0x200000a8   COMPRESSED   0x00000008   Data   RW         1290    .data               timrif.o
    0x200000b0   COMPRESSED   0x00000008   Data   RW         1315    .data               wdgif.o
    0x200000b8   COMPRESSED   0x00000030   Data   RW         1389    .data               flashif.o
    0x200000e8   COMPRESSED   0x000001f0   Data   RW         1425    .data               adcm.o
    0x200002d8   COMPRESSED   0x00000001   Data   RW         1465    .data               chargemanager.o
    0x200002d9   COMPRESSED   0x00000003   PAD
    0x200002dc   COMPRESSED   0x0000001e   Data   RW         1492    .data               charging.o
    0x200002fa   COMPRESSED   0x00000002   PAD
    0x200002fc   COMPRESSED   0x00000010   Data   RW         1516    .data               cp.o
    0x2000030c   COMPRESSED   0x00000014   Data   RW         1540    .data               diag.o
    0x20000320   COMPRESSED   0x00000001   Data   RW         1564    .data               diodecheck.o
    0x20000321   COMPRESSED   0x00000003   PAD
    0x20000324   COMPRESSED   0x00000010   Data   RW         1587    .data               factory.o
    0x20000334   COMPRESSED   0x00000008   Data   RW         1611    .data               led.o
    0x2000033c   COMPRESSED   0x00000004   Data   RW         1636    .data               log.o
    0x20000340   COMPRESSED   0x00000001   Data   RW         1661    .data               precheck.o
    0x20000341   COMPRESSED   0x00000003   PAD
    0x20000344   COMPRESSED   0x00000010   Data   RW         1683    .data               rly.o
    0x20000354   COMPRESSED   0x00000004   Data   RW         1703    .data               selfcheck.o
    0x20000358   COMPRESSED   0x00000004   Data   RW         1820    .data               mc_p.l(errno.o)
    0x2000035c        -       0x00000018   Zero   RW           96    .bss                n32g05x_adc.o
    0x20000374   COMPRESSED   0x00000004   PAD
    0x20000378        -       0x00000178   Zero   RW          745    .bss                components.o
    0x200004f0        -       0x000000f8   Zero   RW          771    .bss                idle.o
    0x200005e8        -       0x00000080   Zero   RW          819    .bss                kservice.o
    0x20000668        -       0x00000040   Zero   RW          873    .bss                scheduler.o
    0x200006a8        -       0x00000374   Zero   RW         1030    .bss                shell.o
    0x20000a1c        -       0x0000000c   Zero   RW         1055    .bss                ringbuf.o
    0x20000a28        -       0x00000120   Zero   RW         1076    .bss                rtuart.o
    0x20000b48        -       0x00000014   Zero   RW         1130    .bss                adcif.o
    0x20000b5c        -       0x00001458   Zero   RW         1353    .bss                n32_rt_thread_task.o
    0x20001fb4        -       0x00000010   Zero   RW         1387    .bss                flashif.o
    0x20001fc4        -       0x00000978   Zero   RW         1424    .bss                adcm.o
    0x2000293c        -       0x00000014   Zero   RW         1464    .bss                chargemanager.o
    0x20002950        -       0x0000000c   Zero   RW         1515    .bss                cp.o
    0x2000295c        -       0x0000018c   Zero   RW         1539    .bss                diag.o
    0x20002ae8        -       0x00000010   Zero   RW         1563    .bss                diodecheck.o
    0x20002af8        -       0x00000078   Zero   RW         1610    .bss                led.o
    0x20002b70        -       0x00000010   Zero   RW         1630    .bss                log.o
    0x20002b80        -       0x00000018   Zero   RW         1660    .bss                precheck.o
    0x20002b98        -       0x00000028   Zero   RW         1702    .bss                selfcheck.o
    0x20002bc0        -       0x00000500   Zero   RW            1    STACK               startup_n32g05x.o


==============================================================================

Image component sizes


      Code (inc. data)   RO Data    RW Data    ZI Data      Debug   Object Name

       142          0          0          0          0       2442   adcf.o
       522         36          9          4         20       2137   adcif.o
      3160        194          0        496       2424      13842   adcm.o
       256         30          0          0          0       4807   board.o
       440         56          0          1         20       4473   chargemanager.o
      1516        310        408         30          0      21734   charging.o
       112          6          0          4          0       1532   clock.o
      1736        636        311          0          0      10022   cmd.o
       188         30         16          0        376       2700   components.o
       216         32          0          0          0        788   context_rvds.o
      1072        296          0         16         12       6327   cp.o
       316        174          0         12          0       2784   cpuport.o
      5308        220          0         20        396      36700   diag.o
       364         82          0          1         16       3665   diodecheck.o
       180         22          0          0          0       1307   dioif.o
        38          0         15          0          0       2498   dioif_cfg.o
        52          0          0          0          0        731   ecum.o
       508        284         22         16          0       2729   factory.o
      1224        434         65         48         16       4490   flashif.o
       188         20          0          0        248       4654   idle.o
      1030          0          0          0          0       9185   ipc.o
        52          6          0          1          0       1418   irq.o
      1828        164        290          4        128      12230   kservice.o
      1204         70          0          8        120       3363   led.o
      4332       2396        744          4         16       7430   log.o
        22          0          0          0          0      21364   main.o
       140         18          0          0          0       8020   misc.o
       736        124         36          0          0       5525   msh.o
       368         96          0          0       5208       2957   n32_rt_thread_task.o
       760         20          0          0         24      13934   n32g05x_adc.o
       276         12          0          0          0      13838   n32g05x_dma.o
       244          8          0          0          0       5214   n32g05x_exti.o
      2480         32          0          0          0      23809   n32g05x_flash.o
       844         30          0          0          0      27773   n32g05x_gpio.o
         2          0          0          0          0        406   n32g05x_it.o
       100         26          0          0          0       2777   n32g05x_iwdg.o
      1548         76         32          0          0      12577   n32g05x_rcc.o
      3748         94          0          0          0      48521   n32g05x_tim.o
       592         24          0          0          0      10163   n32g05x_uart.o
       108          4          0          0          0       2131   n32g05x_wwdg.o
        18          0          0          0          0        601   nvic.o
       240          4          0         64          0       5904   object.o
       176         10          0          1          0       2328   portif.o
       136         18        812          0          0       3272   portif_cfg.o
       784        120          0          1         24       6393   precheck.o
       792         64          0         13          0       3186   pwmif.o
       198          0          0          0         12       2916   ringbuf.o
       200          4          0         16          0       1250   rly.o
        44          0          0          0          0       1044   rte_asw.o
        80          0          0          0          0       2635   rte_bsw.o
         0          0          0          0        288        639   rtuart.o
       372         14          0         20         64       5936   scheduler.o
      1412        274          0          4         40       8385   selfcheck.o
       924         96          4         24        884       8453   shell.o
        28          8        192          0       1280        724   startup_n32g05x.o
       768         98          0          4          0     185317   system_n32g05x.o
       876         20          0          0          0       8240   thread.o
       544          8          0         12          0       7061   timer.o
       208         22          0          8          0       2038   timrif.o
       240          8          0          8          0       1763   wdgif.o
        22          0          0          0          0        581   wdgm.o

    ----------------------------------------------------------------------
     46024       6830       2995        856      11620     621663   Object Totals
         0          0         32          0          0          0   (incl. Generated)
        10          0          7         16          4          0   (incl. Padding)

    ----------------------------------------------------------------------

      Code (inc. data)   RO Data    RW Data    ZI Data      Debug   Library Member Name

        72          6          0          0          0         76   sqrt.o
        86          0          0          0          0          0   __dczerorl2.o
        30          0          0          0          0         60   _chval.o
       166          0          0          0          0         84   _strtoul.o
        26          0          0          0          0         72   atoi.o
         8          4        133          0          0         60   ctype_o.o
         0          0          0          0          0          0   entry.o
         0          0          0          0          0          0   entry10a.o
         0          0          0          0          0          0   entry11a.o
         4          0          0          0          0          0   entry12b.o
         8          4          0          0          0          0   entry2.o
         4          0          0          0          0          0   entry5.o
         0          0          0          0          0          0   entry7b.o
         0          0          0          0          0          0   entry8b.o
         8          4          0          0          0          0   entry9a.o
        20         10          0          4          0        120   errno.o
        30          0          0          0          0          0   handlers.o
        40          0          0          0          0         72   idiv.o
        36          8          0          0          0         68   init.o
         0          0          0          0          0          0   iusefp.o
        32          0          0          0          0         68   llshl.o
        38          0          0          0          0         68   llsshr.o
        34          0          0          0          0         68   llushr.o
        26          0          0          0          0         72   memcmp.o
        36          0          0          0          0         60   memcpya.o
        36          0          0          0          0        100   memseta.o
        24          0          0          0          0         60   strcat.o
        18          0          0          0          0         60   strcpy.o
        14          0          0          0          0         60   strlen.o
        30          0          0          0          0         72   strncmp.o
        26          0          0          0          0         68   strncpy.o
       112          4          0          0          0         76   strtol.o
        44          0          0          0          0         72   uidiv.o
        20          0          0          0          0         68   cfcmple.o
        20          0          0          0          0         68   cfrcmple.o
        56          0          0          0          0         68   d2f.o
       360          6          0          0          0        140   dadd.o
       240          6          0          0          0         84   ddiv.o
       236          0          0          0          0        216   depilogue.o
        60         10          0          0          0         68   dfixui.o
        28          4          0          0          0         68   dfltui.o
       208          6          0          0          0         88   dmul.o
        44          0          0          0          0         72   dscalb.o
       162          0          0          0          0         80   dsqrt.o
        40          0          0          0          0         60   f2d.o
       178          0          0          0          0        108   fadd.o
       124          0          0          0          0         72   fdiv.o
       130          0          0          0          0        144   fepilogue.o
        50          0          0          0          0         60   ffixi.o
        40          0          0          0          0         60   ffixui.o
        22          0          0          0          0         68   fflti.o
        14          0          0          0          0         68   ffltui.o
       122          0          0          0          0         72   fmul.o

    ----------------------------------------------------------------------
      3168         72        133          4          0       3248   Library Totals
         6          0          0          0          0          0   (incl. Padding)

    ----------------------------------------------------------------------

      Code (inc. data)   RO Data    RW Data    ZI Data      Debug   Library Name

        72          6          0          0          0         76   m_ps.l
       936         34        133          4          0       1440   mc_p.l
      2154         32          0          0          0       1732   mf_p.l

    ----------------------------------------------------------------------
      3168         72        133          4          0       3248   Library Totals

    ----------------------------------------------------------------------

==============================================================================


      Code (inc. data)   RO Data    RW Data    ZI Data      Debug   

     49192       6902       3128        860      11620     616971   Grand Totals
     49192       6902       3128        400      11620     616971   ELF Image Totals (compressed)
     49192       6902       3128        400          0          0   ROM Totals

==============================================================================

    Total RO  Size (Code + RO Data)                52320 (  51.09kB)
    Total RW  Size (RW Data + ZI Data)             12480 (  12.19kB)
    Total ROM Size (Code + RO Data + RW Data)      52720 (  51.48kB)

==============================================================================

