Component: ARM Compiler 6.15 Tool: armlink [5dd79300]

==============================================================================

Section Cross References

    clock_driver.o(.text.CLOCK_DRV_GetFreq) refers to clock_driver.o(.text.CLOCK_SYS_GetSystemClockFreq) for CLOCK_SYS_GetSystemClockFreq
    clock_driver.o(.text.CLOCK_DRV_GetFreq) refers to clock_driver.o(.text.CLOCK_SYS_GetSircFreq) for CLOCK_SYS_GetSircFreq
    clock_driver.o(.text.CLOCK_DRV_GetFreq) refers to clock_driver.o(.text.CLOCK_SYS_GetFircFreq) for CLOCK_SYS_GetFircFreq
    clock_driver.o(.text.CLOCK_DRV_GetFreq) refers to clock_driver.o(.text.CLOCK_SYS_GetSysOscFreq) for CLOCK_SYS_GetSysOscFreq
    clock_driver.o(.text.CLOCK_DRV_GetFreq) refers to clock_driver.o(.text.CLOCK_SYS_GetSysPllFreq) for CLOCK_SYS_GetSysPllFreq
    clock_driver.o(.text.CLOCK_DRV_GetFreq) refers to clock_driver.o(.text.CLOCK_SYS_GetRTCInFreq) for CLOCK_SYS_GetRTCInFreq
    clock_driver.o(.text.CLOCK_DRV_GetFreq) refers to clock_driver.o(.text.CLOCK_SYS_GetLPOFreq) for CLOCK_SYS_GetLPOFreq
    clock_driver.o(.text.CLOCK_DRV_GetFreq) refers to clock_driver.o(.text.CLOCK_SYS_GetFirc8MFreq) for CLOCK_SYS_GetFirc8MFreq
    clock_driver.o(.text.CLOCK_DRV_GetFreq) refers to clock_driver.o(.text.CLOCK_SYS_GetFirc8MDiv1Freq) for CLOCK_SYS_GetFirc8MDiv1Freq
    clock_driver.o(.text.CLOCK_DRV_GetFreq) refers to clock_driver.o(.text.CLOCK_SYS_GetFirc8MDiv2Freq) for CLOCK_SYS_GetFirc8MDiv2Freq
    clock_driver.o(.text.CLOCK_DRV_GetFreq) refers to clock_driver.o(.text.CLOCK_SYS_GetFircDiv1Freq) for CLOCK_SYS_GetFircDiv1Freq
    clock_driver.o(.text.CLOCK_DRV_GetFreq) refers to clock_driver.o(.text.CLOCK_SYS_GetFircDiv2Freq) for CLOCK_SYS_GetFircDiv2Freq
    clock_driver.o(.text.CLOCK_DRV_GetFreq) refers to clock_driver.o(.text.CLOCK_SYS_GetSysOscDiv1Freq) for CLOCK_SYS_GetSysOscDiv1Freq
    clock_driver.o(.text.CLOCK_DRV_GetFreq) refers to clock_driver.o(.text.CLOCK_SYS_GetSysOscDiv2Freq) for CLOCK_SYS_GetSysOscDiv2Freq
    clock_driver.o(.text.CLOCK_DRV_GetFreq) refers to clock_driver.o(.text.CLOCK_SYS_GetSysPllDiv1Freq) for CLOCK_SYS_GetSysPllDiv1Freq
    clock_driver.o(.text.CLOCK_DRV_GetFreq) refers to clock_driver.o(.text.CLOCK_SYS_GetSysPllDiv2Freq) for CLOCK_SYS_GetSysPllDiv2Freq
    clock_driver.o(.text.CLOCK_DRV_GetFreq) refers to clock_driver.o(.text.CLOCK_SYS_GetFirc1MFreq) for CLOCK_SYS_GetFirc1MFreq
    clock_driver.o(.text.CLOCK_DRV_GetFreq) refers to clock_driver.o(.text.CLOCK_SYS_GetClkOutFreq) for CLOCK_SYS_GetClkOutFreq
    clock_driver.o(.text.CLOCK_DRV_GetFreq) refers to clock_driver.o(.text.GetFreqHandle) for GetFreqHandle
    clock_driver.o(.text.CLOCK_DRV_GetFreq) refers to clock_driver.o(.text.GetFreqHandle_1) for GetFreqHandle_1
    clock_driver.o(.ARM.exidx.text.CLOCK_DRV_GetFreq) refers to clock_driver.o(.text.CLOCK_DRV_GetFreq) for [Anonymous Symbol]
    clock_driver.o(.text.CLOCK_SYS_GetSystemClockFreq) refers to clock_driver.o(.text.CLOCK_SYS_GetSysOscFreq) for CLOCK_SYS_GetSysOscFreq
    clock_driver.o(.text.CLOCK_SYS_GetSystemClockFreq) refers to clock_driver.o(.text.CLOCK_SYS_GetFircFreq) for CLOCK_SYS_GetFircFreq
    clock_driver.o(.text.CLOCK_SYS_GetSystemClockFreq) refers to clock_driver.o(.text.CLOCK_SYS_GetSysPllFreq) for CLOCK_SYS_GetSysPllFreq
    clock_driver.o(.ARM.exidx.text.CLOCK_SYS_GetSystemClockFreq) refers to clock_driver.o(.text.CLOCK_SYS_GetSystemClockFreq) for [Anonymous Symbol]
    clock_driver.o(.ARM.exidx.text.CLOCK_SYS_GetSircFreq) refers to clock_driver.o(.text.CLOCK_SYS_GetSircFreq) for [Anonymous Symbol]
    clock_driver.o(.ARM.exidx.text.CLOCK_SYS_GetFircFreq) refers to clock_driver.o(.text.CLOCK_SYS_GetFircFreq) for [Anonymous Symbol]
    clock_driver.o(.ARM.exidx.text.CLOCK_SYS_GetSysOscFreq) refers to clock_driver.o(.text.CLOCK_SYS_GetSysOscFreq) for [Anonymous Symbol]
    clock_driver.o(.text.CLOCK_SYS_GetSysPllFreq) refers to clock_driver.o(.text.CLOCK_SYS_GetFircFreq) for CLOCK_SYS_GetFircFreq
    clock_driver.o(.text.CLOCK_SYS_GetSysPllFreq) refers to clock_driver.o(.text.CLOCK_SYS_GetSysOscFreq) for CLOCK_SYS_GetSysOscFreq
    clock_driver.o(.ARM.exidx.text.CLOCK_SYS_GetSysPllFreq) refers to clock_driver.o(.text.CLOCK_SYS_GetSysPllFreq) for [Anonymous Symbol]
    clock_driver.o(.ARM.exidx.text.CLOCK_SYS_GetRTCInFreq) refers to clock_driver.o(.text.CLOCK_SYS_GetRTCInFreq) for [Anonymous Symbol]
    clock_driver.o(.text.CLOCK_SYS_GetLPOFreq) refers to clock_driver.o(.text.CLOCK_SYS_GetRTCInFreq) for CLOCK_SYS_GetRTCInFreq
    clock_driver.o(.text.CLOCK_SYS_GetLPOFreq) refers to clock_driver.o(.text.CLOCK_SYS_GetSircFreq) for CLOCK_SYS_GetSircFreq
    clock_driver.o(.ARM.exidx.text.CLOCK_SYS_GetLPOFreq) refers to clock_driver.o(.text.CLOCK_SYS_GetLPOFreq) for [Anonymous Symbol]
    clock_driver.o(.text.CLOCK_SYS_GetFirc8MFreq) refers to clock_driver.o(.text.CLOCK_SYS_GetFircFreq) for CLOCK_SYS_GetFircFreq
[...]
    __RAM_START                              0x000008dc   Data           4  startup_zxc400.o(.text)
    __RAM_END                                0x000008e0   Data           4  startup_zxc400.o(.text)
    Reset_Handler                            0x000008e5   Thumb Code    56  startup_zxc400.o(.text)
    NMI_Handler                              0x0000091d   Thumb Code     2  startup_zxc400.o(.text)
    HardFault_Handler                        0x0000091f   Thumb Code     2  startup_zxc400.o(.text)
    MemManage_Handler                        0x00000921   Thumb Code     2  startup_zxc400.o(.text)
    BusFault_Handler                         0x00000923   Thumb Code     2  startup_zxc400.o(.text)
    UsageFault_Handler                       0x00000925   Thumb Code     2  startup_zxc400.o(.text)
    SVC_Handler                              0x00000927   Thumb Code     2  startup_zxc400.o(.text)
    DebugMon_Handler                         0x00000929   Thumb Code     2  startup_zxc400.o(.text)
    PendSV_Handler                           0x0000092b   Thumb Code     2  startup_zxc400.o(.text)
    SysTick_Handler                          0x0000092d   Thumb Code     2  startup_zxc400.o(.text)
    ADC0_IRQHandler                          0x0000092f   Thumb Code     0  startup_zxc400.o(.text)
    ADC1_IRQHandler                          0x0000092f   Thumb Code     0  startup_zxc400.o(.text)
    ADCETC_ERR_IRQHandler                    0x0000092f   Thumb Code     0  startup_zxc400.o(.text)
    ADCETC_IRQHandler                        0x0000092f   Thumb Code     0  startup_zxc400.o(.text)
    ATIM0_CAPT_CMP_IRQHandler                0x0000092f   Thumb Code     0  startup_zxc400.o(.text)
    ATIM0_ERR_IRQHandler                     0x0000092f   Thumb Code     0  startup_zxc400.o(.text)
    ATIM0_INJECTION_IRQHandler               0x0000092f   Thumb Code     0  startup_zxc400.o(.text)
    ATIM0_RELOAD_IRQHandler                  0x0000092f   Thumb Code     0  startup_zxc400.o(.text)
    ATIM1_CAPT_CMP_IRQHandler                0x0000092f   Thumb Code     0  startup_zxc400.o(.text)
    ATIM1_ERR_IRQHandler                     0x0000092f   Thumb Code     0  startup_zxc400.o(.text)
    ATIM1_INJECTION_IRQHandler               0x0000092f   Thumb Code     0  startup_zxc400.o(.text)
    ATIM1_RELOAD_IRQHandler                  0x0000092f   Thumb Code     0  startup_zxc400.o(.text)
    BTIM0_IRQHandler                         0x0000092f   Thumb Code     0  startup_zxc400.o(.text)
    BTIM1_IRQHandler                         0x0000092f   Thumb Code     0  startup_zxc400.o(.text)
    CAN0_ERR_IRQHandler                      0x0000092f   Thumb Code     0  startup_zxc400.o(.text)
    CAN0_MEM_1_ERR_IRQHandler                0x0000092f   Thumb Code     0  startup_zxc400.o(.text)
    CAN0_MEM_2_ERR_IRQHandler                0x0000092f   Thumb Code     0  startup_zxc400.o(.text)
    CAN0_WAKE_UP_IRQHandler                  0x0000092f   Thumb Code     0  startup_zxc400.o(.text)
    CAN0_WARN_IRQHandler                     0x0000092f   Thumb Code     0  startup_zxc400.o(.text)
    CAN1_ERR_IRQHandler                      0x0000092f   Thumb Code     0  startup_zxc400.o(.text)
    CAN1_MEM_1_ERR_IRQHandler                0x0000092f   Thumb Code     0  startup_zxc400.o(.text)
    CAN1_MEM_2_ERR_IRQHandler                0x0000092f   Thumb Code     0  startup_zxc400.o(.text)
    CAN1_WAKE_UP_IRQHandler                  0x0000092f   Thumb Code     0  startup_zxc400.o(.text)
    CAN1_WARN_IRQHandler                     0x0000092f   Thumb Code     0  startup_zxc400.o(.text)
    CAN2_ERR_IRQHandler                      0x0000092f   Thumb Code     0  startup_zxc400.o(.text)
    CAN2_MEM_1_ERR_IRQHandler                0x0000092f   Thumb Code     0  startup_zxc400.o(.text)
    CAN2_MEM_2_ERR_IRQHandler                0x0000092f   Thumb Code     0  startup_zxc400.o(.text)
    CAN2_WAKE_UP_IRQHandler                  0x0000092f   Thumb Code     0  startup_zxc400.o(.text)
    CAN2_WARN_IRQHandler                     0x0000092f   Thumb Code     0  startup_zxc400.o(.text)
    CAN3_ERR_IRQHandler                      0x0000092f   Thumb Code     0  startup_zxc400.o(.text)
    CAN3_MEM_1_ERR_IRQHandler                0x0000092f   Thumb Code     0  startup_zxc400.o(.text)
    CAN3_MEM_2_ERR_IRQHandler                0x0000092f   Thumb Code     0  startup_zxc400.o(.text)
    CAN3_WAKE_UP_IRQHandler                  0x0000092f   Thumb Code     0  startup_zxc400.o(.text)
    CAN3_WARN_IRQHandler                     0x0000092f   Thumb Code     0  startup_zxc400.o(.text)
    CCM_IRQHandler                           0x0000092f   Thumb Code     0  startup_zxc400.o(.text)
    CMP_IRQHandler                           0x0000092f   Thumb Code     0  startup_zxc400.o(.text)
    ENET_1_IRQHandler                        0x0000092f   Thumb Code     0  startup_zxc400.o(.text)
    ENET_2_IRQHandler                        0x0000092f   Thumb Code     0  startup_zxc400.o(.text)
    ENET_3_IRQHandler                        0x0000092f   Thumb Code     0  startup_zxc400.o(.text)
    ENET_4_IRQHandler                        0x0000092f   Thumb Code     0  startup_zxc400.o(.text)
    ENET_5_IRQHandler                        0x0000092f   Thumb Code     0  startup_zxc400.o(.text)
    ENET_6_IRQHandler                        0x0000092f   Thumb Code     0  startup_zxc400.o(.text)
    ENET_7_IRQHandler                        0x0000092f   Thumb Code     0  startup_zxc400.o(.text)
    ENET_8_IRQHandler                        0x0000092f   Thumb Code     0  startup_zxc400.o(.text)
    FLASH_CmdDone_IRQHandler                 0x0000092f   Thumb Code     0  startup_zxc400.o(.text)
    FLASH_FlexRam_ECC_IRQHandler             0x0000092f   Thumb Code     0  startup_zxc400.o(.text)
    FLASH_IRQHandler                         0x0000092f   Thumb Code     0  startup_zxc400.o(.text)
    FLASH_MassErase_IRQHandler               0x0000092f   Thumb Code     0  startup_zxc400.o(.text)
    FlexIO0_IRQHandler                       0x0000092f   Thumb Code     0  startup_zxc400.o(.text)
    FlexIO1_IRQHandler                       0x0000092f   Thumb Code     0  startup_zxc400.o(.text)
    GPIOA_IRQHandler                         0x0000092f   Thumb Code     0  startup_zxc400.o(.text)
    GPIOB_IRQHandler                         0x0000092f   Thumb Code     0  startup_zxc400.o(.text)
    GPIOC_IRQHandler                         0x0000092f   Thumb Code     0  startup_zxc400.o(.text)
    GPIOD_IRQHandler                         0x0000092f   Thumb Code     0  startup_zxc400.o(.text)
    GPIOE_IRQHandler                         0x0000092f   Thumb Code     0  startup_zxc400.o(.text)
    GPTIM16_0_IRQHandler                     0x0000092f   Thumb Code     0  startup_zxc400.o(.text)
    GPTIM16_1_IRQHandler                     0x0000092f   Thumb Code     0  startup_zxc400.o(.text)
    GPTIM16_2_IRQHandler                     0x0000092f   Thumb Code     0  startup_zxc400.o(.text)
    GPTIM16_3_IRQHandler                     0x0000092f   Thumb Code     0  startup_zxc400.o(.text)
    GPTIM32_0_IRQHandler                     0x0000092f   Thumb Code     0  startup_zxc400.o(.text)
    GPTIM32_1_IRQHandler                     0x0000092f   Thumb Code     0  startup_zxc400.o(.text)
    IWDOG_IRQHandler                         0x0000092f   Thumb Code     0  startup_zxc400.o(.text)
    LPI2C2_IRQHandler                        0x0000092f   Thumb Code     0  startup_zxc400.o(.text)
    LPI2C3_IRQHandler                        0x0000092f   Thumb Code     0  startup_zxc400.o(.text)
    LPSPI0_IRQHandler                        0x0000092f   Thumb Code     0  startup_zxc400.o(.text)
    LPSPI1_IRQHandler                        0x0000092f   Thumb Code     0  startup_zxc400.o(.text)
    LPSPI2_IRQHandler                        0x0000092f   Thumb Code     0  startup_zxc400.o(.text)
    LVD_IRQHandler                           0x0000092f   Thumb Code     0  startup_zxc400.o(.text)
    MCM_IRQHandler                           0x0000092f   Thumb Code     0  startup_zxc400.o(.text)
    QSPI_IRQHandler                          0x0000092f   Thumb Code     0  startup_zxc400.o(.text)
    RTC_ALM_IRQHandler                       0x0000092f   Thumb Code     0  startup_zxc400.o(.text)
    RTC_IRQHandler                           0x0000092f   Thumb Code     0  startup_zxc400.o(.text)
    Reserved101_IRQHandler                   0x0000092f   Thumb Code     0  startup_zxc400.o(.text)
    Reserved116_IRQHandler                   0x0000092f   Thumb Code     0  startup_zxc400.o(.text)
    Reserved117_IRQHandler                   0x0000092f   Thumb Code     0  startup_zxc400.o(.text)
    Reserved118_IRQHandler                   0x0000092f   Thumb Code     0  startup_zxc400.o(.text)
    Reserved52_IRQHandler                    0x0000092f   Thumb Code     0  startup_zxc400.o(.text)
    Reserved53_IRQHandler                    0x0000092f   Thumb Code     0  startup_zxc400.o(.text)
    Reserved55_IRQHandler                    0x0000092f   Thumb Code     0  startup_zxc400.o(.text)
    Reserved56_IRQHandler                    0x0000092f   Thumb Code     0  startup_zxc400.o(.text)
    Reserved58_IRQHandler                    0x0000092f   Thumb Code     0  startup_zxc400.o(.text)
    Reserved64_IRQHandler                    0x0000092f   Thumb Code     0  startup_zxc400.o(.text)
    Reserved68_IRQHandler                    0x0000092f   Thumb Code     0  startup_zxc400.o(.text)
    Reserved71_IRQHandler                    0x0000092f   Thumb Code     0  startup_zxc400.o(.text)
    Reserved80_IRQHandler                    0x0000092f   Thumb Code     0  startup_zxc400.o(.text)
    SPM_IRQHandler                           0x0000092f   Thumb Code     0  startup_zxc400.o(.text)
    SRC_IRQHandler                           0x0000092f   Thumb Code     0  startup_zxc400.o(.text)
    Sram_1_ECC_IRQHandler                    0x0000092f   Thumb Code     0  startup_zxc400.o(.text)
    Sram_2_ECC_IRQHandler                    0x0000092f   Thumb Code     0  startup_zxc400.o(.text)
    WWDOG_IRQHandler                         0x0000092f   Thumb Code     0  startup_zxc400.o(.text)
    vsnprintf                                0x0000094d   Thumb Code    48  vsnprintf.o(.text)
    strlen                                   0x00000981   Thumb Code    62  strlen.o(.text)
    _printf_pre_padding                      0x000009bf   Thumb Code    44  _printf_pad.o(.text)
    _printf_post_padding                     0x000009eb   Thumb Code    34  _printf_pad.o(.text)
    _printf_truncate_signed                  0x00000a0d   Thumb Code    18  _printf_truncate.o(.text)
    _printf_truncate_unsigned                0x00000a1f   Thumb Code    18  _printf_truncate.o(.text)
    _printf_str                              0x00000a31   Thumb Code    82  _printf_str.o(.text)
    _printf_int_dec                          0x00000a85   Thumb Code   104  _printf_dec.o(.text)
    _printf_charcount                        0x00000afd   Thumb Code    40  _printf_charcount.o(.text)
    _printf_char_common                      0x00000b2f   Thumb Code    32  _printf_char_common.o(.text)
    _sputc                                   0x00000b55   Thumb Code    10  _sputc.o(.text)
    _snputc                                  0x00000b5f   Thumb Code    16  _snputc.o(.text)
    _printf_wctomb                           0x00000b71   Thumb Code   182  _printf_wctomb.o(.text)
    _printf_longlong_dec                     0x00000c2d   Thumb Code   108  _printf_longlong_dec.o(.text)
    _printf_longlong_oct                     0x00000ca9   Thumb Code    68  _printf_oct_int_ll.o(.text)
    _printf_int_oct                          0x00000ced   Thumb Code    24  _printf_oct_int_ll.o(.text)
    _printf_ll_oct                           0x00000d05   Thumb Code    12  _printf_oct_int_ll.o(.text)
    _printf_longlong_hex                     0x00000d19   Thumb Code    86  _printf_hex_int_ll_ptr.o(.text)
    _printf_int_hex                          0x00000d6f   Thumb Code    28  _printf_hex_int_ll_ptr.o(.text)
    _printf_ll_hex                           0x00000d8b   Thumb Code    12  _printf_hex_int_ll_ptr.o(.text)
    _printf_hex_ptr                          0x00000d97   Thumb Code    18  _printf_hex_int_ll_ptr.o(.text)
    __printf                                 0x00000dad   Thumb Code   388  __printf_flags_ss_wp.o(.text)
    _ll_udiv10                               0x00000f35   Thumb Code   138  lludiv10.o(.text)
    _printf_int_common                       0x00000fbf   Thumb Code   178  _printf_intcommon.o(.text)
    _printf_fp_dec_real                      0x00001221   Thumb Code   620  _printf_fp_dec.o(.text)
    _printf_fp_hex_real                      0x0000148d   Thumb Code   756  _printf_fp_hex.o(.text)
    _printf_cs_common                        0x00001789   Thumb Code    20  _printf_char.o(.text)
    _printf_char                             0x0000179d   Thumb Code    16  _printf_char.o(.text)
    _printf_string                           0x000017ad   Thumb Code     8  _printf_char.o(.text)
    _printf_lcs_common                       0x000017b5   Thumb Code    20  _printf_wchar.o(.text)
    _printf_wchar                            0x000017c9   Thumb Code    16  _printf_wchar.o(.text)
    _printf_wstring                          0x000017d9   Thumb Code     8  _printf_wchar.o(.text)
    _c16rtomb                                0x000017e1   Thumb Code    72  _c16rtomb.o(.text)
    _wcrtomb                                 0x000017e1   Thumb Code     0  _c16rtomb.o(.text)
    __rt_ctype_table                         0x00001829   Thumb Code    16  rt_ctype_table.o(.text)
    __rt_locale                              0x00001839   Thumb Code     8  rt_locale_intlibspace.o(.text)
    _printf_fp_infnan                        0x00001841   Thumb Code   112  _printf_fp_infnan.o(.text)
    _btod_etento                             0x000018c1   Thumb Code   224  bigflt0.o(.text)
    exit                                     0x000019a5   Thumb Code    18  exit.o(.text)
    strcmp                                   0x000019b9   Thumb Code   124  strcmpv7em.o(.text)
    __I$use$semihosting                      0x00001a35   Thumb Code     0  use_no_semi.o(.text)
    __use_no_semihosting_swi                 0x00001a35   Thumb Code     2  use_no_semi.o(.text)
    __semihosting_library_function           0x00001a37   Thumb Code     0  indicate_semi.o(.text)
    _sys_exit                                0x00001a39   Thumb Code     8  sys_exit.o(.text)
    CLOCK_DRV_GetFreq                        0x00001a45   Thumb Code  1744  clock_driver.o(.text.CLOCK_DRV_GetFreq)
    CLOCK_DRV_SetClockSource                 0x00002115   Thumb Code   238  clock_driver.o(.text.CLOCK_DRV_SetClockSource)
    CLOCK_DRV_SetModuleClock                 0x00002205   Thumb Code  2600  clock_driver.o(.text.CLOCK_DRV_SetModuleClock)
    CLOCK_SYS_GetFreq                        0x00002fd1   Thumb Code    28  clock_driver.o(.text.CLOCK_SYS_GetFreq)
    DMA0_IRQHandler                          0x0000345d   Thumb Code    10  edma_irq.o(.text.DMA0_IRQHandler)
    DMA10_IRQHandler                         0x00003469   Thumb Code    10  edma_irq.o(.text.DMA10_IRQHandler)
    DMA11_IRQHandler                         0x00003475   Thumb Code    10  edma_irq.o(.text.DMA11_IRQHandler)
    DMA12_IRQHandler                         0x00003481   Thumb Code    10  edma_irq.o(.text.DMA12_IRQHandler)
    DMA13_IRQHandler                         0x0000348d   Thumb Code    10  edma_irq.o(.text.DMA13_IRQHandler)
    DMA14_IRQHandler                         0x00003499   Thumb Code    10  edma_irq.o(.text.DMA14_IRQHandler)
    DMA15_IRQHandler                         0x000034a5   Thumb Code    10  edma_irq.o(.text.DMA15_IRQHandler)
    DMA1_IRQHandler                          0x000034b1   Thumb Code    10  edma_irq.o(.text.DMA1_IRQHandler)
    DMA2_IRQHandler                          0x000034bd   Thumb Code    10  edma_irq.o(.text.DMA2_IRQHandler)
    DMA3_IRQHandler                          0x000034c9   Thumb Code    10  edma_irq.o(.text.DMA3_IRQHandler)
    DMA4_IRQHandler                          0x000034d5   Thumb Code    10  edma_irq.o(.text.DMA4_IRQHandler)
    DMA5_IRQHandler                          0x000034e1   Thumb Code    10  edma_irq.o(.text.DMA5_IRQHandler)
    DMA6_IRQHandler                          0x000034ed   Thumb Code    10  edma_irq.o(.text.DMA6_IRQHandler)
    DMA7_IRQHandler                          0x000034f9   Thumb Code    10  edma_irq.o(.text.DMA7_IRQHandler)
    DMA8_IRQHandler                          0x00003505   Thumb Code    10  edma_irq.o(.text.DMA8_IRQHandler)
    DMA9_IRQHandler                          0x00003511   Thumb Code    10  edma_irq.o(.text.DMA9_IRQHandler)
    DMA_Error_IRQHandler                     0x00003641   Thumb Code    86  edma_irq.o(.text.DMA_Error_IRQHandler)
    EDMA_DRV_ConfigMultiBlockTransfer        0x00003731   Thumb Code   186  edma_driver.o(.text.EDMA_DRV_ConfigMultiBlockTransfer)
    EDMA_DRV_ConfigSingleBlockTransfer       0x000037ed   Thumb Code   408  edma_driver.o(.text.EDMA_DRV_ConfigSingleBlockTransfer)
    EDMA_DRV_DisableRequestsOnTransferComplete 0x00003985   Thumb Code    84  edma_driver.o(.text.EDMA_DRV_DisableRequestsOnTransferComplete)
    EDMA_DRV_ErrorIRQHandler                 0x000039d9   Thumb Code   160  edma_driver.o(.text.EDMA_DRV_ErrorIRQHandler)
    EDMA_DRV_GetDmaRegBaseAddr               0x00003a79   Thumb Code    22  edma_driver.o(.text.EDMA_DRV_GetDmaRegBaseAddr)
    EDMA_DRV_IRQHandler                      0x00003a91   Thumb Code    88  edma_driver.o(.text.EDMA_DRV_IRQHandler)
    EDMA_DRV_SetChannelRequestAndTrigger     0x00003ae9   Thumb Code   166  edma_driver.o(.text.EDMA_DRV_SetChannelRequestAndTrigger)
    EDMA_DRV_SetSrcLastAddrAdjustment        0x00003b91   Thumb Code    72  edma_driver.o(.text.EDMA_DRV_SetSrcLastAddrAdjustment)
    EDMA_DRV_StartChannel                    0x00003bd9   Thumb Code    74  edma_driver.o(.text.EDMA_DRV_StartChannel)
    EDMA_DRV_StopChannel                     0x00003c25   Thumb Code    76  edma_driver.o(.text.EDMA_DRV_StopChannel)
    EDMA_SetDmaRequestCmd                    0x00003c7d   Thumb Code    52  edma_hw_access.o(.text.EDMA_SetDmaRequestCmd)
    EDMA_TCDClearReg                         0x00003ce9   Thumb Code   192  edma_hw_access.o(.text.EDMA_TCDClearReg)
    EDMA_TCDSetAttribute                     0x00003da9   Thumb Code   114  edma_hw_access.o(.text.EDMA_TCDSetAttribute)
    EDMA_TCDSetMajorCount                    0x00003f29   Thumb Code   306  edma_hw_access.o(.text.EDMA_TCDSetMajorCount)
    EDMA_TCDSetNbytes                        0x0000405d   Thumb Code   214  edma_hw_access.o(.text.EDMA_TCDSetNbytes)
    I2C1_Slave_Receive_Test                  0x0000434d   Thumb Code   134  test_case.o(.text.I2C1_Slave_Receive_Test)
    I2C_Master_Init                          0x000043d5   Thumb Code   352  test_case.o(.text.I2C_Master_Init)
    I2C_Slave_Init                           0x00004535   Thumb Code   198  test_case.o(.text.I2C_Slave_Init)
    INT_SYS_EnableIRQ                        0x000045fd   Thumb Code    40  interrupt_manager_111111.o(.text.INT_SYS_EnableIRQ)
    INT_SYS_InstallHandler                   0x00004625   Thumb Code   132  interrupt_manager_111111.o(.text.INT_SYS_InstallHandler)
    LPI2C0_Master_IRQHandler                 0x000046a9   Thumb Code    10  lpi2c_irq.o(.text.LPI2C0_Master_IRQHandler)
    LPI2C0_Slave_IRQHandler                  0x000046b5   Thumb Code    10  lpi2c_irq.o(.text.LPI2C0_Slave_IRQHandler)
    LPI2C1_Master_IRQHandler                 0x000046c1   Thumb Code    10  lpi2c_irq.o(.text.LPI2C1_Master_IRQHandler)
    LPI2C1_Slave_IRQHandler                  0x000046cd   Thumb Code    10  lpi2c_irq.o(.text.LPI2C1_Slave_IRQHandler)
    LPI2C_DRV_MasterGetBaudRate              0x000048ed   Thumb Code   184  lpi2c_driver.o(.text.LPI2C_DRV_MasterGetBaudRate)
    LPI2C_DRV_MasterIRQHandler               0x00004ae5   Thumb Code   372  lpi2c_driver.o(.text.LPI2C_DRV_MasterIRQHandler)
    LPI2C_DRV_MasterInit                     0x00004c59   Thumb Code   304  lpi2c_driver.o(.text.LPI2C_DRV_MasterInit)
    LPI2C_DRV_MasterSendData                 0x00005029   Thumb Code   226  lpi2c_driver.o(.text.LPI2C_DRV_MasterSendData)
    LPI2C_DRV_MasterSetBaudRate              0x00005195   Thumb Code   594  lpi2c_driver.o(.text.LPI2C_DRV_MasterSetBaudRate)
    LPI2C_DRV_MasterSetSlaveAddr             0x00005455   Thumb Code    58  lpi2c_driver.o(.text.LPI2C_DRV_MasterSetSlaveAddr)
    LPI2C_DRV_SlaveGetTransferStatus         0x00005639   Thumb Code   100  lpi2c_driver.o(.text.LPI2C_DRV_SlaveGetTransferStatus)
    LPI2C_DRV_SlaveIRQHandler                0x000057b9   Thumb Code   370  lpi2c_driver.o(.text.LPI2C_DRV_SlaveIRQHandler)
    LPI2C_DRV_SlaveInit                      0x0000592d   Thumb Code   318  lpi2c_driver.o(.text.LPI2C_DRV_SlaveInit)
    LPI2C_DRV_SlaveReceiveData               0x00005a6d   Thumb Code   174  lpi2c_driver.o(.text.LPI2C_DRV_SlaveReceiveData)
    LPI2C_Init                               0x00005fb5   Thumb Code    40  lpi2c_hw_access.o(.text.LPI2C_Init)
    LPUART0_IRQHandler                       0x000066e5   Thumb Code    10  lpuart_driver.o(.text.LPUART0_IRQHandler)
    LPUART1_IRQHandler                       0x000066f1   Thumb Code    10  lpuart_driver.o(.text.LPUART1_IRQHandler)
    LPUART2_IRQHandler                       0x000066fd   Thumb Code    10  lpuart_driver.o(.text.LPUART2_IRQHandler)
    LPUART3_IRQHandler                       0x00006709   Thumb Code    10  lpuart_driver.o(.text.LPUART3_IRQHandler)
    LPUART4_IRQHandler                       0x00006715   Thumb Code    10  lpuart_driver.o(.text.LPUART4_IRQHandler)
    LPUART5_IRQHandler                       0x00006721   Thumb Code    10  lpuart_driver.o(.text.LPUART5_IRQHandler)
    LPUART6_IRQHandler                       0x0000672d   Thumb Code    10  lpuart_driver.o(.text.LPUART6_IRQHandler)
    LPUART7_IRQHandler                       0x00006739   Thumb Code    10  lpuart_driver.o(.text.LPUART7_IRQHandler)
    LPUART_DRV_Init                          0x000069e1   Thumb Code   380  lpuart_driver.o(.text.LPUART_DRV_Init)
    LPUART_DRV_IrqHandler                    0x00006b5d   Thumb Code   170  lpuart_driver.o(.text.LPUART_DRV_IrqHandler)
    LPUART_DRV_SendDataPolling               0x00006c95   Thumb Code   208  lpuart_driver.o(.text.LPUART_DRV_SendDataPolling)
    LPUART_DRV_SetBaudRate                   0x00006d65   Thumb Code   410  lpuart_driver.o(.text.LPUART_DRV_SetBaudRate)
    LPUART_GetIntMode                        0x000070ed   Thumb Code   138  lpuart_driver.o(.text.LPUART_GetIntMode)
    LPUART_GetStatusFlag                     0x00007179   Thumb Code   136  lpuart_driver.o(.text.LPUART_GetStatusFlag)
    LPUART_Init                              0x00007215   Thumb Code    56  lpuart_driver.o(.text.LPUART_Init)
    LPUART_SetBitCountPerChar                0x00007295   Thumb Code    98  lpuart_driver.o(.text.LPUART_SetBitCountPerChar)
    LPUART_SetErrorInterrupts                0x0000731d   Thumb Code   106  lpuart_driver.o(.text.LPUART_SetErrorInterrupts)
    LPUART_SetIntMode                        0x00007389   Thumb Code   188  lpuart_driver.o(.text.LPUART_SetIntMode)
    LPUART_SetParityMode                     0x00007471   Thumb Code    52  lpuart_driver.o(.text.LPUART_SetParityMode)
    OSIF_SemaCreate                          0x00007591   Thumb Code    24  osif_baremetal.o(.text.OSIF_SemaCreate)
    OSIF_SemaPost                            0x000075a9   Thumb Code    46  osif_baremetal.o(.text.OSIF_SemaPost)
    PINS_DRV_SetMuxModeSel                   0x000076a5   Thumb Code   130  pin_driver.o(.text.PINS_DRV_SetMuxModeSel)
    PINS_DRV_SetPullSel                      0x00007749   Thumb Code   212  pin_driver.o(.text.PINS_DRV_SetPullSel)
    SystemInit                               0x0000781d   Thumb Code   114  system_zxc400.o(.text.SystemInit)
    init_data_bss                            0x00007891   Thumb Code   116  startup.o(.text.init_data_bss)
    log_printf                               0x00007905   Thumb Code    68  log_print.o(.text.log_printf)
    log_uart_init                            0x00007949   Thumb Code   102  log_print.o(.text.log_uart_init)
    main                                     0x000079b1   Thumb Code    86  main.o(.text.main)
    test_delay                               0x00007a09   Thumb Code    24  main.o(.text.test_delay)
    _btod_d2e                                0x00007a21   Thumb Code    62  btod.o(CL$$btod_d2e)
    _d2e_denorm_low                          0x00007a5f   Thumb Code    70  btod.o(CL$$btod_d2e_denorm_low)
    _d2e_norm_op1                            0x00007aa5   Thumb Code    96  btod.o(CL$$btod_d2e_norm_op1)
    __btod_div_common                        0x00007b05   Thumb Code   696  btod.o(CL$$btod_div_common)
    _e2e                                     0x00007e3d   Thumb Code   220  btod.o(CL$$btod_e2e)
    _btod_ediv                               0x00007f19   Thumb Code    42  btod.o(CL$$btod_ediv)
    _btod_emul                               0x00007f43   Thumb Code    42  btod.o(CL$$btod_emul)
    __btod_mult_common                       0x00007f6d   Thumb Code   580  btod.o(CL$$btod_mult_common)
    __ARM_fpclassify                         0x000081b1   Thumb Code    40  fpclassify.o(i.__ARM_fpclassify)
    _is_digit                                0x000081d9   Thumb Code    14  __printf_wp.o(i._is_digit)
    _get_lc_numeric                          0x000081e9   Thumb Code    44  lc_numeric_c.o(locale$$code)
    _get_lc_ctype                            0x00008215   Thumb Code    44  lc_ctype_c.o(locale$$code)
    _printf_fp_dec                           0x00008241   Thumb Code     4  printf1.o(x$fpl$printf1)
    _printf_fp_hex                           0x00008245   Thumb Code     4  printf2.o(x$fpl$printf2)
    Region$$Table$$Base                      0x00008248   Number         0  anon$$obj.o(Region$$Table)
    __I$use$fp                               0x00008248   Number         0  usenofp.o(x$fpl$usenofp)
    Image$$ER_m_text$$Limit                  0x00008268   Number         0  anon$$obj.o ABSOLUTE
    Region$$Table$$Limit                     0x00008268   Number         0  anon$$obj.o(Region$$Table)
    Image$$VECTOR_RAM$$Base                  0x1fff8000   Number         0  anon$$obj.o ABSOLUTE
    Image$$RW_m_data$$Base                   0x1fff8400   Number         0  anon$$obj.o ABSOLUTE
    Set_Baudrate                             0x1fff8400   Data           8  test_case.o(.data.Set_Baudrate)
    g_lpuart_Isrs                            0x1fff8408   Data          32  lpuart_driver.o(.data.g_lpuart_Isrs)
    g_master_txBuff                          0x1fff8428   Data           6  test_case.o(.data.g_master_txBuff)
    g_slave_txBuff                           0x1fff842e   Data           6  test_case.o(.data.g_slave_txBuff)
    print_module_clk                         0x1fff8434   Data           8  log_print.o(.data.print_module_clk)
    select_clk                               0x1fff843c   Data           2  main.o(.data.select_clk)
    Image$$RW_m_code$$Base                   0x1fff8440   Number         0  anon$$obj.o ABSOLUTE
    Image$$RW_m_code$$Limit                  0x1fff8440   Number         0  anon$$obj.o ABSOLUTE
    Image$$RW_m_data$$Limit                  0x1fff8440   Number         0  anon$$obj.o ABSOLUTE
    Image$$RW_m_custom_section$$Base         0x20000000   Number         0  anon$$obj.o ABSOLUTE
    Image$$RW_m_custom_section$$Limit        0x20000000   Number         0  anon$$obj.o ABSOLUTE
    Image$$RW_m_data_2$$ZI$$Base             0x20000000   Number         0  anon$$obj.o ABSOLUTE
    __libspace_start                         0x20000000   Data          96  libspace.o(.bss)
    Get_Baudrate                             0x20000060   Data           4  test_case.o(.bss.Get_Baudrate)
    __temporary_stack_top$libspace           0x20000060   Data           0  libspace.o(.bss)
    g_slave_rxBuff                           0x20000074   Data           6  test_case.o(.bss.g_slave_rxBuff)
    i2c0_master_state                        0x2000007c   Data          64  test_case.o(.bss.i2c0_master_state)
    i2c1_slave_state                         0x200000bc   Data          36  test_case.o(.bss.i2c1_slave_state)
    Image$$ARM_LIB_HEAP$$ZI$$Base            0x20000130   Number         0  anon$$obj.o ABSOLUTE
    Image$$RW_m_data_2$$ZI$$Limit            0x20000130   Number         0  anon$$obj.o ABSOLUTE
    Image$$ARM_LIB_HEAP$$ZI$$Limit           0x20000530   Number         0  anon$$obj.o ABSOLUTE
    Image$$ARM_LIB_STACK$$Limit              0x20005000   Number         0  anon$$obj.o ABSOLUTE
    Image$$ARM_LIB_STACK$$ZI$$Limit          0x20007000   Number         0  anon$$obj.o ABSOLUTE



==============================================================================

Memory Map of the image

  Image Entry point : 0x00000749

  Load Region LR_m_text (Base: 0x00000000, Size: 0x000082a8, Max: 0x00080000, ABSOLUTE)

    Execution Region VECTOR_ROM (Exec base: 0x00000000, Load base: 0x00000000, Size: 0x0000021c, Max: 0x00000400, ABSOLUTE)

    Exec Addr    Load Addr    Size         Type   Attr      Idx    E Section Name        Object

    0x00000000   0x00000000   0x0000021c   Data   RO         1539    RESET               startup_zxc400.o


    Execution Region ER_m_text_const (Exec base: 0x00000400, Load base: 0x00000400, Size: 0x00000344, Max: 0xffffffff, ABSOLUTE, FIXED)

    Exec Addr    Load Addr    Size         Type   Attr      Idx    E Section Name        Object

    0x00000400   0x00000400   0x00000008   Data   RO         1608    .constdata          c_w.l(_printf_wctomb.o)
    0x00000408   0x00000408   0x00000028   Data   RO         1637    .constdata          c_w.l(_printf_hex_int_ll_ptr.o)
    0x00000430   0x00000430   0x00000011   Data   RO         1657    .constdata          c_w.l(__printf_flags_ss_wp.o)
    0x00000441   0x00000441   0x00000026   Data   RO         1719    .constdata          c_w.l(_printf_fp_hex.o)
    0x00000467   0x00000467   0x00000001   PAD
    0x00000468   0x00000468   0x00000094   Data   RO         1742    .constdata          c_w.l(bigflt0.o)
    0x000004fc   0x000004fc   0x0000000c   Data   RO         1450    .rodata.UartConfig  log_print.o
    0x00000508   0x00000508   0x00000008   Data   RO         1398    .rodata.g_lpi2cBase  lpi2c_driver.o
    0x00000510   0x00000510   0x00000002   Data   RO         1397    .rodata.g_lpi2cClock  lpi2c_driver.o
    0x00000512   0x00000512   0x00000002   Data   RO         1400    .rodata.g_lpi2cMasterIrqId  lpi2c_driver.o
    0x00000514   0x00000514   0x00000002   Data   RO         1404    .rodata.g_lpi2cRxDMASrc  lpi2c_driver.o
    0x00000516   0x00000516   0x00000002   Data   RO         1402    .rodata.g_lpi2cSlaveIrqId  lpi2c_driver.o
    0x00000518   0x00000518   0x00000002   Data   RO         1403    .rodata.g_lpi2cTxDMASrc  lpi2c_driver.o
    0x0000051a   0x0000051a   0x00000002   PAD
    0x0000051c   0x0000051c   0x00000014   Data   RO         1503    .rodata.lpi2c0_MasterConfig0  test_case.o
    0x00000530   0x00000530   0x0000000c   Data   RO         1504    .rodata.lpi2c1_SlaveConfig0  test_case.o
    0x0000053c   0x0000053c   0x00000004   Data   RO          264    .rodata.s_dmaMuxBase  edma_driver.o
    0x00000540   0x00000540   0x00000004   Data   RO          261    .rodata.s_edmaBase  edma_driver.o
    0x00000544   0x00000544   0x00000020   Data   RO          788    .rodata.s_lpuartBase  lpuart_driver.o
    0x00000564   0x00000564   0x00000008   Data   RO          789    .rodata.s_lpuartClkNames  lpuart_driver.o
    0x0000056c   0x0000056c   0x00000008   Data   RO          791    .rodata.s_lpuartIrqId  lpuart_driver.o
    0x00000574   0x00000574   0x00000004   Data   RO         1517    .rodata.s_vectors   startup.o
    0x00000578   0x00000578   0x0000001b   Data   RO         1465    .rodata.str1.1      main.o
    0x00000593   0x00000593   0x00000082   Data   RO         1506    .rodata.str1.1      test_case.o
    0x00000615   0x00000615   0x00000003   PAD
    0x00000618   0x00000618   0x0000001c   Data   RO         1768    locale$$data        c_w.l(lc_numeric_c.o)
    0x00000634   0x00000634   0x00000110   Data   RO         1795    locale$$data        c_w.l(lc_ctype_c.o)


    Execution Region ER_m_text (Exec base: 0x00000748, Load base: 0x00000748, Size: 0x00007b20, Max: 0x0007fc00, ABSOLUTE)

    Exec Addr    Load Addr    Size         Type   Attr      Idx    E Section Name        Object

    0x00000748   0x00000748   0x00000008   Code   RO         1586  * !!!main             c_w.l(__main.o)
    0x00000750   0x00000750   0x00000034   Code   RO         1936    !!!scatter          c_w.l(__scatter.o)
    0x00000784   0x00000784   0x0000001a   Code   RO         1938    !!handler_copy      c_w.l(__scatter_copy.o)
    0x0000079e   0x0000079e   0x00000002   PAD
    0x000007a0   0x000007a0   0x0000001c   Code   RO         1940    !!handler_zi        c_w.l(__scatter_zi.o)
    0x000007bc   0x000007bc   0x00000000   Code   RO         1672    .ARM.Collect$$_printf_percent$$00000000  c_w.l(_printf_percent.o)
    0x000007bc   0x000007bc   0x00000006   Code   RO         1661    .ARM.Collect$$_printf_percent$$00000001  c_w.l(_printf_n.o)
    0x000007c2   0x000007c2   0x00000006   Code   RO         1663    .ARM.Collect$$_printf_percent$$00000002  c_w.l(_printf_p.o)
    0x000007c8   0x000007c8   0x00000006   Code   RO         1668    .ARM.Collect$$_printf_percent$$00000003  c_w.l(_printf_f.o)
    0x000007ce   0x000007ce   0x00000006   Code   RO         1669    .ARM.Collect$$_printf_percent$$00000004  c_w.l(_printf_e.o)
    0x000007d4   0x000007d4   0x00000006   Code   RO         1670    .ARM.Collect$$_printf_percent$$00000005  c_w.l(_printf_g.o)
    0x000007da   0x000007da   0x00000006   Code   RO         1671    .ARM.Collect$$_printf_percent$$00000006  c_w.l(_printf_a.o)
    0x000007e0   0x000007e0   0x0000000a   Code   RO         1676    .ARM.Collect$$_printf_percent$$00000007  c_w.l(_printf_ll.o)
    0x000007ea   0x000007ea   0x00000006   Code   RO         1665    .ARM.Collect$$_printf_percent$$00000008  c_w.l(_printf_i.o)
    0x000007f0   0x000007f0   0x00000006   Code   RO         1666    .ARM.Collect$$_printf_percent$$00000009  c_w.l(_printf_d.o)
    0x000007f6   0x000007f6   0x00000006   Code   RO         1667    .ARM.Collect$$_printf_percent$$0000000A  c_w.l(_printf_u.o)
    0x000007fc   0x000007fc   0x00000006   Code   RO         1664    .ARM.Collect$$_printf_percent$$0000000B  c_w.l(_printf_o.o)
    0x00000802   0x00000802   0x00000006   Code   RO         1662    .ARM.Collect$$_printf_percent$$0000000C  c_w.l(_printf_x.o)
    0x00000808   0x00000808   0x00000006   Code   RO         1673    .ARM.Collect$$_printf_percent$$0000000D  c_w.l(_printf_lli.o)
    0x0000080e   0x0000080e   0x00000006   Code   RO         1674    .ARM.Collect$$_printf_percent$$0000000E  c_w.l(_printf_lld.o)
    0x00000814   0x00000814   0x00000006   Code   RO         1675    .ARM.Collect$$_printf_percent$$0000000F  c_w.l(_printf_llu.o)
    0x0000081a   0x0000081a   0x00000006   Code   RO         1680    .ARM.Collect$$_printf_percent$$00000010  c_w.l(_printf_llo.o)
    0x00000820   0x00000820   0x00000006   Code   RO         1681    .ARM.Collect$$_printf_percent$$00000011  c_w.l(_printf_llx.o)
    0x00000826   0x00000826   0x0000000a   Code   RO         1677    .ARM.Collect$$_printf_percent$$00000012  c_w.l(_printf_l.o)
    0x00000830   0x00000830   0x00000006   Code   RO         1659    .ARM.Collect$$_printf_percent$$00000013  c_w.l(_printf_c.o)
    0x00000836   0x00000836   0x00000006   Code   RO         1660    .ARM.Collect$$_printf_percent$$00000014  c_w.l(_printf_s.o)
    0x0000083c   0x0000083c   0x00000006   Code   RO         1678    .ARM.Collect$$_printf_percent$$00000015  c_w.l(_printf_lc.o)
    0x00000842   0x00000842   0x00000006   Code   RO         1679    .ARM.Collect$$_printf_percent$$00000016  c_w.l(_printf_ls.o)
    0x00000848   0x00000848   0x00000004   Code   RO         1727    .ARM.Collect$$_printf_percent$$00000017  c_w.l(_printf_percent_end.o)
    0x0000084c   0x0000084c   0x00000002   Code   RO         1778    .ARM.Collect$$libinit$$00000000  c_w.l(libinit.o)
    0x0000084e   0x0000084e   0x00000000   Code   RO         1801    .ARM.Collect$$libinit$$00000002  c_w.l(libinit2.o)
    0x0000084e   0x0000084e   0x00000000   Code   RO         1803    .ARM.Collect$$libinit$$00000004  c_w.l(libinit2.o)
    0x0000084e   0x0000084e   0x00000000   Code   RO         1806    .ARM.Collect$$libinit$$0000000A  c_w.l(libinit2.o)
    0x0000084e   0x0000084e   0x00000000   Code   RO         1808    .ARM.Collect$$libinit$$0000000C  c_w.l(libinit2.o)
    0x0000084e   0x0000084e   0x00000000   Code   RO         1810    .ARM.Collect$$libinit$$0000000E  c_w.l(libinit2.o)
    0x0000084e   0x0000084e   0x00000006   Code   RO         1811    .ARM.Collect$$libinit$$0000000F  c_w.l(libinit2.o)
    0x00000854   0x00000854   0x00000000   Code   RO         1813    .ARM.Collect$$libinit$$00000011  c_w.l(libinit2.o)
    0x00000854   0x00000854   0x0000000c   Code   RO         1814    .ARM.Collect$$libinit$$00000012  c_w.l(libinit2.o)
    0x00000860   0x00000860   0x00000000   Code   RO         1815    .ARM.Collect$$libinit$$00000013  c_w.l(libinit2.o)
    0x00000860   0x00000860   0x00000000   Code   RO         1817    .ARM.Collect$$libinit$$00000015  c_w.l(libinit2.o)
    0x00000860   0x00000860   0x0000000a   Code   RO         1818    .ARM.Collect$$libinit$$00000016  c_w.l(libinit2.o)
    0x0000086a   0x0000086a   0x00000000   Code   RO         1819    .ARM.Collect$$libinit$$00000017  c_w.l(libinit2.o)
    0x0000086a   0x0000086a   0x00000000   Code   RO         1821    .ARM.Collect$$libinit$$00000019  c_w.l(libinit2.o)
    0x0000086a   0x0000086a   0x00000000   Code   RO         1823    .ARM.Collect$$libinit$$0000001B  c_w.l(libinit2.o)
    0x0000086a   0x0000086a   0x00000000   Code   RO         1825    .ARM.Collect$$libinit$$0000001D  c_w.l(libinit2.o)
    0x0000086a   0x0000086a   0x00000000   Code   RO         1827    .ARM.Collect$$libinit$$0000001F  c_w.l(libinit2.o)
    0x0000086a   0x0000086a   0x00000000   Code   RO         1829    .ARM.Collect$$libinit$$00000021  c_w.l(libinit2.o)
    0x0000086a   0x0000086a   0x00000000   Code   RO         1831    .ARM.Collect$$libinit$$00000023  c_w.l(libinit2.o)
    0x0000086a   0x0000086a   0x00000000   Code   RO         1833    .ARM.Collect$$libinit$$00000025  c_w.l(libinit2.o)
    0x0000086a   0x0000086a   0x00000000   Code   RO         1837    .ARM.Collect$$libinit$$0000002C  c_w.l(libinit2.o)
    0x0000086a   0x0000086a   0x00000000   Code   RO         1839    .ARM.Collect$$libinit$$0000002E  c_w.l(libinit2.o)
    0x0000086a   0x0000086a   0x00000000   Code   RO         1841    .ARM.Collect$$libinit$$00000030  c_w.l(libinit2.o)
    0x0000086a   0x0000086a   0x00000000   Code   RO         1843    .ARM.Collect$$libinit$$00000032  c_w.l(libinit2.o)
    0x0000086a   0x0000086a   0x00000002   Code   RO         1844    .ARM.Collect$$libinit$$00000033  c_w.l(libinit2.o)
    0x0000086c   0x0000086c   0x00000002   Code   RO         1875    .ARM.Collect$$libshutdown$$00000000  c_w.l(libshutdown.o)
    0x0000086e   0x0000086e   0x00000000   Code   RO         1887    .ARM.Collect$$libshutdown$$00000002  c_w.l(libshutdown2.o)
    0x0000086e   0x0000086e   0x00000000   Code   RO         1889    .ARM.Collect$$libshutdown$$00000004  c_w.l(libshutdown2.o)
    0x0000086e   0x0000086e   0x00000000   Code   RO         1892    .ARM.Collect$$libshutdown$$00000007  c_w.l(libshutdown2.o)
    0x0000086e   0x0000086e   0x00000000   Code   RO         1895    .ARM.Collect$$libshutdown$$0000000A  c_w.l(libshutdown2.o)
    0x0000086e   0x0000086e   0x00000000   Code   RO         1897    .ARM.Collect$$libshutdown$$0000000C  c_w.l(libshutdown2.o)
    0x0000086e   0x0000086e   0x00000000   Code   RO         1900    .ARM.Collect$$libshutdown$$0000000F  c_w.l(libshutdown2.o)
    0x0000086e   0x0000086e   0x00000002   Code   RO         1901    .ARM.Collect$$libshutdown$$00000010  c_w.l(libshutdown2.o)
    0x00000870   0x00000870   0x00000000   Code   RO         1588    .ARM.Collect$$rtentry$$00000000  c_w.l(__rtentry.o)
    0x00000870   0x00000870   0x00000000   Code   RO         1691    .ARM.Collect$$rtentry$$00000002  c_w.l(__rtentry2.o)
    0x00000870   0x00000870   0x00000004   Code   RO         1705    .ARM.Collect$$rtentry$$00000007  c_w.l(__rtentry7.o)
    0x00000874   0x00000874   0x00000000   Code   RO         1693    .ARM.Collect$$rtentry$$00000009  c_w.l(__rtentry2.o)
    0x00000874   0x00000874   0x00000004   Code   RO         1694    .ARM.Collect$$rtentry$$0000000A  c_w.l(__rtentry2.o)
    0x00000878   0x00000878   0x00000000   Code   RO         1696    .ARM.Collect$$rtentry$$0000000C  c_w.l(__rtentry2.o)
    0x00000878   0x00000878   0x00000008   Code   RO         1697    .ARM.Collect$$rtentry$$0000000D  c_w.l(__rtentry2.o)
    0x00000880   0x00000880   0x00000004   Code   RO         1706    .ARM.Collect$$rtentry$$00002718  c_w.l(__rtentry7.o)
    0x00000884   0x00000884   0x00000002   Code   RO         1791    .ARM.Collect$$rtexit$$00000000  c_w.l(rtexit.o)
    0x00000886   0x00000886   0x00000000   Code   RO         1853    .ARM.Collect$$rtexit$$00000002  c_w.l(rtexit2.o)
    0x00000886   0x00000886   0x00000004   Code   RO         1854    .ARM.Collect$$rtexit$$00000003  c_w.l(rtexit2.o)
    0x0000088a   0x0000088a   0x00000006   Code   RO         1855    .ARM.Collect$$rtexit$$00000004  c_w.l(rtexit2.o)
    0x00000890   0x00000890   0x000000bc   Code   RO         1538    .text               startup_zxc400.o
    0x0000094c   0x0000094c   0x00000034   Code   RO         1578    .text               c_w.l(vsnprintf.o)
    0x00000980   0x00000980   0x0000003e   Code   RO         1580    .text               c_w.l(strlen.o)
    0x000009be   0x000009be   0x0000004e   Code   RO         1591    .text               c_w.l(_printf_pad.o)
    0x00000a0c   0x00000a0c   0x00000024   Code   RO         1593    .text               c_w.l(_printf_truncate.o)
    0x00000a30   0x00000a30   0x00000052   Code   RO         1595    .text               c_w.l(_printf_str.o)
    0x00000a82   0x00000a82   0x00000002   PAD
    0x00000a84   0x00000a84   0x00000078   Code   RO         1597    .text               c_w.l(_printf_dec.o)
    0x00000afc   0x00000afc   0x00000028   Code   RO         1599    .text               c_w.l(_printf_charcount.o)
    0x00000b24   0x00000b24   0x00000030   Code   RO         1601    .text               c_w.l(_printf_char_common.o)
    0x00000b54   0x00000b54   0x0000000a   Code   RO         1603    .text               c_w.l(_sputc.o)
    0x00000b5e   0x00000b5e   0x00000010   Code   RO         1605    .text               c_w.l(_snputc.o)
    0x00000b6e   0x00000b6e   0x00000002   PAD
    0x00000b70   0x00000b70   0x000000bc   Code   RO         1607    .text               c_w.l(_printf_wctomb.o)
    0x00000c2c   0x00000c2c   0x0000007c   Code   RO         1610    .text               c_w.l(_printf_longlong_dec.o)
    0x00000ca8   0x00000ca8   0x00000070   Code   RO         1616    .text               c_w.l(_printf_oct_int_ll.o)
    0x00000d18   0x00000d18   0x00000094   Code   RO         1636    .text               c_w.l(_printf_hex_int_ll_ptr.o)
    0x00000dac   0x00000dac   0x00000188   Code   RO         1656    .text               c_w.l(__printf_flags_ss_wp.o)
    0x00000f34   0x00000f34   0x0000008a   Code   RO         1710    .text               c_w.l(lludiv10.o)
    0x00000fbe   0x00000fbe   0x000000b2   Code   RO         1712    .text               c_w.l(_printf_intcommon.o)
    0x00001070   0x00001070   0x0000041c   Code   RO         1714    .text               c_w.l(_printf_fp_dec.o)
    0x0000148c   0x0000148c   0x000002fc   Code   RO         1718    .text               c_w.l(_printf_fp_hex.o)
    0x00001788   0x00001788   0x0000002c   Code   RO         1723    .text               c_w.l(_printf_char.o)
    0x000017b4   0x000017b4   0x0000002c   Code   RO         1725    .text               c_w.l(_printf_wchar.o)
    0x000017e0   0x000017e0   0x00000048   Code   RO         1728    .text               c_w.l(_c16rtomb.o)
    0x00001828   0x00001828   0x00000010   Code   RO         1732    .text               c_w.l(rt_ctype_table.o)
    0x00001838   0x00001838   0x00000008   Code   RO         1737    .text               c_w.l(rt_locale_intlibspace.o)
    0x00001840   0x00001840   0x00000080   Code   RO         1739    .text               c_w.l(_printf_fp_infnan.o)
    0x000018c0   0x000018c0   0x000000e4   Code   RO         1741    .text               c_w.l(bigflt0.o)
    0x000019a4   0x000019a4   0x00000012   Code   RO         1771    .text               c_w.l(exit.o)
    0x000019b6   0x000019b6   0x00000002   PAD
    0x000019b8   0x000019b8   0x0000007c   Code   RO         1798    .text               c_w.l(strcmpv7em.o)
    0x00001a34   0x00001a34   0x00000002   Code   RO         1849    .text               c_w.l(use_no_semi.o)
    0x00001a36   0x00001a36   0x00000000   Code   RO         1851    .text               c_w.l(indicate_semi.o)
    0x00001a36   0x00001a36   0x00000002   PAD
    0x00001a38   0x00001a38   0x0000000c   Code   RO         1865    .text               c_w.l(sys_exit.o)
    0x00001a44   0x00001a44   0x000006d0   Code   RO            5    .text.CLOCK_DRV_GetFreq  clock_driver.o
    0x00002114   0x00002114   0x000000ee   Code   RO           65    .text.CLOCK_DRV_SetClockSource  clock_driver.o
    0x00002202   0x00002202   0x00000002   PAD
    0x00002204   0x00002204   0x00000a28   Code   RO           63    .text.CLOCK_DRV_SetModuleClock  clock_driver.o
    0x00002c2c   0x00002c2c   0x00000126   Code   RO           41    .text.CLOCK_SYS_GetClkOutFreq  clock_driver.o
    0x00002d52   0x00002d52   0x00000002   PAD
    0x00002d54   0x00002d54   0x00000022   Code   RO           39    .text.CLOCK_SYS_GetFirc1MFreq  clock_driver.o
    0x00002d76   0x00002d76   0x00000002   PAD
    0x00002d78   0x00002d78   0x0000009a   Code   RO           23    .text.CLOCK_SYS_GetFirc8MDiv1Freq  clock_driver.o
    0x00002e12   0x00002e12   0x00000002   PAD
    0x00002e14   0x00002e14   0x0000009a   Code   RO           25    .text.CLOCK_SYS_GetFirc8MDiv2Freq  clock_driver.o
    0x00002eae   0x00002eae   0x00000002   PAD
    0x00002eb0   0x00002eb0   0x00000022   Code   RO           21    .text.CLOCK_SYS_GetFirc8MFreq  clock_driver.o
    0x00002ed2   0x00002ed2   0x00000002   PAD
    0x00002ed4   0x00002ed4   0x00000072   Code   RO           27    .text.CLOCK_SYS_GetFircDiv1Freq  clock_driver.o
    0x00002f46   0x00002f46   0x00000002   PAD
    0x00002f48   0x00002f48   0x00000072   Code   RO           29    .text.CLOCK_SYS_GetFircDiv2Freq  clock_driver.o
    0x00002fba   0x00002fba   0x00000002   PAD
    0x00002fbc   0x00002fbc   0x00000012   Code   RO           11    .text.CLOCK_SYS_GetFircFreq  clock_driver.o
    0x00002fce   0x00002fce   0x00000002   PAD
    0x00002fd0   0x00002fd0   0x0000001c   Code   RO           75    .text.CLOCK_SYS_GetFreq  clock_driver.o
    0x00002fec   0x00002fec   0x0000002c   Code   RO           19    .text.CLOCK_SYS_GetLPOFreq  clock_driver.o
    0x00003018   0x00003018   0x00000006   Code   RO           17    .text.CLOCK_SYS_GetRTCInFreq  clock_driver.o
    0x0000301e   0x0000301e   0x00000002   PAD
    0x00003020   0x00003020   0x00000006   Code   RO            9    .text.CLOCK_SYS_GetSircFreq  clock_driver.o
    0x00003026   0x00003026   0x00000002   PAD
    0x00003028   0x00003028   0x0000007c   Code   RO           31    .text.CLOCK_SYS_GetSysOscDiv1Freq  clock_driver.o
    0x000030a4   0x000030a4   0x0000007c   Code   RO           33    .text.CLOCK_SYS_GetSysOscDiv2Freq  clock_driver.o
    0x00003120   0x00003120   0x0000002c   Code   RO           13    .text.CLOCK_SYS_GetSysOscFreq  clock_driver.o
    0x0000314c   0x0000314c   0x0000007c   Code   RO           35    .text.CLOCK_SYS_GetSysPllDiv1Freq  clock_driver.o
    0x000031c8   0x000031c8   0x0000007c   Code   RO           37    .text.CLOCK_SYS_GetSysPllDiv2Freq  clock_driver.o
    0x00003244   0x00003244   0x0000012a   Code   RO           15    .text.CLOCK_SYS_GetSysPllFreq  clock_driver.o
    0x0000336e   0x0000336e   0x00000002   PAD
    0x00003370   0x00003370   0x000000ec   Code   RO            7    .text.CLOCK_SYS_GetSystemClockFreq  clock_driver.o
    0x0000345c   0x0000345c   0x0000000a   Code   RO          307    .text.DMA0_IRQHandler  edma_irq.o
    0x00003466   0x00003466   0x00000002   PAD
    0x00003468   0x00003468   0x0000000a   Code   RO          327    .text.DMA10_IRQHandler  edma_irq.o
    0x00003472   0x00003472   0x00000002   PAD
    0x00003474   0x00003474   0x0000000a   Code   RO          329    .text.DMA11_IRQHandler  edma_irq.o
    0x0000347e   0x0000347e   0x00000002   PAD
    0x00003480   0x00003480   0x0000000a   Code   RO          331    .text.DMA12_IRQHandler  edma_irq.o
    0x0000348a   0x0000348a   0x00000002   PAD
    0x0000348c   0x0000348c   0x0000000a   Code   RO          333    .text.DMA13_IRQHandler  edma_irq.o
    0x00003496   0x00003496   0x00000002   PAD
    0x00003498   0x00003498   0x0000000a   Code   RO          335    .text.DMA14_IRQHandler  edma_irq.o
    0x000034a2   0x000034a2   0x00000002   PAD
    0x000034a4   0x000034a4   0x0000000a   Code   RO          337    .text.DMA15_IRQHandler  edma_irq.o
    0x000034ae   0x000034ae   0x00000002   PAD
    0x000034b0   0x000034b0   0x0000000a   Code   RO          309    .text.DMA1_IRQHandler  edma_irq.o
    0x000034ba   0x000034ba   0x00000002   PAD
    0x000034bc   0x000034bc   0x0000000a   Code   RO          311    .text.DMA2_IRQHandler  edma_irq.o
    0x000034c6   0x000034c6   0x00000002   PAD
    0x000034c8   0x000034c8   0x0000000a   Code   RO          313    .text.DMA3_IRQHandler  edma_irq.o
    0x000034d2   0x000034d2   0x00000002   PAD
    0x000034d4   0x000034d4   0x0000000a   Code   RO          315    .text.DMA4_IRQHandler  edma_irq.o
    0x000034de   0x000034de   0x00000002   PAD
    0x000034e0   0x000034e0   0x0000000a   Code   RO          317    .text.DMA5_IRQHandler  edma_irq.o
    0x000034ea   0x000034ea   0x00000002   PAD
    0x000034ec   0x000034ec   0x0000000a   Code   RO          319    .text.DMA6_IRQHandler  edma_irq.o
    0x000034f6   0x000034f6   0x00000002   PAD
    0x000034f8   0x000034f8   0x0000000a   Code   RO          321    .text.DMA7_IRQHandler  edma_irq.o
    0x00003502   0x00003502   0x00000002   PAD
    0x00003504   0x00003504   0x0000000a   Code   RO          323    .text.DMA8_IRQHandler  edma_irq.o
    0x0000350e   0x0000350e   0x00000002   PAD
    0x00003510   0x00003510   0x0000000a   Code   RO          325    .text.DMA9_IRQHandler  edma_irq.o
    0x0000351a   0x0000351a   0x00000002   PAD
    0x0000351c   0x0000351c   0x0000004a   Code   RO          190    .text.DMAMUX_SetChannelAlwaysON  edma_driver.o
    0x00003566   0x00003566   0x00000002   PAD
    0x00003568   0x00003568   0x0000004a   Code   RO          184    .text.DMAMUX_SetChannelCmd  edma_driver.o
    0x000035b2   0x000035b2   0x00000002   PAD
    0x000035b4   0x000035b4   0x00000040   Code   RO          186    .text.DMAMUX_SetChannelSource  edma_driver.o
    0x000035f4   0x000035f4   0x0000004a   Code   RO          188    .text.DMAMUX_SetChannelTrigger  edma_driver.o
    0x0000363e   0x0000363e   0x00000002   PAD
    0x00003640   0x00003640   0x00000056   Code   RO          339    .text.DMA_Error_IRQHandler  edma_irq.o
    0x00003696   0x00003696   0x00000002   PAD
    0x00003698   0x00003698   0x00000016   Code   RO          254    .text.EDMA_ClearDoneStatusFlag  edma_driver.o
    0x000036ae   0x000036ae   0x00000002   PAD
    0x000036b0   0x000036b0   0x00000016   Code   RO          152    .text.EDMA_ClearErrorIntStatusFlag  edma_driver.o
    0x000036c6   0x000036c6   0x00000002   PAD
    0x000036c8   0x000036c8   0x00000016   Code   RO          256    .text.EDMA_ClearIntStatusFlag  edma_driver.o
    0x000036de   0x000036de   0x00000002   PAD
    0x000036e0   0x000036e0   0x0000004e   Code   RO          148    .text.EDMA_DRV_ClearIntStatus  edma_driver.o
    0x0000372e   0x0000372e   0x00000002   PAD
    0x00003730   0x00003730   0x000000ba   Code   RO          168    .text.EDMA_DRV_ConfigMultiBlockTransfer  edma_driver.o
    0x000037ea   0x000037ea   0x00000002   PAD
    0x000037ec   0x000037ec   0x00000198   Code   RO          154    .text.EDMA_DRV_ConfigSingleBlockTransfer  edma_driver.o
    0x00003984   0x00003984   0x00000054   Code   RO          226    .text.EDMA_DRV_DisableRequestsOnTransferComplete  edma_driver.o
    0x000039d8   0x000039d8   0x000000a0   Code   RO          150    .text.EDMA_DRV_ErrorIRQHandler  edma_driver.o
    0x00003a78   0x00003a78   0x00000016   Code   RO          250    .text.EDMA_DRV_GetDmaRegBaseAddr  edma_driver.o
    0x00003a8e   0x00003a8e   0x00000002   PAD
    0x00003a90   0x00003a90   0x00000058   Code   RO          146    .text.EDMA_DRV_IRQHandler  edma_driver.o
    0x00003ae8   0x00003ae8   0x000000a6   Code   RO          138    .text.EDMA_DRV_SetChannelRequestAndTrigger  edma_driver.o
    0x00003b8e   0x00003b8e   0x00000002   PAD
    0x00003b90   0x00003b90   0x00000048   Code   RO          202    .text.EDMA_DRV_SetSrcLastAddrAdjustment  edma_driver.o
    0x00003bd8   0x00003bd8   0x0000004a   Code   RO          180    .text.EDMA_DRV_StartChannel  edma_driver.o
    0x00003c22   0x00003c22   0x00000002   PAD
    0x00003c24   0x00003c24   0x0000004c   Code   RO          182    .text.EDMA_DRV_StopChannel  edma_driver.o
    0x00003c70   0x00003c70   0x0000000c   Code   RO          341    .text.EDMA_GetErrorIntStatusFlag  edma_irq.o
    0x00003c7c   0x00003c7c   0x00000034   Code   RO          282    .text.EDMA_SetDmaRequestCmd  edma_hw_access.o
    0x00003cb0   0x00003cb0   0x00000036   Code   RO          156    .text.EDMA_SetMinorLoopMappingCmd  edma_driver.o
    0x00003ce6   0x00003ce6   0x00000002   PAD
    0x00003ce8   0x00003ce8   0x000000c0   Code   RO          274    .text.EDMA_TCDClearReg  edma_hw_access.o
    0x00003da8   0x00003da8   0x00000072   Code   RO          284    .text.EDMA_TCDSetAttribute  edma_hw_access.o
    0x00003e1a   0x00003e1a   0x00000002   PAD
    0x00003e1c   0x00003e1c   0x00000022   Code   RO          160    .text.EDMA_TCDSetDestAddr  edma_driver.o
    0x00003e3e   0x00003e3e   0x00000002   PAD
    0x00003e40   0x00003e40   0x00000028   Code   RO          164    .text.EDMA_TCDSetDestOffset  edma_driver.o
    0x00003e68   0x00003e68   0x0000005e   Code   RO          170    .text.EDMA_TCDSetDisableDmaRequestAfterTCDDoneCmd  edma_driver.o
    0x00003ec6   0x00003ec6   0x00000002   PAD
    0x00003ec8   0x00003ec8   0x0000005e   Code   RO          166    .text.EDMA_TCDSetMajorCompleteIntCmd  edma_driver.o
    0x00003f26   0x00003f26   0x00000002   PAD
    0x00003f28   0x00003f28   0x00000132   Code   RO          294    .text.EDMA_TCDSetMajorCount  edma_hw_access.o
    0x0000405a   0x0000405a   0x00000002   PAD
    0x0000405c   0x0000405c   0x000000d6   Code   RO          286    .text.EDMA_TCDSetNbytes  edma_hw_access.o
    0x00004132   0x00004132   0x00000002   PAD
    0x00004134   0x00004134   0x00000022   Code   RO          158    .text.EDMA_TCDSetSrcAddr  edma_driver.o
    0x00004156   0x00004156   0x00000002   PAD
    0x00004158   0x00004158   0x00000022   Code   RO          204    .text.EDMA_TCDSetSrcLastAdjust  edma_driver.o
    0x0000417a   0x0000417a   0x00000002   PAD
    0x0000417c   0x0000417c   0x00000028   Code   RO          162    .text.EDMA_TCDSetSrcOffset  edma_driver.o
    0x000041a4   0x000041a4   0x00000090   Code   RO           43    .text.GetFreqHandle  clock_driver.o
    0x00004234   0x00004234   0x00000118   Code   RO           45    .text.GetFreqHandle_1  clock_driver.o
    0x0000434c   0x0000434c   0x00000086   Code   RO         1495    .text.I2C1_Slave_Receive_Test  test_case.o
    0x000043d2   0x000043d2   0x00000002   PAD
    0x000043d4   0x000043d4   0x00000160   Code   RO         1485    .text.I2C_Master_Init  test_case.o
    0x00004534   0x00004534   0x000000c6   Code   RO         1493    .text.I2C_Slave_Init  test_case.o
    0x000045fa   0x000045fa   0x00000002   PAD
    0x000045fc   0x000045fc   0x00000028   Code   RO          634    .text.INT_SYS_EnableIRQ  interrupt_manager_111111.o
    0x00004624   0x00004624   0x00000084   Code   RO          632    .text.INT_SYS_InstallHandler  interrupt_manager_111111.o
    0x000046a8   0x000046a8   0x0000000a   Code   RO         1425    .text.LPI2C0_Master_IRQHandler  lpi2c_irq.o
    0x000046b2   0x000046b2   0x00000002   PAD
    0x000046b4   0x000046b4   0x0000000a   Code   RO         1427    .text.LPI2C0_Slave_IRQHandler  lpi2c_irq.o
    0x000046be   0x000046be   0x00000002   PAD
    0x000046c0   0x000046c0   0x0000000a   Code   RO         1429    .text.LPI2C1_Master_IRQHandler  lpi2c_irq.o
    0x000046ca   0x000046ca   0x00000002   PAD
    0x000046cc   0x000046cc   0x0000000a   Code   RO         1431    .text.LPI2C1_Slave_IRQHandler  lpi2c_irq.o
    0x000046d6   0x000046d6   0x00000002   PAD
    0x000046d8   0x000046d8   0x00000010   Code   RO         1267    .text.LPI2C_Clear_MasterArbitrationLostEvent  lpi2c_driver.o
    0x000046e8   0x000046e8   0x00000010   Code   RO         1263    .text.LPI2C_Clear_MasterFIFOErrorEvent  lpi2c_driver.o
    0x000046f8   0x000046f8   0x00000010   Code   RO         1271    .text.LPI2C_Clear_MasterNACKDetectEvent  lpi2c_driver.o
    0x00004708   0x00004708   0x00000012   Code   RO         1319    .text.LPI2C_Clear_SlaveBitErrorEvent  lpi2c_driver.o
    0x0000471a   0x0000471a   0x00000002   PAD
    0x0000471c   0x0000471c   0x00000012   Code   RO         1325    .text.LPI2C_Clear_SlaveFIFOErrorEvent  lpi2c_driver.o
    0x0000472e   0x0000472e   0x00000002   PAD
    0x00004730   0x00004730   0x00000012   Code   RO         1331    .text.LPI2C_Clear_SlaveRepeatedStartEvent  lpi2c_driver.o
    0x00004742   0x00004742   0x00000002   PAD
    0x00004744   0x00004744   0x00000012   Code   RO         1333    .text.LPI2C_Clear_SlaveSTOPDetectEvent  lpi2c_driver.o
    0x00004756   0x00004756   0x00000002   PAD
    0x00004758   0x00004758   0x00000024   Code   RO         1365    .text.LPI2C_Cmd_MasterTransmit  lpi2c_driver.o
    0x0000477c   0x0000477c   0x000000a6   Code   RO         1357    .text.LPI2C_DRV_ConfigureDmaTransfer  lpi2c_driver.o
    0x00004822   0x00004822   0x00000002   PAD
    0x00004824   0x00004824   0x00000016   Code   RO         1237    .text.LPI2C_DRV_MasterCmdQueueEmpty  lpi2c_driver.o
    0x0000483a   0x0000483a   0x00000002   PAD
    0x0000483c   0x0000483c   0x000000ae   Code   RO         1227    .text.LPI2C_DRV_MasterEndTransfer  lpi2c_driver.o
    0x000048ea   0x000048ea   0x00000002   PAD
    0x000048ec   0x000048ec   0x000000b8   Code   RO         1177    .text.LPI2C_DRV_MasterGetBaudRate  lpi2c_driver.o
    0x000049a4   0x000049a4   0x000000ba   Code   RO         1259    .text.LPI2C_DRV_MasterHandleReceiveDataReadyEvent  lpi2c_driver.o
    0x00004a5e   0x00004a5e   0x00000002   PAD
    0x00004a60   0x00004a60   0x00000082   Code   RO         1253    .text.LPI2C_DRV_MasterHandleTransmitDataRequest  lpi2c_driver.o
    0x00004ae2   0x00004ae2   0x00000002   PAD
    0x00004ae4   0x00004ae4   0x00000174   Code   RO         1249    .text.LPI2C_DRV_MasterIRQHandler  lpi2c_driver.o
    0x00004c58   0x00004c58   0x00000130   Code   RO         1161    .text.LPI2C_DRV_MasterInit  lpi2c_driver.o
    0x00004d88   0x00004d88   0x00000072   Code   RO         1231    .text.LPI2C_DRV_MasterQueueCmd  lpi2c_driver.o
    0x00004dfa   0x00004dfa   0x00000002   PAD
    0x00004dfc   0x00004dfc   0x00000086   Code   RO         1217    .text.LPI2C_DRV_MasterQueueData  lpi2c_driver.o
    0x00004e82   0x00004e82   0x00000002   PAD
    0x00004e84   0x00004e84   0x00000092   Code   RO         1257    .text.LPI2C_DRV_MasterReinit  lpi2c_driver.o
    0x00004f16   0x00004f16   0x00000002   PAD
    0x00004f18   0x00004f18   0x00000012   Code   RO         1163    .text.LPI2C_DRV_MasterResetQueue  lpi2c_driver.o
    0x00004f2a   0x00004f2a   0x00000002   PAD
    0x00004f2c   0x00004f2c   0x000000fa   Code   RO         1215    .text.LPI2C_DRV_MasterSendAddress  lpi2c_driver.o
    0x00005026   0x00005026   0x00000002   PAD
    0x00005028   0x00005028   0x000000e2   Code   RO         1209    .text.LPI2C_DRV_MasterSendData  lpi2c_driver.o
    0x0000510a   0x0000510a   0x00000002   PAD
    0x0000510c   0x0000510c   0x00000088   Code   RO         1371    .text.LPI2C_DRV_MasterSendQueuedCmd  lpi2c_driver.o
    0x00005194   0x00005194   0x00000252   Code   RO         1165    .text.LPI2C_DRV_MasterSetBaudRate  lpi2c_driver.o
    0x000053e6   0x000053e6   0x00000002   PAD
    0x000053e8   0x000053e8   0x0000006a   Code   RO         1207    .text.LPI2C_DRV_MasterSetOperatingMode  lpi2c_driver.o
    0x00005452   0x00005452   0x00000002   PAD
    0x00005454   0x00005454   0x0000003a   Code   RO         1167    .text.LPI2C_DRV_MasterSetSlaveAddr  lpi2c_driver.o
    0x0000548e   0x0000548e   0x00000002   PAD
    0x00005490   0x00005490   0x000000f4   Code   RO         1213    .text.LPI2C_DRV_MasterStartDmaTransfer  lpi2c_driver.o
    0x00005584   0x00005584   0x00000066   Code   RO         1311    .text.LPI2C_DRV_SlaveEndTransfer  lpi2c_driver.o
    0x000055ea   0x000055ea   0x00000002   PAD
    0x000055ec   0x000055ec   0x0000004c   Code   RO         1321    .text.LPI2C_DRV_SlaveEndTransferHandler  lpi2c_driver.o
    0x00005638   0x00005638   0x00000064   Code   RO         1307    .text.LPI2C_DRV_SlaveGetTransferStatus  lpi2c_driver.o
    0x0000569c   0x0000569c   0x00000064   Code   RO         1337    .text.LPI2C_DRV_SlaveHandleAddressValidEvent  lpi2c_driver.o
    0x00005700   0x00005700   0x00000050   Code   RO         1347    .text.LPI2C_DRV_SlaveHandleReceiveDataEvent  lpi2c_driver.o
    0x00005750   0x00005750   0x00000066   Code   RO         1343    .text.LPI2C_DRV_SlaveHandleTransmitDataEvent  lpi2c_driver.o
    0x000057b6   0x000057b6   0x00000002   PAD
    0x000057b8   0x000057b8   0x00000172   Code   RO         1315    .text.LPI2C_DRV_SlaveIRQHandler  lpi2c_driver.o
    0x0000592a   0x0000592a   0x00000002   PAD
    0x0000592c   0x0000592c   0x0000013e   Code   RO         1273    .text.LPI2C_DRV_SlaveInit  lpi2c_driver.o
    0x00005a6a   0x00005a6a   0x00000002   PAD
    0x00005a6c   0x00005a6c   0x000000ae   Code   RO         1303    .text.LPI2C_DRV_SlaveReceiveData  lpi2c_driver.o
    0x00005b1a   0x00005b1a   0x00000002   PAD
    0x00005b1c   0x00005b1c   0x000000cc   Code   RO         1279    .text.LPI2C_DRV_SlaveSetOperatingMode  lpi2c_driver.o
    0x00005be8   0x00005be8   0x000000c4   Code   RO         1297    .text.LPI2C_DRV_SlaveStartDmaTransfer  lpi2c_driver.o
    0x00005cac   0x00005cac   0x0000001e   Code   RO         1265    .text.LPI2C_Get_MasterArbitrationLostEvent  lpi2c_driver.o
    0x00005cca   0x00005cca   0x00000002   PAD
    0x00005ccc   0x00005ccc   0x0000001a   Code   RO         1181    .text.LPI2C_Get_MasterClockHighPeriod  lpi2c_driver.o
    0x00005ce6   0x00005ce6   0x00000002   PAD
    0x00005ce8   0x00005ce8   0x0000001a   Code   RO         1185    .text.LPI2C_Get_MasterClockHighPeriodHS  lpi2c_driver.o
    0x00005d02   0x00005d02   0x00000002   PAD
    0x00005d04   0x00005d04   0x0000001a   Code   RO         1183    .text.LPI2C_Get_MasterClockLowPeriod  lpi2c_driver.o
    0x00005d1e   0x00005d1e   0x00000002   PAD
    0x00005d20   0x00005d20   0x0000001a   Code   RO         1187    .text.LPI2C_Get_MasterClockLowPeriodHS  lpi2c_driver.o
    0x00005d3a   0x00005d3a   0x00000002   PAD
    0x00005d3c   0x00005d3c   0x0000001e   Code   RO         1261    .text.LPI2C_Get_MasterFIFOErrorEvent  lpi2c_driver.o
    0x00005d5a   0x00005d5a   0x00000002   PAD
    0x00005d5c   0x00005d5c   0x0000001e   Code   RO         1269    .text.LPI2C_Get_MasterNACKDetectEvent  lpi2c_driver.o
    0x00005d7a   0x00005d7a   0x00000002   PAD
    0x00005d7c   0x00005d7c   0x0000001a   Code   RO         1179    .text.LPI2C_Get_MasterPrescaler  lpi2c_driver.o
    0x00005d96   0x00005d96   0x00000002   PAD
    0x00005d98   0x00005d98   0x0000001e   Code   RO         1255    .text.LPI2C_Get_MasterReceiveDataReadyEvent  lpi2c_driver.o
    0x00005db6   0x00005db6   0x00000002   PAD
    0x00005db8   0x00005db8   0x00000018   Code   RO         1373    .text.LPI2C_Get_MasterRxData  lpi2c_driver.o
    0x00005dd0   0x00005dd0   0x0000001a   Code   RO         1245    .text.LPI2C_Get_MasterRxFIFOCount  lpi2c_driver.o
    0x00005dea   0x00005dea   0x00000002   PAD
    0x00005dec   0x00005dec   0x0000001a   Code   RO         1375    .text.LPI2C_Get_MasterRxFIFOWatermark  lpi2c_driver.o
    0x00005e06   0x00005e06   0x00000002   PAD
    0x00005e08   0x00005e08   0x0000001e   Code   RO         1251    .text.LPI2C_Get_MasterTransmitDataRequestEvent  lpi2c_driver.o
    0x00005e26   0x00005e26   0x00000002   PAD
    0x00005e28   0x00005e28   0x0000001a   Code   RO         1243    .text.LPI2C_Get_MasterTxFIFOCount  lpi2c_driver.o
    0x00005e42   0x00005e42   0x00000002   PAD
    0x00005e44   0x00005e44   0x00000024   Code   RO         1363    .text.LPI2C_Get_MasterTxFIFOSize  lpi2c_driver.o
    0x00005e68   0x00005e68   0x00000020   Code   RO         1335    .text.LPI2C_Get_SlaveAddressValidEvent  lpi2c_driver.o
    0x00005e88   0x00005e88   0x00000020   Code   RO         1317    .text.LPI2C_Get_SlaveBitErrorEvent  lpi2c_driver.o
    0x00005ea8   0x00005ea8   0x0000001a   Code   RO         1395    .text.LPI2C_Get_SlaveData  lpi2c_driver.o
    0x00005ec2   0x00005ec2   0x00000002   PAD
    0x00005ec4   0x00005ec4   0x00000020   Code   RO         1323    .text.LPI2C_Get_SlaveFIFOErrorEvent  lpi2c_driver.o
    0x00005ee4   0x00005ee4   0x00000032   Code   RO         1341    .text.LPI2C_Get_SlaveInt  lpi2c_driver.o
    0x00005f16   0x00005f16   0x00000002   PAD
    0x00005f18   0x00005f18   0x00000020   Code   RO         1345    .text.LPI2C_Get_SlaveReceiveDataEvent  lpi2c_driver.o
    0x00005f38   0x00005f38   0x0000001c   Code   RO         1391    .text.LPI2C_Get_SlaveReceivedAddr  lpi2c_driver.o
    0x00005f54   0x00005f54   0x00000020   Code   RO         1329    .text.LPI2C_Get_SlaveRepeatedStartEvent  lpi2c_driver.o
    0x00005f74   0x00005f74   0x00000020   Code   RO         1327    .text.LPI2C_Get_SlaveSTOPDetectEvent  lpi2c_driver.o
    0x00005f94   0x00005f94   0x00000020   Code   RO         1339    .text.LPI2C_Get_SlaveTransmitDataEvent  lpi2c_driver.o
    0x00005fb4   0x00005fb4   0x00000028   Code   RO         1412    .text.LPI2C_Init    lpi2c_hw_access.o
    0x00005fdc   0x00005fdc   0x00000024   Code   RO         1369    .text.LPI2C_Reset_MasterRxFIFOCmd  lpi2c_driver.o
    0x00006000   0x00006000   0x00000024   Code   RO         1367    .text.LPI2C_Reset_MasterTxFIFOCmd  lpi2c_driver.o
    0x00006024   0x00006024   0x00000032   Code   RO         1195    .text.LPI2C_Set_MasterClockHighPeriod  lpi2c_driver.o
    0x00006056   0x00006056   0x00000002   PAD
    0x00006058   0x00006058   0x00000032   Code   RO         1203    .text.LPI2C_Set_MasterClockHighPeriodHS  lpi2c_driver.o
    0x0000608a   0x0000608a   0x00000002   PAD
    0x0000608c   0x0000608c   0x00000030   Code   RO         1197    .text.LPI2C_Set_MasterClockLowPeriod  lpi2c_driver.o
    0x000060bc   0x000060bc   0x00000030   Code   RO         1205    .text.LPI2C_Set_MasterClockLowPeriodHS  lpi2c_driver.o
    0x000060ec   0x000060ec   0x00000032   Code   RO         1191    .text.LPI2C_Set_MasterDataValidDelay  lpi2c_driver.o
    0x0000611e   0x0000611e   0x00000002   PAD
    0x00006120   0x00006120   0x00000032   Code   RO         1199    .text.LPI2C_Set_MasterDataValidDelayHS  lpi2c_driver.o
    0x00006152   0x00006152   0x00000002   PAD
    0x00006154   0x00006154   0x00000030   Code   RO         1169    .text.LPI2C_Set_MasterEnable  lpi2c_driver.o
    0x00006184   0x00006184   0x0000003e   Code   RO         1211    .text.LPI2C_Set_MasterInt  lpi2c_driver.o
    0x000061c2   0x000061c2   0x00000002   PAD
    0x000061c4   0x000061c4   0x00000032   Code   RO         1355    .text.LPI2C_Set_MasterNACKConfig  lpi2c_driver.o
    0x000061f6   0x000061f6   0x00000002   PAD
    0x000061f8   0x000061f8   0x00000032   Code   RO         1353    .text.LPI2C_Set_MasterPinConfig  lpi2c_driver.o
    0x0000622a   0x0000622a   0x00000002   PAD
    0x0000622c   0x0000622c   0x00000030   Code   RO         1189    .text.LPI2C_Set_MasterPrescaler  lpi2c_driver.o
    0x0000625c   0x0000625c   0x00000032   Code   RO         1361    .text.LPI2C_Set_MasterRxDMA  lpi2c_driver.o
    0x0000628e   0x0000628e   0x00000002   PAD
    0x00006290   0x00006290   0x00000032   Code   RO         1235    .text.LPI2C_Set_MasterRxFIFOWatermark  lpi2c_driver.o
    0x000062c2   0x000062c2   0x00000002   PAD
    0x000062c4   0x000062c4   0x00000032   Code   RO         1193    .text.LPI2C_Set_MasterSetupHoldDelay  lpi2c_driver.o
    0x000062f6   0x000062f6   0x00000002   PAD
    0x000062f8   0x000062f8   0x00000032   Code   RO         1201    .text.LPI2C_Set_MasterSetupHoldDelayHS  lpi2c_driver.o
    0x0000632a   0x0000632a   0x00000002   PAD
    0x0000632c   0x0000632c   0x00000032   Code   RO         1414    .text.LPI2C_Set_MasterSoftwareReset  lpi2c_hw_access.o
    0x0000635e   0x0000635e   0x00000002   PAD
    0x00006360   0x00006360   0x00000030   Code   RO         1359    .text.LPI2C_Set_MasterTxDMA  lpi2c_driver.o
    0x00006390   0x00006390   0x00000030   Code   RO         1219    .text.LPI2C_Set_MasterTxFIFOWatermark  lpi2c_driver.o
    0x000063c0   0x000063c0   0x00000036   Code   RO         1381    .text.LPI2C_Set_SlaveACKStall  lpi2c_driver.o
    0x000063f6   0x000063f6   0x00000002   PAD
    0x000063f8   0x000063f8   0x00000036   Code   RO         1275    .text.LPI2C_Set_SlaveAddr0  lpi2c_driver.o
    0x0000642e   0x0000642e   0x00000002   PAD
    0x00006430   0x00006430   0x00000036   Code   RO         1277    .text.LPI2C_Set_SlaveAddrConfig  lpi2c_driver.o
    0x00006466   0x00006466   0x00000002   PAD
    0x00006468   0x00006468   0x00000034   Code   RO         1387    .text.LPI2C_Set_SlaveAddrStall  lpi2c_driver.o
    0x0000649c   0x0000649c   0x00000034   Code   RO         1283    .text.LPI2C_Set_SlaveEnable  lpi2c_driver.o
    0x000064d0   0x000064d0   0x00000036   Code   RO         1389    .text.LPI2C_Set_SlaveHighSpeedModeDetect  lpi2c_driver.o
    0x00006506   0x00006506   0x00000002   PAD
    0x00006508   0x00006508   0x00000036   Code   RO         1377    .text.LPI2C_Set_SlaveIgnoreNACK  lpi2c_driver.o
    0x0000653e   0x0000653e   0x00000002   PAD
    0x00006540   0x00006540   0x00000042   Code   RO         1281    .text.LPI2C_Set_SlaveInt  lpi2c_driver.o
    0x00006582   0x00006582   0x00000002   PAD
    0x00006584   0x00006584   0x00000036   Code   RO         1385    .text.LPI2C_Set_SlaveRXStall  lpi2c_driver.o
    0x000065ba   0x000065ba   0x00000002   PAD
    0x000065bc   0x000065bc   0x00000036   Code   RO         1287    .text.LPI2C_Set_SlaveRxDMA  lpi2c_driver.o
    0x000065f2   0x000065f2   0x00000002   PAD
    0x000065f4   0x000065f4   0x00000036   Code   RO         1416    .text.LPI2C_Set_SlaveSoftwareReset  lpi2c_hw_access.o
    0x0000662a   0x0000662a   0x00000002   PAD
    0x0000662c   0x0000662c   0x00000036   Code   RO         1383    .text.LPI2C_Set_SlaveTXDStall  lpi2c_driver.o
    0x00006662   0x00006662   0x00000002   PAD
    0x00006664   0x00006664   0x00000034   Code   RO         1379    .text.LPI2C_Set_SlaveTransmitNACK  lpi2c_driver.o
    0x00006698   0x00006698   0x00000034   Code   RO         1289    .text.LPI2C_Set_SlaveTxDMA  lpi2c_driver.o
    0x000066cc   0x000066cc   0x00000018   Code   RO         1393    .text.LPI2C_Transmit_SlaveData  lpi2c_driver.o
    0x000066e4   0x000066e4   0x0000000a   Code   RO          691    .text.LPUART0_IRQHandler  lpuart_driver.o
    0x000066ee   0x000066ee   0x00000002   PAD
    0x000066f0   0x000066f0   0x0000000a   Code   RO          695    .text.LPUART1_IRQHandler  lpuart_driver.o
    0x000066fa   0x000066fa   0x00000002   PAD
    0x000066fc   0x000066fc   0x0000000a   Code   RO          697    .text.LPUART2_IRQHandler  lpuart_driver.o
    0x00006706   0x00006706   0x00000002   PAD
    0x00006708   0x00006708   0x0000000a   Code   RO          699    .text.LPUART3_IRQHandler  lpuart_driver.o
    0x00006712   0x00006712   0x00000002   PAD
    0x00006714   0x00006714   0x0000000a   Code   RO          701    .text.LPUART4_IRQHandler  lpuart_driver.o
    0x0000671e   0x0000671e   0x00000002   PAD
    0x00006720   0x00006720   0x0000000a   Code   RO          703    .text.LPUART5_IRQHandler  lpuart_driver.o
    0x0000672a   0x0000672a   0x00000002   PAD
    0x0000672c   0x0000672c   0x0000000a   Code   RO          705    .text.LPUART6_IRQHandler  lpuart_driver.o
    0x00006736   0x00006736   0x00000002   PAD
    0x00006738   0x00006738   0x0000000a   Code   RO          707    .text.LPUART7_IRQHandler  lpuart_driver.o
    0x00006742   0x00006742   0x00000002   PAD
    0x00006744   0x00006744   0x00000024   Code   RO          779    .text.LPUART_DRV_ClearErrorFlags  lpuart_driver.o
    0x00006768   0x00006768   0x00000088   Code   RO          745    .text.LPUART_DRV_CompleteReceiveDataUsingInt  lpuart_driver.o
    0x000067f0   0x000067f0   0x00000080   Code   RO          727    .text.LPUART_DRV_CompleteSendDataUsingInt  lpuart_driver.o
    0x00006870   0x00006870   0x00000136   Code   RO          771    .text.LPUART_DRV_ErrIrqHandler  lpuart_driver.o
    0x000069a6   0x000069a6   0x00000002   PAD
    0x000069a8   0x000069a8   0x00000038   Code   RO          751    .text.LPUART_DRV_GetData  lpuart_driver.o
    0x000069e0   0x000069e0   0x0000017c   Code   RO          709    .text.LPUART_DRV_Init  lpuart_driver.o
    0x00006b5c   0x00006b5c   0x000000aa   Code   RO          693    .text.LPUART_DRV_IrqHandler  lpuart_driver.o
    0x00006c06   0x00006c06   0x00000002   PAD
    0x00006c08   0x00006c08   0x0000003a   Code   RO          733    .text.LPUART_DRV_PutData  lpuart_driver.o
    0x00006c42   0x00006c42   0x00000002   PAD
    0x00006c44   0x00006c44   0x0000004e   Code   RO          773    .text.LPUART_DRV_RxIrqHandler  lpuart_driver.o
    0x00006c92   0x00006c92   0x00000002   PAD
    0x00006c94   0x00006c94   0x000000d0   Code   RO          731    .text.LPUART_DRV_SendDataPolling  lpuart_driver.o
    0x00006d64   0x00006d64   0x0000019a   Code   RO          711    .text.LPUART_DRV_SetBaudRate  lpuart_driver.o
    0x00006efe   0x00006efe   0x00000002   PAD
    0x00006f00   0x00006f00   0x0000008c   Code   RO          747    .text.LPUART_DRV_StopRxDma  lpuart_driver.o
    0x00006f8c   0x00006f8c   0x00000088   Code   RO          729    .text.LPUART_DRV_StopTxDma  lpuart_driver.o
    0x00007014   0x00007014   0x00000042   Code   RO          777    .text.LPUART_DRV_TxCompleteIrqHandler  lpuart_driver.o
    0x00007056   0x00007056   0x00000002   PAD
    0x00007058   0x00007058   0x00000092   Code   RO          775    .text.LPUART_DRV_TxEmptyIrqHandler  lpuart_driver.o
    0x000070ea   0x000070ea   0x00000002   PAD
    0x000070ec   0x000070ec   0x0000008a   Code   RO          683    .text.LPUART_GetIntMode  lpuart_driver.o
    0x00007176   0x00007176   0x00000002   PAD
    0x00007178   0x00007178   0x00000088   Code   RO          685    .text.LPUART_GetStatusFlag  lpuart_driver.o
    0x00007200   0x00007200   0x00000012   Code   RO          753    .text.LPUART_Getchar  lpuart_driver.o
    0x00007212   0x00007212   0x00000002   PAD
    0x00007214   0x00007214   0x00000038   Code   RO          675    .text.LPUART_Init   lpuart_driver.o
    0x0000724c   0x0000724c   0x0000001c   Code   RO          785    .text.LPUART_Putchar  lpuart_driver.o
    0x00007268   0x00007268   0x0000002c   Code   RO          763    .text.LPUART_SetBaudRateDivisor  lpuart_driver.o
    0x00007294   0x00007294   0x00000062   Code   RO          677    .text.LPUART_SetBitCountPerChar  lpuart_driver.o
    0x000072f6   0x000072f6   0x00000002   PAD
    0x000072f8   0x000072f8   0x00000022   Code   RO          759    .text.LPUART_SetBothEdgeSamplingCmd  lpuart_driver.o
    0x0000731a   0x0000731a   0x00000002   PAD
    0x0000731c   0x0000731c   0x0000006a   Code   RO          689    .text.LPUART_SetErrorInterrupts  lpuart_driver.o
    0x00007386   0x00007386   0x00000002   PAD
    0x00007388   0x00007388   0x000000bc   Code   RO          681    .text.LPUART_SetIntMode  lpuart_driver.o
    0x00007444   0x00007444   0x0000002c   Code   RO          761    .text.LPUART_SetOversamplingRatio  lpuart_driver.o
    0x00007470   0x00007470   0x00000034   Code   RO          679    .text.LPUART_SetParityMode  lpuart_driver.o
    0x000074a4   0x000074a4   0x0000003e   Code   RO          717    .text.LPUART_SetReceiverCmd  lpuart_driver.o
    0x000074e2   0x000074e2   0x00000002   PAD
    0x000074e4   0x000074e4   0x00000022   Code   RO          783    .text.LPUART_SetRxDmaCmd  lpuart_driver.o
    0x00007506   0x00007506   0x00000002   PAD
    0x00007508   0x00007508   0x00000022   Code   RO          713    .text.LPUART_SetStopBitCount  lpuart_driver.o
    0x0000752a   0x0000752a   0x00000002   PAD
    0x0000752c   0x0000752c   0x0000003e   Code   RO          715    .text.LPUART_SetTransmitterCmd  lpuart_driver.o
    0x0000756a   0x0000756a   0x00000002   PAD
    0x0000756c   0x0000756c   0x00000022   Code   RO          781    .text.LPUART_SetTxDmaCmd  lpuart_driver.o
    0x0000758e   0x0000758e   0x00000002   PAD
    0x00007590   0x00007590   0x00000018   Code   RO         1566    .text.OSIF_SemaCreate  osif_baremetal.o
    0x000075a8   0x000075a8   0x0000002e   Code   RO         1564    .text.OSIF_SemaPost  osif_baremetal.o
    0x000075d6   0x000075d6   0x00000002   PAD
    0x000075d8   0x000075d8   0x00000064   Code   RO         1487    .text.PINS_DRV_EnableForceInput  test_case.o
    0x0000763c   0x0000763c   0x00000068   Code   RO         1489    .text.PINS_DRV_EnableSMTInput  test_case.o
    0x000076a4   0x000076a4   0x00000082   Code   RO          805    .text.PINS_DRV_SetMuxModeSel  pin_driver.o
    0x00007726   0x00007726   0x00000002   PAD
    0x00007728   0x00007728   0x00000010   Code   RO         1442    .text.PINS_DRV_SetMuxPinSel  log_print.o
    0x00007738   0x00007738   0x00000010   Code   RO         1491    .text.PINS_DRV_SetMuxPinSel  test_case.o
    0x00007748   0x00007748   0x000000d4   Code   RO          803    .text.PINS_DRV_SetPullSel  pin_driver.o
    0x0000781c   0x0000781c   0x00000072   Code   RO         1524    .text.SystemInit    system_zxc400.o
    0x0000788e   0x0000788e   0x00000002   PAD
    0x00007890   0x00007890   0x00000074   Code   RO         1515    .text.init_data_bss  startup.o
    0x00007904   0x00007904   0x00000044   Code   RO         1444    .text.log_printf    log_print.o
    0x00007948   0x00007948   0x00000066   Code   RO         1440    .text.log_uart_init  log_print.o
    0x000079ae   0x000079ae   0x00000002   PAD
    0x000079b0   0x000079b0   0x00000056   Code   RO         1460    .text.main          main.o
    0x00007a06   0x00007a06   0x00000002   PAD
    0x00007a08   0x00007a08   0x00000018   Code   RO         1458    .text.test_delay    main.o
    0x00007a20   0x00007a20   0x0000003e   Code   RO         1744    CL$$btod_d2e        c_w.l(btod.o)
    0x00007a5e   0x00007a5e   0x00000046   Code   RO         1746    CL$$btod_d2e_denorm_low  c_w.l(btod.o)
    0x00007aa4   0x00007aa4   0x00000060   Code   RO         1745    CL$$btod_d2e_norm_op1  c_w.l(btod.o)
    0x00007b04   0x00007b04   0x00000338   Code   RO         1754    CL$$btod_div_common  c_w.l(btod.o)
    0x00007e3c   0x00007e3c   0x000000dc   Code   RO         1751    CL$$btod_e2e        c_w.l(btod.o)
    0x00007f18   0x00007f18   0x0000002a   Code   RO         1748    CL$$btod_ediv       c_w.l(btod.o)
    0x00007f42   0x00007f42   0x0000002a   Code   RO         1747    CL$$btod_emul       c_w.l(btod.o)
    0x00007f6c   0x00007f6c   0x00000244   Code   RO         1753    CL$$btod_mult_common  c_w.l(btod.o)
    0x000081b0   0x000081b0   0x00000028   Code   RO         1782    i.__ARM_fpclassify  m_ws.l(fpclassify.o)
    0x000081d8   0x000081d8   0x0000000e   Code   RO         1649    i._is_digit         c_w.l(__printf_wp.o)
    0x000081e6   0x000081e6   0x00000002   PAD
    0x000081e8   0x000081e8   0x0000002c   Code   RO         1769    locale$$code        c_w.l(lc_numeric_c.o)
    0x00008214   0x00008214   0x0000002c   Code   RO         1796    locale$$code        c_w.l(lc_ctype_c.o)
    0x00008240   0x00008240   0x00000004   Code   RO         1682    x$fpl$printf1       fz_ws.l(printf1.o)
    0x00008244   0x00008244   0x00000004   Code   RO         1684    x$fpl$printf2       fz_ws.l(printf2.o)
    0x00008248   0x00008248   0x00000000   Code   RO         1781    x$fpl$usenofp       fz_ws.l(usenofp.o)
    0x00008248   0x00008248   0x00000020   Data   RO         1935    Region$$Table       anon$$obj.o


    Execution Region VECTOR_RAM (Exec base: 0x1fff8000, Load base: 0x0000021c, Size: 0x00000400, Max: 0x00000400, ABSOLUTE)

    Exec Addr    Load Addr    Size         Type   Attr      Idx    E Section Name        Object

    0x1fff8000        -       0x00000400   Zero   RW            1    VECTOR_RAM.bss      anon$$obj.o


    Execution Region RW_m_data (Exec base: 0x1fff8400, Load base: 0x00008268, Size: 0x00000040, Max: 0xffffffff, ABSOLUTE)

    Exec Addr    Load Addr    Size         Type   Attr      Idx    E Section Name        Object

    0x1fff8400   0x00008268   0x00000008   Data   RW         1502    .data.Set_Baudrate  test_case.o
    0x1fff8408   0x00008270   0x00000020   Data   RW          787    .data.g_lpuart_Isrs  lpuart_driver.o
    0x1fff8428   0x00008290   0x00000006   Data   RW         1497    .data.g_master_txBuff  test_case.o
    0x1fff842e   0x00008296   0x00000006   Data   RW         1499    .data.g_slave_txBuff  test_case.o
    0x1fff8434   0x0000829c   0x00000008   Data   RW         1448    .data.print_module_clk  log_print.o
    0x1fff843c   0x000082a4   0x00000002   Data   RW         1463    .data.select_clk    main.o


    Execution Region RW_m_code (Exec base: 0x1fff8440, Load base: 0x000082a8, Size: 0x00000000, Max: 0x00007c00, ABSOLUTE)

    **** No section assigned to this execution region ****


    Execution Region RW_m_custom_section (Exec base: 0x20000000, Load base: 0x000082a8, Size: 0x00000000, Max: 0xffffffff, ABSOLUTE)

    **** No section assigned to this execution region ****


    Execution Region RW_m_data_2 (Exec base: 0x20000000, Load base: 0x000082a8, Size: 0x00000130, Max: 0x00004c00, ABSOLUTE)

    Exec Addr    Load Addr    Size         Type   Attr      Idx    E Section Name        Object

    0x20000000        -       0x00000060   Zero   RW         1785    .bss                c_w.l(libspace.o)
    0x20000060        -       0x00000004   Zero   RW         1501    .bss.Get_Baudrate   test_case.o
    0x20000064        -       0x00000008   Zero   RW         1399    .bss.g_lpi2cMasterStatePtr  lpi2c_driver.o
    0x2000006c        -       0x00000008   Zero   RW         1401    .bss.g_lpi2cSlaveStatePtr  lpi2c_driver.o
    0x20000074        -       0x00000006   Zero   RW         1500    .bss.g_slave_rxBuff  test_case.o
    0x2000007a   0x000082a8   0x00000002   PAD
    0x2000007c        -       0x00000040   Zero   RW         1505    .bss.i2c0_master_state  test_case.o
    0x200000bc        -       0x00000024   Zero   RW         1507    .bss.i2c1_slave_state  test_case.o
    0x200000e0        -       0x00000020   Zero   RW          790    .bss.s_lpuartStatePtr  lpuart_driver.o
    0x20000100        -       0x00000004   Zero   RW          260    .bss.s_virtEdmaState  edma_driver.o
    0x20000104        -       0x0000002c   Zero   RW         1449    .bss.uart_state     log_print.o


    Execution Region ARM_LIB_HEAP (Exec base: 0x20000130, Load base: 0x000082a8, Size: 0x00000400, Max: 0x00000400, ABSOLUTE)

    Exec Addr    Load Addr    Size         Type   Attr      Idx    E Section Name        Object

    0x20000130        -       0x00000400   Zero   RW            2    ARM_LIB_HEAP.bss    anon$$obj.o


    Execution Region ARM_LIB_STACK (Exec base: 0x20005000, Load base: 0x000082a8, Size: 0x00002000, Max: 0x00002000, ABSOLUTE)

    Exec Addr    Load Addr    Size         Type   Attr      Idx    E Section Name        Object

    0x20005000        -       0x00002000   Zero   RW            3    ARM_LIB_STACK.bss   anon$$obj.o


==============================================================================

Image component sizes


      Code (inc. data)   RO Data    RW Data    ZI Data      Debug   Object Name

      7080        434          0          0          0      23999   clock_driver.o
      2190          4          8          0          4      31538   edma_driver.o
       878          0          0          0          0       6401   edma_hw_access.o
       258          0          0          0          0       3691   edma_irq.o
       172          0          0          0          0       5925   interrupt_manager_111111.o
       186          0         12          8         44       8073   log_print.o
      7940          0         18          0         16      39853   lpi2c_driver.o
       144          0          0          0          0       2223   lpi2c_hw_access.o
        40          0          0          0          0        789   lpi2c_irq.o
      3706         22         48         32         32      24249   lpuart_driver.o
       110          0         27          2          0       4577   main.o
        70          0          0          0          0       5642   osif_baremetal.o
       342          0          0          0          0       8853   pin_driver.o
       116          0          4          0          0       1007   startup.o
       188        112        540          0          0        932   startup_zxc400.o
       114          0          0          0          0       4756   system_zxc400.o
       904          0        162         20        110       7457   test_case.o

    ----------------------------------------------------------------------
     24728        572        856         64      10448     179965   Object Totals
         0          0         32          0      10240          0   (incl. Generated)
       290          0          5          2          2          0   (incl. Padding)

    ----------------------------------------------------------------------

      Code (inc. data)   RO Data    RW Data    ZI Data      Debug   Library Member Name

         8          0          0          0          0         68   __main.o
       392          4         17          0          0         92   __printf_flags_ss_wp.o
        14          0          0          0          0         68   __printf_wp.o
         0          0          0          0          0          0   __rtentry.o
        12          0          0          0          0          0   __rtentry2.o
         8          4          0          0          0          0   __rtentry7.o
        52          8          0          0          0          0   __scatter.o
        26          0          0          0          0          0   __scatter_copy.o
        28          0          0          0          0          0   __scatter_zi.o
        72          0          0          0          0         96   _c16rtomb.o
         6          0          0          0          0          0   _printf_a.o
         6          0          0          0          0          0   _printf_c.o
        44          0          0          0          0        108   _printf_char.o
        48          6          0          0          0         96   _printf_char_common.o
        40          0          0          0          0         68   _printf_charcount.o
         6          0          0          0          0          0   _printf_d.o
       120         16          0          0          0         92   _printf_dec.o
         6          0          0          0          0          0   _printf_e.o
         6          0          0          0          0          0   _printf_f.o
      1052          0          0          0          0        148   _printf_fp_dec.o
       764          8         38          0          0        100   _printf_fp_hex.o
       128         16          0          0          0         84   _printf_fp_infnan.o
         6          0          0          0          0          0   _printf_g.o
       148          4         40          0          0        160   _printf_hex_int_ll_ptr.o
         6          0          0          0          0          0   _printf_i.o
       178          0          0          0          0         88   _printf_intcommon.o
        10          0          0          0          0          0   _printf_l.o
         6          0          0          0          0          0   _printf_lc.o
        10          0          0          0          0          0   _printf_ll.o
         6          0          0          0          0          0   _printf_lld.o
         6          0          0          0          0          0   _printf_lli.o
         6          0          0          0          0          0   _printf_llo.o
         6          0          0          0          0          0   _printf_llu.o
         6          0          0          0          0          0   _printf_llx.o
       124         16          0          0          0         92   _printf_longlong_dec.o
         6          0          0          0          0          0   _printf_ls.o
         6          0          0          0          0          0   _printf_n.o
         6          0          0          0          0          0   _printf_o.o
       112          8          0          0          0        124   _printf_oct_int_ll.o
         6          0          0          0          0          0   _printf_p.o
        78          0          0          0          0        108   _printf_pad.o
         0          0          0          0          0          0   _printf_percent.o
         4          0          0          0          0          0   _printf_percent_end.o
         6          0          0          0          0          0   _printf_s.o
        82          0          0          0          0         80   _printf_str.o
        36          0          0          0          0         84   _printf_truncate.o
         6          0          0          0          0          0   _printf_u.o
        44          0          0          0          0        108   _printf_wchar.o
       188          6          8          0          0         92   _printf_wctomb.o
         6          0          0          0          0          0   _printf_x.o
        16          0          0          0          0         68   _snputc.o
        10          0          0          0          0         68   _sputc.o
       228          4        148          0          0         96   bigflt0.o
      1936        128          0          0          0        672   btod.o
        18          0          0          0          0         80   exit.o
         0          0          0          0          0          0   indicate_semi.o
        44         10        272          0          0         76   lc_ctype_c.o
        44         10         28          0          0         76   lc_numeric_c.o
         2          0          0          0          0          0   libinit.o
        30          0          0          0          0          0   libinit2.o
         2          0          0          0          0          0   libshutdown.o
         2          0          0          0          0          0   libshutdown2.o
         0          0          0          0         96          0   libspace.o
       138          0          0          0          0         80   lludiv10.o
        16          4          0          0          0         76   rt_ctype_table.o
         8          4          0          0          0         68   rt_locale_intlibspace.o
         2          0          0          0          0          0   rtexit.o
        10          0          0          0          0          0   rtexit2.o
       124          0          0          0          0         88   strcmpv7em.o
        62          0          0          0          0         76   strlen.o
        12          4          0          0          0         68   sys_exit.o
         2          0          0          0          0         68   use_no_semi.o
        52          4          0          0          0         80   vsnprintf.o
         4          0          0          0          0         68   printf1.o
         4          0          0          0          0         68   printf2.o
         0          0          0          0          0          0   usenofp.o
        40          0          0          0          0         68   fpclassify.o

    ----------------------------------------------------------------------
      6760        264        552          0         96       3900   Library Totals
        12          0          1          0          0          0   (incl. Padding)

    ----------------------------------------------------------------------

      Code (inc. data)   RO Data    RW Data    ZI Data      Debug   Library Name

      6700        264        551          0         96       3696   c_w.l
         8          0          0          0          0        136   fz_ws.l
        40          0          0          0          0         68   m_ws.l

    ----------------------------------------------------------------------
      6760        264        552          0         96       3900   Library Totals

    ----------------------------------------------------------------------

==============================================================================


      Code (inc. data)   RO Data    RW Data    ZI Data      Debug   

     31488        836       1408         64      10544     181541   Grand Totals
     31488        836       1408         64      10544     181541   ELF Image Totals
     31488        836       1408         64          0          0   ROM Totals

==============================================================================

    Total RO  Size (Code + RO Data)                32896 (  32.13kB)
    Total RW  Size (RW Data + ZI Data)             10608 (  10.36kB)
    Total ROM Size (Code + RO Data + RW Data)      32960 (  32.19kB)

==============================================================================

