<!doctype html public "-//w3c//dtd html 4.0 transitional//en">
<html><head>
<title>Static Call Graph - [.\Objects\ADC_DMA.axf]</title></head>
<body><HR>
<H1>Static Call Graph for image .\Objects\ADC_DMA.axf</H1><HR>
<BR><P>#&#060CALLGRAPH&#062# ARM Linker, 5060960: Last Updated: Thu Apr 30 13:24:15 2026
<BR><P>
<H3>Maximum Stack Usage =        388 bytes + Unknown(Cycles, Untraceable Function Pointers)</H3><H3>
Call chain for Maximum Stack Depth:</H3>
cmd_ps &rArr; list_thread &rArr; object_split &rArr; rt_kprintf &rArr; rt_vsnprintf &rArr; print_number &rArr; __aeabi_uidivmod
<P>
<H3>
Mutually Recursive functions
</H3> <LI><a href="#[3]">SVC_Handler</a>&nbsp;&nbsp;&nbsp;&rArr;&nbsp;&nbsp;&nbsp;<a href="#[3]">SVC_Handler</a><BR>
 <LI><a href="#[1b]">ADC_IRQHandler</a>&nbsp;&nbsp;&nbsp;&rArr;&nbsp;&nbsp;&nbsp;<a href="#[1b]">ADC_IRQHandler</a><BR>
 <LI><a href="#[2a]">rt_thread_idle_entry</a>&nbsp;&nbsp;&nbsp;&rArr;&nbsp;&nbsp;&nbsp;<a href="#[2a]">rt_thread_idle_entry</a><BR>
 <LI><a href="#[31]">Task_10ms_thread_entry</a>&nbsp;&nbsp;&nbsp;&rArr;&nbsp;&nbsp;&nbsp;<a href="#[31]">Task_10ms_thread_entry</a><BR>
 <LI><a href="#[30]">Task_5ms_thread_entry</a>&nbsp;&nbsp;&nbsp;&rArr;&nbsp;&nbsp;&nbsp;<a href="#[30]">Task_5ms_thread_entry</a><BR>
 <LI><a href="#[2f]">Task_1ms_thread_entry</a>&nbsp;&nbsp;&nbsp;&rArr;&nbsp;&nbsp;&nbsp;<a href="#[2f]">Task_1ms_thread_entry</a><BR>
 <LI><a href="#[2e]">core_thread_entry</a>&nbsp;&nbsp;&nbsp;&rArr;&nbsp;&nbsp;&nbsp;<a href="#[2e]">core_thread_entry</a><BR>
</UL>
<P>
<H3>
Function Pointers
</H3><UL>
 <LI><a href="#[1b]">ADC_IRQHandler</a> from startup_n32g05x.o(.text) referenced from startup_n32g05x.o(RESET)
 <LI><a href="#[62]">APP_Dis_Transtion_DischargingToFailure</a> from charging.o(.text) referenced from charging.o(.constdata)
 <LI><a href="#[63]">APP_Dis_Transtion_DischargingToPPause</a> from charging.o(.text) referenced from charging.o(.constdata)
 <LI><a href="#[65]">APP_Dis_Transtion_FailureToDischarging</a> from charging.o(.text) referenced from charging.o(.constdata)
 <LI><a href="#[64]">APP_Dis_Transtion_PPauseToDischarging</a> from charging.o(.text) referenced from charging.o(.constdata)
 <LI><a href="#[5e]">APP_Dis_Transtion_PostToPostFailure</a> from charging.o(.text) referenced from charging.o(.constdata)
 <LI><a href="#[5d]">APP_Dis_Transtion_PostToPrecheckonprecheck</a> from charging.o(.text) referenced from charging.o(.constdata)
 <LI><a href="#[5f]">APP_Dis_Transtion_PrecheckToDischarging</a> from charging.o(.text) referenced from charging.o(.constdata)
 <LI><a href="#[60]">APP_Dis_Transtion_PrecheckToPrecheckwarning</a> from charging.o(.text) referenced from charging.o(.constdata)
 <LI><a href="#[61]">APP_Dis_Transtion_WarningTodischargingondischarging</a> from charging.o(.text) referenced from charging.o(.constdata)
 <LI><a href="#[33]">APP_FSM_TransitionChargingToFaultOnFault</a> from charging.o(.text) referenced from charging.o(.constdata)
 <LI><a href="#[57]">APP_FSM_TransitionChargingToIdleOnPlugOut</a> from charging.o(.text) referenced from charging.o(.constdata)
 <LI><a href="#[35]">APP_FSM_TransitionChargingToPPauseOnProtectionPause</a> from charging.o(.text) referenced from charging.o(.constdata)
 <LI><a href="#[58]">APP_FSM_TransitionChargingToVPauseOnVehiclePause</a> from charging.o(.text) referenced from charging.o(.constdata)
 <LI><a href="#[34]">APP_FSM_TransitionChargingToWarningOnWarning</a> from charging.o(.text) referenced from charging.o(.constdata)
 <LI><a href="#[3a]">APP_FSM_TransitionConnectedToFaultOnFault</a> from charging.o(.text) referenced from charging.o(.constdata)
 <LI><a href="#[4e]">APP_FSM_TransitionConnectedToIdleOnPlugOut</a> from charging.o(.text) referenced from charging.o(.constdata)
 <LI><a href="#[3c]">APP_FSM_TransitionConnectedToPauseOnProtectionPause</a> from charging.o(.text) referenced from charging.o(.constdata)
 <LI><a href="#[4d]">APP_FSM_TransitionConnectedToPrecheckOnNoAuthStart</a> from charging.o(.text) referenced from charging.o(.constdata)
 <LI><a href="#[3b]">APP_FSM_TransitionConnectedToWarningOnWarning</a> from charging.o(.text) referenced from charging.o(.constdata)
 <LI><a href="#[40]">APP_FSM_TransitionDiodecheckToFaultOnDiodecheckComplete</a> from charging.o(.text) referenced from charging.o(.constdata)
 <LI><a href="#[52]">APP_FSM_TransitionDiodecheckToIdleOnIdle</a> from charging.o(.text) referenced from charging.o(.constdata)
 <LI><a href="#[54]">APP_FSM_TransitionDiodecheckToReadyOnDiodecheckComplete</a> from charging.o(.text) referenced from charging.o(.constdata)
 <LI><a href="#[46]">APP_FSM_TransitionFaultToIdleOnSystemReset</a> from charging.o(.text) referenced from charging.o(.constdata)
 <LI><a href="#[4c]">APP_FSM_TransitionIdleToConnectedOnPlugIn</a> from charging.o(.text) referenced from charging.o(.constdata)
 <LI><a href="#[37]">APP_FSM_TransitionIdleToFaultOnFault</a> from charging.o(.text) referenced from charging.o(.constdata)
 <LI><a href="#[39]">APP_FSM_TransitionIdleToPPauseOnProtectionPause</a> from charging.o(.text) referenced from charging.o(.constdata)
 <LI><a href="#[38]">APP_FSM_TransitionIdleToWarningOnWarning</a> from charging.o(.text) referenced from charging.o(.constdata)
 <LI><a href="#[44]">APP_FSM_TransitionPPauseToFaultOnFault</a> from charging.o(.text) referenced from charging.o(.constdata)
 <LI><a href="#[5c]">APP_FSM_TransitionPPauseToIdleOnPlugOut</a> from charging.o(.text) referenced from charging.o(.constdata)
 <LI><a href="#[49]">APP_FSM_TransitionPPauseToReadyOnProtectionRecovery</a> from charging.o(.text) referenced from charging.o(.constdata)
 <LI><a href="#[45]">APP_FSM_TransitionPPauseToWarningOnWarning</a> from charging.o(.text) referenced from charging.o(.constdata)
 <LI><a href="#[4b]">APP_FSM_TransitionPostToConnectedOnPostSuccessConnected</a> from charging.o(.text) referenced from charging.o(.constdata)
 <LI><a href="#[36]">APP_FSM_TransitionPostToFaultOnPostFailure</a> from charging.o(.text) referenced from charging.o(.constdata)
 <LI><a href="#[4a]">APP_FSM_TransitionPostToIdleOnPostSuccessIdle</a> from charging.o(.text) referenced from charging.o(.constdata)
 <LI><a href="#[53]">APP_FSM_TransitionPrecheckToChargingOnVehicleStart</a> from charging.o(.text) referenced from charging.o(.constdata)
 <LI><a href="#[4f]">APP_FSM_TransitionPrecheckToDiodecheckOnPrecheckSuccess</a> from charging.o(.text) referenced from charging.o(.constdata)
 <LI><a href="#[51]">APP_FSM_TransitionPrecheckToFaultOnPrecheckFailure</a> from charging.o(.text) referenced from charging.o(.constdata)
 <LI><a href="#[50]">APP_FSM_TransitionPrecheckToIdleOnIdle</a> from charging.o(.text) referenced from charging.o(.constdata)
 <LI><a href="#[56]">APP_FSM_TransitionReadyToChargingOnVehicleStart</a> from charging.o(.text) referenced from charging.o(.constdata)
 <LI><a href="#[3d]">APP_FSM_TransitionReadyToFaultOnFault</a> from charging.o(.text) referenced from charging.o(.constdata)
 <LI><a href="#[55]">APP_FSM_TransitionReadyToIdleOnPlugOut</a> from charging.o(.text) referenced from charging.o(.constdata)
 <LI><a href="#[3f]">APP_FSM_TransitionReadyToPPauseOnProtectionPause</a> from charging.o(.text) referenced from charging.o(.constdata)
 <LI><a href="#[3e]">APP_FSM_TransitionReadyToWarningOnWarning</a> from charging.o(.text) referenced from charging.o(.constdata)
 <LI><a href="#[59]">APP_FSM_TransitionVPauseToChargingOnVehicleStart</a> from charging.o(.text) referenced from charging.o(.constdata)
 <LI><a href="#[5a]">APP_FSM_TransitionVPauseToConnectedOnVehicleExcessiveStartCount</a> from charging.o(.text) referenced from charging.o(.constdata)
 <LI><a href="#[41]">APP_FSM_TransitionVPauseToFaultOnFault</a> from charging.o(.text) referenced from charging.o(.constdata)
 <LI><a href="#[5b]">APP_FSM_TransitionVPauseToIdleOnPlugOut</a> from charging.o(.text) referenced from charging.o(.constdata)
 <LI><a href="#[43]">APP_FSM_TransitionVPauseToPPauseOnProtectionPause</a> from charging.o(.text) referenced from charging.o(.constdata)
 <LI><a href="#[42]">APP_FSM_TransitionVPauseToWarningOnWarning</a> from charging.o(.text) referenced from charging.o(.constdata)
 <LI><a href="#[47]">APP_FSM_TransitionWarningToCONNECTEDOnCONNECTED</a> from charging.o(.text) referenced from charging.o(.constdata)
 <LI><a href="#[48]">APP_FSM_TransitionWarningToIdleOnWarningRecovery</a> from charging.o(.text) referenced from charging.o(.constdata)
 <LI><a href="#[15]">CAN_IRQHandler</a> from startup_n32g05x.o(.text) referenced from startup_n32g05x.o(RESET)
 <LI><a href="#[25]">COMP1_2_3_4_IRQHandler</a> from startup_n32g05x.o(.text) referenced from startup_n32g05x.o(RESET)
 <LI><a href="#[10]">DMA_CH1_2_IRQHandler</a> from adcif.o(.text) referenced from startup_n32g05x.o(RESET)
 <LI><a href="#[11]">DMA_CH3_4_5_IRQHandler</a> from startup_n32g05x.o(.text) referenced from startup_n32g05x.o(RESET)
 <LI><a href="#[c]">EXTI0_1_IRQHandler</a> from startup_n32g05x.o(.text) referenced from startup_n32g05x.o(RESET)
 <LI><a href="#[d]">EXTI2_3_IRQHandler</a> from startup_n32g05x.o(.text) referenced from startup_n32g05x.o(RESET)
 <LI><a href="#[e]">EXTI4_15_IRQHandler</a> from portif.o(.text) referenced from startup_n32g05x.o(RESET)
 <LI><a href="#[a]">FLASH_IRQHandler</a> from startup_n32g05x.o(.text) referenced from startup_n32g05x.o(RESET)
 <LI><a href="#[2]">HardFault_Handler</a> from context_rvds.o(.text) referenced from startup_n32g05x.o(RESET)
 <LI><a href="#[1d]">I2C1_IRQHandler</a> from startup_n32g05x.o(.text) referenced from startup_n32g05x.o(RESET)
 <LI><a href="#[1e]">I2C2_IRQHandler</a> from startup_n32g05x.o(.text) referenced from startup_n32g05x.o(RESET)
 <LI><a href="#[23]">LCD_IRQHandler</a> from startup_n32g05x.o(.text) referenced from startup_n32g05x.o(RESET)
 <LI><a href="#[9]">MMU_RAMC_ERR_IRQHandler</a> from startup_n32g05x.o(.text) referenced from startup_n32g05x.o(RESET)
 <LI><a href="#[1]">NMI_Handler</a> from n32g05x_it.o(.text) referenced from startup_n32g05x.o(RESET)
 <LI><a href="#[7]">PVD_IRQHandler</a> from startup_n32g05x.o(.text) referenced from startup_n32g05x.o(RESET)
 <LI><a href="#[4]">PendSV_Handler</a> from context_rvds.o(.text) referenced from startup_n32g05x.o(RESET)
 <LI><a href="#[b]">RCC_IRQHandler</a> from startup_n32g05x.o(.text) referenced from startup_n32g05x.o(RESET)
 <LI><a href="#[8]">RTC_IRQHandler</a> from startup_n32g05x.o(.text) referenced from startup_n32g05x.o(RESET)
 <LI><a href="#[0]">Reset_Handler</a> from startup_n32g05x.o(.text) referenced from startup_n32g05x.o(RESET)
 <LI><a href="#[f]">SAC_IRQHandler</a> from startup_n32g05x.o(.text) referenced from startup_n32g05x.o(RESET)
 <LI><a href="#[1f]">SPI1_IRQHandler</a> from startup_n32g05x.o(.text) referenced from startup_n32g05x.o(RESET)
 <LI><a href="#[1c]">SPI2_IRQHandler</a> from startup_n32g05x.o(.text) referenced from startup_n32g05x.o(RESET)
 <LI><a href="#[21]">SPI3_IRQHandler</a> from startup_n32g05x.o(.text) referenced from startup_n32g05x.o(RESET)
 <LI><a href="#[3]">SVC_Handler</a> from startup_n32g05x.o(.text) referenced from startup_n32g05x.o(RESET)
 <LI><a href="#[5]">SysTick_Handler</a> from board.o(.text) referenced from startup_n32g05x.o(RESET)
 <LI><a href="#[27]">SystemInit</a> from system_n32g05x.o(.text) referenced from startup_n32g05x.o(.text)
 <LI><a href="#[13]">TIM1_BRK_UP_TRG_COM_IRQHandler</a> from startup_n32g05x.o(.text) referenced from startup_n32g05x.o(RESET)
 <LI><a href="#[14]">TIM1_CC_IRQHandler</a> from startup_n32g05x.o(.text) referenced from startup_n32g05x.o(RESET)
 <LI><a href="#[1a]">TIM2_IRQHandler</a> from timrif.o(.text) referenced from startup_n32g05x.o(RESET)
 <LI><a href="#[16]">TIM3_IRQHandler</a> from startup_n32g05x.o(.text) referenced from startup_n32g05x.o(RESET)
 <LI><a href="#[12]">TIM4_IRQHandler</a> from startup_n32g05x.o(.text) referenced from startup_n32g05x.o(RESET)
 <LI><a href="#[18]">TIM5_IRQHandler</a> from startup_n32g05x.o(.text) referenced from startup_n32g05x.o(RESET)
 <LI><a href="#[19]">TIM6_IRQHandler</a> from startup_n32g05x.o(.text) referenced from startup_n32g05x.o(RESET)
 <LI><a href="#[31]">Task_10ms_thread_entry</a> from n32_rt_thread_task.o(.text) referenced from n32_rt_thread_task.o(.text)
 <LI><a href="#[2f]">Task_1ms_thread_entry</a> from n32_rt_thread_task.o(.text) referenced from n32_rt_thread_task.o(.text)
 <LI><a href="#[32]">Task_1s_thread_entry</a> from n32_rt_thread_task.o(.text) referenced from n32_rt_thread_task.o(.text)
 <LI><a href="#[30]">Task_5ms_thread_entry</a> from n32_rt_thread_task.o(.text) referenced from n32_rt_thread_task.o(.text)
 <LI><a href="#[20]">UART1_IRQHandler</a> from board.o(.text) referenced from startup_n32g05x.o(RESET)
 <LI><a href="#[24]">UART2_IRQHandler</a> from startup_n32g05x.o(.text) referenced from startup_n32g05x.o(RESET)
 <LI><a href="#[17]">UART3_4_IRQHandler</a> from startup_n32g05x.o(.text) referenced from startup_n32g05x.o(RESET)
 <LI><a href="#[22]">UART5_IRQHandler</a> from startup_n32g05x.o(.text) referenced from startup_n32g05x.o(RESET)
 <LI><a href="#[6]">WWDG_IRQHandler</a> from startup_n32g05x.o(.text) referenced from startup_n32g05x.o(RESET)
 <LI><a href="#[28]">__main</a> from entry.o(.ARM.Collect$$$$00000000) referenced from startup_n32g05x.o(.text)
 <LI><a href="#[76]">calibration</a> from log.o(.text) referenced from log.o(FSymTab)
 <LI><a href="#[73]">cmd_ps</a> from msh.o(.text) referenced from msh.o(FSymTab)
 <LI><a href="#[2e]">core_thread_entry</a> from n32_rt_thread_task.o(.text) referenced from n32_rt_thread_task.o(.text)
 <LI><a href="#[74]">factory</a> from factory.o(.text) referenced from factory.o(FSymTab)
 <LI><a href="#[69]">finsh_system_init</a> from shell.o(.text) referenced from shell.o(.rti_fn.6)
 <LI><a href="#[2d]">finsh_thread_entry</a> from shell.o(.text) referenced from shell.o(.text)
 <LI><a href="#[6b]">hello</a> from cmd.o(.text) referenced from cmd.o(FSymTab)
 <LI><a href="#[75]">inject</a> from log.o(.text) referenced from log.o(FSymTab)
 <LI><a href="#[71]">list</a> from cmd.o(.text) referenced from cmd.o(FSymTab)
 <LI><a href="#[6f]">list_mailbox</a> from cmd.o(.text) referenced 2 times from cmd.o(FSymTab)
 <LI><a href="#[6e]">list_sem</a> from cmd.o(.text) referenced 2 times from cmd.o(FSymTab)
 <LI><a href="#[6d]">list_thread</a> from cmd.o(.text) referenced 2 times from cmd.o(FSymTab)
 <LI><a href="#[70]">list_timer</a> from cmd.o(.text) referenced 2 times from cmd.o(FSymTab)
 <LI><a href="#[26]">main</a> from components.o(.text) referenced from entry9a.o(.ARM.Collect$$$$0000000B)
 <LI><a href="#[29]">main_thread_entry</a> from components.o(.text) referenced from components.o(.text)
 <LI><a href="#[72]">msh_help</a> from msh.o(.text) referenced from msh.o(FSymTab)
 <LI><a href="#[78]">relay</a> from log.o(.text) referenced from log.o(FSymTab)
 <LI><a href="#[77]">restart</a> from log.o(.text) referenced from log.o(FSymTab)
 <LI><a href="#[2b]">rt_thread_exit</a> from thread.o(.text) referenced from thread.o(.text)
 <LI><a href="#[2a]">rt_thread_idle_entry</a> from idle.o(.text) referenced from idle.o(.text)
 <LI><a href="#[2c]">rt_thread_timeout</a> from thread.o(.text) referenced from thread.o(.text)
 <LI><a href="#[68]">rti_board_end</a> from components.o(.text) referenced from components.o(.rti_fn.1.end)
 <LI><a href="#[67]">rti_board_start</a> from components.o(.text) referenced from components.o(.rti_fn.0.end)
 <LI><a href="#[6a]">rti_end</a> from components.o(.text) referenced from components.o(.rti_fn.6.end)
 <LI><a href="#[66]">rti_start</a> from components.o(.text) referenced from components.o(.rti_fn.0)
 <LI><a href="#[6c]">version</a> from cmd.o(.text) referenced 2 times from cmd.o(FSymTab)
</UL>
<P>
<H3>
Global Symbols
</H3>
<P><STRONG><a name="[28]"></a>__main</STRONG> (Thumb, 0 bytes, Stack size unknown bytes, entry.o(.ARM.Collect$$$$00000000))
<BR>[Address Reference Count : 1]<UL><LI> startup_n32g05x.o(.text)
</UL>
<P><STRONG><a name="[29e]"></a>_main_stk</STRONG> (Thumb, 0 bytes, Stack size unknown bytes, entry2.o(.ARM.Collect$$$$00000001))

<P><STRONG><a name="[79]"></a>_main_scatterload</STRONG> (Thumb, 0 bytes, Stack size unknown bytes, entry5.o(.ARM.Collect$$$$00000004))
<BR><BR>[Calls]<UL><LI><a href="#[7a]">&gt;&gt;</a>&nbsp;&nbsp;&nbsp;__scatterload
</UL>

<P><STRONG><a name="[29b]"></a>__main_after_scatterload</STRONG> (Thumb, 0 bytes, Stack size unknown bytes, entry5.o(.ARM.Collect$$$$00000004))
<BR><BR>[Called By]<UL><LI><a href="#[7a]">&gt;&gt;</a>&nbsp;&nbsp;&nbsp;__scatterload
</UL>

<P><STRONG><a name="[29f]"></a>_main_clock</STRONG> (Thumb, 0 bytes, Stack size unknown bytes, entry7b.o(.ARM.Collect$$$$00000008))

<P><STRONG><a name="[2a0]"></a>_main_cpp_init</STRONG> (Thumb, 0 bytes, Stack size unknown bytes, entry8b.o(.ARM.Collect$$$$0000000A))

<P><STRONG><a name="[2a1]"></a>_main_init</STRONG> (Thumb, 0 bytes, Stack size unknown bytes, entry9a.o(.ARM.Collect$$$$0000000B))

<P><STRONG><a name="[7b]"></a>__rt_lib_shutdown_fini</STRONG> (Thumb, 0 bytes, Stack size unknown bytes, entry12b.o(.ARM.Collect$$$$0000000E))
<BR><BR>[Calls]<UL><LI><a href="#[7c]">&gt;&gt;</a>&nbsp;&nbsp;&nbsp;__arm_fini_ (Weak Reference)
</UL>

<P><STRONG><a name="[2a2]"></a>__rt_final_cpp</STRONG> (Thumb, 0 bytes, Stack size unknown bytes, entry10a.o(.ARM.Collect$$$$0000000F))

<P><STRONG><a name="[2a3]"></a>__rt_final_exit</STRONG> (Thumb, 0 bytes, Stack size unknown bytes, entry11a.o(.ARM.Collect$$$$00000011))

<P><STRONG><a name="[0]"></a>Reset_Handler</STRONG> (Thumb, 8 bytes, Stack size 0 bytes, startup_n32g05x.o(.text))
<BR>[Address Reference Count : 1]<UL><LI> startup_n32g05x.o(RESET)
</UL>
<P><STRONG><a name="[3]"></a>SVC_Handler</STRONG> (Thumb, 2 bytes, Stack size 0 bytes, startup_n32g05x.o(.text))
<BR><BR>[Calls]<UL><LI><a href="#[3]">&gt;&gt;</a>&nbsp;&nbsp;&nbsp;SVC_Handler
</UL>
<BR>[Called By]<UL><LI><a href="#[3]">&gt;&gt;</a>&nbsp;&nbsp;&nbsp;SVC_Handler
</UL>
<BR>[Address Reference Count : 1]<UL><LI> startup_n32g05x.o(RESET)
</UL>
<P><STRONG><a name="[1b]"></a>ADC_IRQHandler</STRONG> (Thumb, 0 bytes, Stack size 0 bytes, startup_n32g05x.o(.text))
<BR><BR>[Calls]<UL><LI><a href="#[1b]">&gt;&gt;</a>&nbsp;&nbsp;&nbsp;ADC_IRQHandler
</UL>
<BR>[Called By]<UL><LI><a href="#[1b]">&gt;&gt;</a>&nbsp;&nbsp;&nbsp;ADC_IRQHandler
</UL>
<BR>[Address Reference Count : 1]<UL><LI> startup_n32g05x.o(RESET)
</UL>
<P><STRONG><a name="[15]"></a>CAN_IRQHandler</STRONG> (Thumb, 0 bytes, Stack size 0 bytes, startup_n32g05x.o(.text))
<BR>[Address Reference Count : 1]<UL><LI> startup_n32g05x.o(RESET)
</UL>
<P><STRONG><a name="[25]"></a>COMP1_2_3_4_IRQHandler</STRONG> (Thumb, 0 bytes, Stack size 0 bytes, startup_n32g05x.o(.text))
<BR>[Address Reference Count : 1]<UL><LI> startup_n32g05x.o(RESET)
</UL>
<P><STRONG><a name="[11]"></a>DMA_CH3_4_5_IRQHandler</STRONG> (Thumb, 0 bytes, Stack size 0 bytes, startup_n32g05x.o(.text))
<BR>[Address Reference Count : 1]<UL><LI> startup_n32g05x.o(RESET)
</UL>
<P><STRONG><a name="[c]"></a>EXTI0_1_IRQHandler</STRONG> (Thumb, 0 bytes, Stack size 0 bytes, startup_n32g05x.o(.text))
<BR>[Address Reference Count : 1]<UL><LI> startup_n32g05x.o(RESET)
</UL>
<P><STRONG><a name="[d]"></a>EXTI2_3_IRQHandler</STRONG> (Thumb, 0 bytes, Stack size 0 bytes, startup_n32g05x.o(.text))
<BR>[Address Reference Count : 1]<UL><LI> startup_n32g05x.o(RESET)
</UL>
<P><STRONG><a name="[a]"></a>FLASH_IRQHandler</STRONG> (Thumb, 0 bytes, Stack size 0 bytes, startup_n32g05x.o(.text))
<BR>[Address Reference Count : 1]<UL><LI> startup_n32g05x.o(RESET)
</UL>
<P><STRONG><a name="[1d]"></a>I2C1_IRQHandler</STRONG> (Thumb, 0 bytes, Stack size 0 bytes, startup_n32g05x.o(.text))
<BR>[Address Reference Count : 1]<UL><LI> startup_n32g05x.o(RESET)
</UL>
<P><STRONG><a name="[1e]"></a>I2C2_IRQHandler</STRONG> (Thumb, 0 bytes, Stack size 0 bytes, startup_n32g05x.o(.text))
<BR>[Address Reference Count : 1]<UL><LI> startup_n32g05x.o(RESET)
</UL>
<P><STRONG><a name="[23]"></a>LCD_IRQHandler</STRONG> (Thumb, 0 bytes, Stack size 0 bytes, startup_n32g05x.o(.text))
<BR>[Address Reference Count : 1]<UL><LI> startup_n32g05x.o(RESET)
</UL>
<P><STRONG><a name="[9]"></a>MMU_RAMC_ERR_IRQHandler</STRONG> (Thumb, 0 bytes, Stack size 0 bytes, startup_n32g05x.o(.text))
<BR>[Address Reference Count : 1]<UL><LI> startup_n32g05x.o(RESET)
</UL>
<P><STRONG><a name="[7]"></a>PVD_IRQHandler</STRONG> (Thumb, 0 bytes, Stack size 0 bytes, startup_n32g05x.o(.text))
<BR>[Address Reference Count : 1]<UL><LI> startup_n32g05x.o(RESET)
</UL>
<P><STRONG><a name="[b]"></a>RCC_IRQHandler</STRONG> (Thumb, 0 bytes, Stack size 0 bytes, startup_n32g05x.o(.text))
<BR>[Address Reference Count : 1]<UL><LI> startup_n32g05x.o(RESET)
</UL>
<P><STRONG><a name="[8]"></a>RTC_IRQHandler</STRONG> (Thumb, 0 bytes, Stack size 0 bytes, startup_n32g05x.o(.text))
<BR>[Address Reference Count : 1]<UL><LI> startup_n32g05x.o(RESET)
</UL>
<P><STRONG><a name="[f]"></a>SAC_IRQHandler</STRONG> (Thumb, 0 bytes, Stack size 0 bytes, startup_n32g05x.o(.text))
<BR>[Address Reference Count : 1]<UL><LI> startup_n32g05x.o(RESET)
</UL>
<P><STRONG><a name="[1f]"></a>SPI1_IRQHandler</STRONG> (Thumb, 0 bytes, Stack size 0 bytes, startup_n32g05x.o(.text))
<BR>[Address Reference Count : 1]<UL><LI> startup_n32g05x.o(RESET)
</UL>
<P><STRONG><a name="[1c]"></a>SPI2_IRQHandler</STRONG> (Thumb, 0 bytes, Stack size 0 bytes, startup_n32g05x.o(.text))
<BR>[Address Reference Count : 1]<UL><LI> startup_n32g05x.o(RESET)
</UL>
<P><STRONG><a name="[21]"></a>SPI3_IRQHandler</STRONG> (Thumb, 0 bytes, Stack size 0 bytes, startup_n32g05x.o(.text))
<BR>[Address Reference Count : 1]<UL><LI> startup_n32g05x.o(RESET)
</UL>
<P><STRONG><a name="[13]"></a>TIM1_BRK_UP_TRG_COM_IRQHandler</STRONG> (Thumb, 0 bytes, Stack size 0 bytes, startup_n32g05x.o(.text))
<BR>[Address Reference Count : 1]<UL><LI> startup_n32g05x.o(RESET)
</UL>
<P><STRONG><a name="[14]"></a>TIM1_CC_IRQHandler</STRONG> (Thumb, 0 bytes, Stack size 0 bytes, startup_n32g05x.o(.text))
<BR>[Address Reference Count : 1]<UL><LI> startup_n32g05x.o(RESET)
</UL>
<P><STRONG><a name="[16]"></a>TIM3_IRQHandler</STRONG> (Thumb, 0 bytes, Stack size 0 bytes, startup_n32g05x.o(.text))
<BR>[Address Reference Count : 1]<UL><LI> startup_n32g05x.o(RESET)
</UL>
<P><STRONG><a name="[12]"></a>TIM4_IRQHandler</STRONG> (Thumb, 0 bytes, Stack size 0 bytes, startup_n32g05x.o(.text))
<BR>[Address Reference Count : 1]<UL><LI> startup_n32g05x.o(RESET)
</UL>
<P><STRONG><a name="[18]"></a>TIM5_IRQHandler</STRONG> (Thumb, 0 bytes, Stack size 0 bytes, startup_n32g05x.o(.text))
<BR>[Address Reference Count : 1]<UL><LI> startup_n32g05x.o(RESET)
</UL>
<P><STRONG><a name="[19]"></a>TIM6_IRQHandler</STRONG> (Thumb, 0 bytes, Stack size 0 bytes, startup_n32g05x.o(.text))
<BR>[Address Reference Count : 1]<UL><LI> startup_n32g05x.o(RESET)
</UL>
<P><STRONG><a name="[24]"></a>UART2_IRQHandler</STRONG> (Thumb, 0 bytes, Stack size 0 bytes, startup_n32g05x.o(.text))
<BR>[Address Reference Count : 1]<UL><LI> startup_n32g05x.o(RESET)
</UL>
<P><STRONG><a name="[17]"></a>UART3_4_IRQHandler</STRONG> (Thumb, 0 bytes, Stack size 0 bytes, startup_n32g05x.o(.text))
<BR>[Address Reference Count : 1]<UL><LI> startup_n32g05x.o(RESET)
</UL>
<P><STRONG><a name="[22]"></a>UART5_IRQHandler</STRONG> (Thumb, 0 bytes, Stack size 0 bytes, startup_n32g05x.o(.text))
<BR>[Address Reference Count : 1]<UL><LI> startup_n32g05x.o(RESET)
</UL>
<P><STRONG><a name="[6]"></a>WWDG_IRQHandler</STRONG> (Thumb, 0 bytes, Stack size 0 bytes, startup_n32g05x.o(.text))
<BR>[Address Reference Count : 1]<UL><LI> startup_n32g05x.o(RESET)
</UL>
<P><STRONG><a name="[7e]"></a>HSEPLL_Failed_Detection</STRONG> (Thumb, 76 bytes, Stack size 0 bytes, system_n32g05x.o(.text))
<BR><BR>[Called By]<UL><LI><a href="#[7d]">&gt;&gt;</a>&nbsp;&nbsp;&nbsp;SetSysClock
</UL>

<P><STRONG><a name="[27]"></a>SystemInit</STRONG> (Thumb, 92 bytes, Stack size 0 bytes, system_n32g05x.o(.text))
<BR><BR>[Stack]<UL><LI>Max Depth = 8<LI>Call Chain = SystemInit &rArr; SetSysClock
</UL>
<BR>[Calls]<UL><LI><a href="#[7d]">&gt;&gt;</a>&nbsp;&nbsp;&nbsp;SetSysClock
</UL>
<BR>[Address Reference Count : 1]<UL><LI> startup_n32g05x.o(.text)
</UL>
<P><STRONG><a name="[7f]"></a>SystemCoreClockUpdate</STRONG> (Thumb, 116 bytes, Stack size 32 bytes, system_n32g05x.o(.text))
<BR><BR>[Stack]<UL><LI>Max Depth = 44<LI>Call Chain = SystemCoreClockUpdate &rArr; __aeabi_uidivmod
</UL>
<BR>[Calls]<UL><LI><a href="#[80]">&gt;&gt;</a>&nbsp;&nbsp;&nbsp;__aeabi_uidivmod
</UL>
<BR>[Called By]<UL><LI><a href="#[d7]">&gt;&gt;</a>&nbsp;&nbsp;&nbsp;rt_hw_board_init
</UL>

<P><STRONG><a name="[81]"></a>HSE_Frequency_Detection</STRONG> (Thumb, 232 bytes, Stack size 120 bytes, system_n32g05x.o(.text), UNUSED)
<BR><BR>[Calls]<UL><LI><a href="#[80]">&gt;&gt;</a>&nbsp;&nbsp;&nbsp;__aeabi_uidivmod
</UL>

<P><STRONG><a name="[82]"></a>GPIO_DeInit</STRONG> (Thumb, 46 bytes, Stack size 8 bytes, n32g05x_gpio.o(.text), UNUSED)
<BR><BR>[Calls]<UL><LI><a href="#[83]">&gt;&gt;</a>&nbsp;&nbsp;&nbsp;RCC_EnableAPB2PeriphReset
</UL>

<P><STRONG><a name="[2a4]"></a>GPIO_DeInitPin</STRONG> (Thumb, 260 bytes, Stack size 20 bytes, n32g05x_gpio.o(.text), UNUSED)

<P><STRONG><a name="[84]"></a>GPIO_AFIOInitDefault</STRONG> (Thumb, 10 bytes, Stack size 8 bytes, n32g05x_gpio.o(.text), UNUSED)
<BR><BR>[Calls]<UL><LI><a href="#[83]">&gt;&gt;</a>&nbsp;&nbsp;&nbsp;RCC_EnableAPB2PeriphReset
</UL>

<P><STRONG><a name="[195]"></a>GPIO_InitPeripheral</STRONG> (Thumb, 182 bytes, Stack size 20 bytes, n32g05x_gpio.o(.text))
<BR><BR>[Stack]<UL><LI>Max Depth = 20<LI>Call Chain = GPIO_InitPeripheral
</UL>
<BR>[Called By]<UL><LI><a href="#[190]">&gt;&gt;</a>&nbsp;&nbsp;&nbsp;PortIfCfg_PinDrv_Init
<LI><a href="#[193]">&gt;&gt;</a>&nbsp;&nbsp;&nbsp;PortIf_SetPinMode
<LI><a href="#[128]">&gt;&gt;</a>&nbsp;&nbsp;&nbsp;log_init
</UL>

<P><STRONG><a name="[194]"></a>GPIO_InitStruct</STRONG> (Thumb, 22 bytes, Stack size 0 bytes, n32g05x_gpio.o(.text))
<BR><BR>[Called By]<UL><LI><a href="#[190]">&gt;&gt;</a>&nbsp;&nbsp;&nbsp;PortIfCfg_PinDrv_Init
<LI><a href="#[193]">&gt;&gt;</a>&nbsp;&nbsp;&nbsp;PortIf_SetPinMode
<LI><a href="#[128]">&gt;&gt;</a>&nbsp;&nbsp;&nbsp;log_init
</UL>

<P><STRONG><a name="[18d]"></a>GPIO_ReadInputDataBit</STRONG> (Thumb, 10 bytes, Stack size 0 bytes, n32g05x_gpio.o(.text))
<BR><BR>[Called By]<UL><LI><a href="#[18a]">&gt;&gt;</a>&nbsp;&nbsp;&nbsp;DioIfCfg_ReadPin
</UL>

<P><STRONG><a name="[2a5]"></a>GPIO_ReadInputData</STRONG> (Thumb, 6 bytes, Stack size 0 bytes, n32g05x_gpio.o(.text), UNUSED)

<P><STRONG><a name="[2a6]"></a>GPIO_ReadOutputDataBit</STRONG> (Thumb, 10 bytes, Stack size 0 bytes, n32g05x_gpio.o(.text), UNUSED)

<P><STRONG><a name="[2a7]"></a>GPIO_ReadOutputData</STRONG> (Thumb, 6 bytes, Stack size 0 bytes, n32g05x_gpio.o(.text), UNUSED)

<P><STRONG><a name="[18c]"></a>GPIO_SetBits</STRONG> (Thumb, 4 bytes, Stack size 0 bytes, n32g05x_gpio.o(.text))
<BR><BR>[Called By]<UL><LI><a href="#[187]">&gt;&gt;</a>&nbsp;&nbsp;&nbsp;DioIfCfg_WritePin
</UL>

<P><STRONG><a name="[18b]"></a>GPIO_ResetBits</STRONG> (Thumb, 4 bytes, Stack size 0 bytes, n32g05x_gpio.o(.text))
<BR><BR>[Called By]<UL><LI><a href="#[187]">&gt;&gt;</a>&nbsp;&nbsp;&nbsp;DioIfCfg_WritePin
</UL>

<P><STRONG><a name="[2a8]"></a>GPIO_WriteBit</STRONG> (Thumb, 12 bytes, Stack size 0 bytes, n32g05x_gpio.o(.text), UNUSED)

<P><STRONG><a name="[2a9]"></a>GPIO_Write</STRONG> (Thumb, 4 bytes, Stack size 0 bytes, n32g05x_gpio.o(.text), UNUSED)

<P><STRONG><a name="[2aa]"></a>GPIO_TogglePin</STRONG> (Thumb, 8 bytes, Stack size 0 bytes, n32g05x_gpio.o(.text), UNUSED)

<P><STRONG><a name="[2ab]"></a>GPIO_ConfigPinLock</STRONG> (Thumb, 18 bytes, Stack size 0 bytes, n32g05x_gpio.o(.text), UNUSED)

<P><STRONG><a name="[191]"></a>GPIO_ConfigEXTILine</STRONG> (Thumb, 26 bytes, Stack size 0 bytes, n32g05x_gpio.o(.text))
<BR><BR>[Called By]<UL><LI><a href="#[18f]">&gt;&gt;</a>&nbsp;&nbsp;&nbsp;PortIf_Init
</UL>

<P><STRONG><a name="[2ac]"></a>GPIO_ClearEXTILine</STRONG> (Thumb, 24 bytes, Stack size 0 bytes, n32g05x_gpio.o(.text), UNUSED)

<P><STRONG><a name="[2ad]"></a>GPIO_ConfigPinRemap</STRONG> (Thumb, 64 bytes, Stack size 8 bytes, n32g05x_gpio.o(.text), UNUSED)

<P><STRONG><a name="[2ae]"></a>AFIO_ConfigADCExternalTrigRemap</STRONG> (Thumb, 18 bytes, Stack size 0 bytes, n32g05x_gpio.o(.text), UNUSED)

<P><STRONG><a name="[2af]"></a>AFIO_ConfigSPINSSMode</STRONG> (Thumb, 18 bytes, Stack size 0 bytes, n32g05x_gpio.o(.text), UNUSED)

<P><STRONG><a name="[2b0]"></a>AFIO_ConfigIOFlitNum</STRONG> (Thumb, 14 bytes, Stack size 0 bytes, n32g05x_gpio.o(.text), UNUSED)

<P><STRONG><a name="[2b1]"></a>AFIO_DIGEFTEnable</STRONG> (Thumb, 48 bytes, Stack size 0 bytes, n32g05x_gpio.o(.text), UNUSED)

<P><STRONG><a name="[2b2]"></a>RCC_DeInit</STRONG> (Thumb, 58 bytes, Stack size 0 bytes, n32g05x_rcc.o(.text), UNUSED)

<P><STRONG><a name="[2b3]"></a>RCC_ConfigHse</STRONG> (Thumb, 38 bytes, Stack size 8 bytes, n32g05x_rcc.o(.text), UNUSED)

<P><STRONG><a name="[88]"></a>RCC_GetFlagStatus</STRONG> (Thumb, 50 bytes, Stack size 0 bytes, n32g05x_rcc.o(.text))
<BR><BR>[Called By]<UL><LI><a href="#[8a]">&gt;&gt;</a>&nbsp;&nbsp;&nbsp;RCC_WaitLsiStable
<LI><a href="#[89]">&gt;&gt;</a>&nbsp;&nbsp;&nbsp;RCC_WaitHsiStable
<LI><a href="#[87]">&gt;&gt;</a>&nbsp;&nbsp;&nbsp;RCC_WaitHseStable
<LI><a href="#[1b8]">&gt;&gt;</a>&nbsp;&nbsp;&nbsp;WdgIf_ClrStatusFlg
</UL>

<P><STRONG><a name="[85]"></a>RCC_GetClocksFreqValue</STRONG> (Thumb, 208 bytes, Stack size 80 bytes, n32g05x_rcc.o(.text))
<BR><BR>[Stack]<UL><LI>Max Depth = 92<LI>Call Chain = RCC_GetClocksFreqValue &rArr; __aeabi_uidivmod
</UL>
<BR>[Calls]<UL><LI><a href="#[86]">&gt;&gt;</a>&nbsp;&nbsp;&nbsp;__aeabi_memcpy4
<LI><a href="#[80]">&gt;&gt;</a>&nbsp;&nbsp;&nbsp;__aeabi_uidivmod
</UL>
<BR>[Called By]<UL><LI><a href="#[a6]">&gt;&gt;</a>&nbsp;&nbsp;&nbsp;UART_Init
<LI><a href="#[8d]">&gt;&gt;</a>&nbsp;&nbsp;&nbsp;ADC_Init
<LI><a href="#[8a]">&gt;&gt;</a>&nbsp;&nbsp;&nbsp;RCC_WaitLsiStable
<LI><a href="#[89]">&gt;&gt;</a>&nbsp;&nbsp;&nbsp;RCC_WaitHsiStable
<LI><a href="#[87]">&gt;&gt;</a>&nbsp;&nbsp;&nbsp;RCC_WaitHseStable
</UL>

<P><STRONG><a name="[87]"></a>RCC_WaitHseStable</STRONG> (Thumb, 70 bytes, Stack size 32 bytes, n32g05x_rcc.o(.text), UNUSED)
<BR><BR>[Calls]<UL><LI><a href="#[85]">&gt;&gt;</a>&nbsp;&nbsp;&nbsp;RCC_GetClocksFreqValue
<LI><a href="#[88]">&gt;&gt;</a>&nbsp;&nbsp;&nbsp;RCC_GetFlagStatus
<LI><a href="#[80]">&gt;&gt;</a>&nbsp;&nbsp;&nbsp;__aeabi_uidivmod
</UL>

<P><STRONG><a name="[2b4]"></a>RCC_SetHseReadyDelay</STRONG> (Thumb, 16 bytes, Stack size 0 bytes, n32g05x_rcc.o(.text), UNUSED)

<P><STRONG><a name="[2b5]"></a>RCC_EnableClockSecuritySystem</STRONG> (Thumb, 22 bytes, Stack size 0 bytes, n32g05x_rcc.o(.text), UNUSED)

<P><STRONG><a name="[2b6]"></a>RCC_SetHsiCalibValue</STRONG> (Thumb, 16 bytes, Stack size 0 bytes, n32g05x_rcc.o(.text), UNUSED)

<P><STRONG><a name="[2b7]"></a>RCC_EnableHsi</STRONG> (Thumb, 22 bytes, Stack size 0 bytes, n32g05x_rcc.o(.text), UNUSED)

<P><STRONG><a name="[89]"></a>RCC_WaitHsiStable</STRONG> (Thumb, 68 bytes, Stack size 32 bytes, n32g05x_rcc.o(.text), UNUSED)
<BR><BR>[Calls]<UL><LI><a href="#[85]">&gt;&gt;</a>&nbsp;&nbsp;&nbsp;RCC_GetClocksFreqValue
<LI><a href="#[88]">&gt;&gt;</a>&nbsp;&nbsp;&nbsp;RCC_GetFlagStatus
<LI><a href="#[80]">&gt;&gt;</a>&nbsp;&nbsp;&nbsp;__aeabi_uidivmod
</UL>

<P><STRONG><a name="[2b8]"></a>RCC_ConfigPll</STRONG> (Thumb, 44 bytes, Stack size 16 bytes, n32g05x_rcc.o(.text), UNUSED)

<P><STRONG><a name="[2b9]"></a>RCC_EnablePll</STRONG> (Thumb, 22 bytes, Stack size 0 bytes, n32g05x_rcc.o(.text), UNUSED)

<P><STRONG><a name="[2ba]"></a>RCC_EnablePllClockOut</STRONG> (Thumb, 22 bytes, Stack size 0 bytes, n32g05x_rcc.o(.text), UNUSED)

<P><STRONG><a name="[2bb]"></a>RCC_ConfigSysclk</STRONG> (Thumb, 14 bytes, Stack size 0 bytes, n32g05x_rcc.o(.text), UNUSED)

<P><STRONG><a name="[2bc]"></a>RCC_GetSysclkSrc</STRONG> (Thumb, 10 bytes, Stack size 0 bytes, n32g05x_rcc.o(.text), UNUSED)

<P><STRONG><a name="[167]"></a>RCC_ConfigHclk</STRONG> (Thumb, 14 bytes, Stack size 0 bytes, n32g05x_rcc.o(.text))
<BR><BR>[Called By]<UL><LI><a href="#[166]">&gt;&gt;</a>&nbsp;&nbsp;&nbsp;AdcIf_Init
</UL>

<P><STRONG><a name="[2bd]"></a>RCC_ConfigPclk1</STRONG> (Thumb, 16 bytes, Stack size 0 bytes, n32g05x_rcc.o(.text), UNUSED)

<P><STRONG><a name="[2be]"></a>RCC_ConfigPclk2</STRONG> (Thumb, 18 bytes, Stack size 0 bytes, n32g05x_rcc.o(.text), UNUSED)

<P><STRONG><a name="[2bf]"></a>RCC_ConfigInt</STRONG> (Thumb, 20 bytes, Stack size 0 bytes, n32g05x_rcc.o(.text), UNUSED)

<P><STRONG><a name="[2c0]"></a>RCC_ConfigTim1Clk</STRONG> (Thumb, 14 bytes, Stack size 0 bytes, n32g05x_rcc.o(.text), UNUSED)

<P><STRONG><a name="[2c1]"></a>RCC_ConfigTim6Clk</STRONG> (Thumb, 14 bytes, Stack size 0 bytes, n32g05x_rcc.o(.text), UNUSED)

<P><STRONG><a name="[2c2]"></a>RCC_ConfigLCDClk</STRONG> (Thumb, 14 bytes, Stack size 0 bytes, n32g05x_rcc.o(.text), UNUSED)

<P><STRONG><a name="[2c3]"></a>RCC_ConfigAdc1mClk</STRONG> (Thumb, 20 bytes, Stack size 8 bytes, n32g05x_rcc.o(.text), UNUSED)

<P><STRONG><a name="[92]"></a>RCC_ConfigADCClksrc</STRONG> (Thumb, 16 bytes, Stack size 0 bytes, n32g05x_rcc.o(.text))
<BR><BR>[Called By]<UL><LI><a href="#[91]">&gt;&gt;</a>&nbsp;&nbsp;&nbsp;ADC_ClockModeConfig
</UL>

<P><STRONG><a name="[94]"></a>RCC_ConfigAdcPllClk</STRONG> (Thumb, 30 bytes, Stack size 8 bytes, n32g05x_rcc.o(.text))
<BR><BR>[Stack]<UL><LI>Max Depth = 8<LI>Call Chain = RCC_ConfigAdcPllClk
</UL>
<BR>[Called By]<UL><LI><a href="#[91]">&gt;&gt;</a>&nbsp;&nbsp;&nbsp;ADC_ClockModeConfig
</UL>

<P><STRONG><a name="[93]"></a>RCC_ConfigAdcHclk</STRONG> (Thumb, 14 bytes, Stack size 0 bytes, n32g05x_rcc.o(.text))
<BR><BR>[Called By]<UL><LI><a href="#[91]">&gt;&gt;</a>&nbsp;&nbsp;&nbsp;ADC_ClockModeConfig
</UL>

<P><STRONG><a name="[2c4]"></a>RCC_EnableLsi</STRONG> (Thumb, 22 bytes, Stack size 0 bytes, n32g05x_rcc.o(.text), UNUSED)

<P><STRONG><a name="[2c5]"></a>RCC_SetLsiCalibValue</STRONG> (Thumb, 16 bytes, Stack size 0 bytes, n32g05x_rcc.o(.text), UNUSED)

<P><STRONG><a name="[8a]"></a>RCC_WaitLsiStable</STRONG> (Thumb, 68 bytes, Stack size 32 bytes, n32g05x_rcc.o(.text), UNUSED)
<BR><BR>[Calls]<UL><LI><a href="#[85]">&gt;&gt;</a>&nbsp;&nbsp;&nbsp;RCC_GetClocksFreqValue
<LI><a href="#[88]">&gt;&gt;</a>&nbsp;&nbsp;&nbsp;RCC_GetFlagStatus
<LI><a href="#[80]">&gt;&gt;</a>&nbsp;&nbsp;&nbsp;__aeabi_uidivmod
</UL>

<P><STRONG><a name="[2c6]"></a>RCC_ConfigRtcClk</STRONG> (Thumb, 80 bytes, Stack size 0 bytes, n32g05x_rcc.o(.text), UNUSED)

<P><STRONG><a name="[2c7]"></a>RCC_EnableRtcClk</STRONG> (Thumb, 22 bytes, Stack size 0 bytes, n32g05x_rcc.o(.text), UNUSED)

<P><STRONG><a name="[2c8]"></a>RCC_EnableRTCReset</STRONG> (Thumb, 20 bytes, Stack size 0 bytes, n32g05x_rcc.o(.text), UNUSED)

<P><STRONG><a name="[2c9]"></a>RCC_EnableLockupReset</STRONG> (Thumb, 22 bytes, Stack size 0 bytes, n32g05x_rcc.o(.text), UNUSED)

<P><STRONG><a name="[2ca]"></a>RCC_EnableRAMParityErrorReset</STRONG> (Thumb, 22 bytes, Stack size 0 bytes, n32g05x_rcc.o(.text), UNUSED)

<P><STRONG><a name="[2cb]"></a>RCC_EnableLEDClk</STRONG> (Thumb, 22 bytes, Stack size 0 bytes, n32g05x_rcc.o(.text), UNUSED)

<P><STRONG><a name="[2cc]"></a>RCC_ConfigLEDClk</STRONG> (Thumb, 18 bytes, Stack size 8 bytes, n32g05x_rcc.o(.text), UNUSED)

<P><STRONG><a name="[2cd]"></a>RCC_EnableLEDDMARequest</STRONG> (Thumb, 20 bytes, Stack size 0 bytes, n32g05x_rcc.o(.text), UNUSED)

<P><STRONG><a name="[2ce]"></a>RCC_SetLEDLowLevelCycles</STRONG> (Thumb, 24 bytes, Stack size 0 bytes, n32g05x_rcc.o(.text), UNUSED)

<P><STRONG><a name="[2cf]"></a>RCC_SetLEDClockCycles</STRONG> (Thumb, 16 bytes, Stack size 0 bytes, n32g05x_rcc.o(.text), UNUSED)

<P><STRONG><a name="[2d0]"></a>RCC_ConfigALL_LED_GCLK</STRONG> (Thumb, 80 bytes, Stack size 20 bytes, n32g05x_rcc.o(.text), UNUSED)

<P><STRONG><a name="[168]"></a>RCC_EnableAHBPeriphClk</STRONG> (Thumb, 18 bytes, Stack size 0 bytes, n32g05x_rcc.o(.text))
<BR><BR>[Called By]<UL><LI><a href="#[166]">&gt;&gt;</a>&nbsp;&nbsp;&nbsp;AdcIf_Init
</UL>

<P><STRONG><a name="[19a]"></a>RCC_EnableAPB2PeriphClk</STRONG> (Thumb, 18 bytes, Stack size 0 bytes, n32g05x_rcc.o(.text))
<BR><BR>[Called By]<UL><LI><a href="#[1b2]">&gt;&gt;</a>&nbsp;&nbsp;&nbsp;TmrIf_Init
<LI><a href="#[19c]">&gt;&gt;</a>&nbsp;&nbsp;&nbsp;PwmIf_InitCP
<LI><a href="#[19d]">&gt;&gt;</a>&nbsp;&nbsp;&nbsp;PwmIf_InitRly
<LI><a href="#[19e]">&gt;&gt;</a>&nbsp;&nbsp;&nbsp;PwmIf_InitLED1_G
<LI><a href="#[19f]">&gt;&gt;</a>&nbsp;&nbsp;&nbsp;PwmIf_InitLED23_BR
<LI><a href="#[190]">&gt;&gt;</a>&nbsp;&nbsp;&nbsp;PortIfCfg_PinDrv_Init
<LI><a href="#[128]">&gt;&gt;</a>&nbsp;&nbsp;&nbsp;log_init
</UL>

<P><STRONG><a name="[1bc]"></a>RCC_EnableAPB1PeriphClk</STRONG> (Thumb, 18 bytes, Stack size 0 bytes, n32g05x_rcc.o(.text))
<BR><BR>[Called By]<UL><LI><a href="#[1c7]">&gt;&gt;</a>&nbsp;&nbsp;&nbsp;WdgIf_DeInit
<LI><a href="#[1ba]">&gt;&gt;</a>&nbsp;&nbsp;&nbsp;WdgIf_Init
</UL>

<P><STRONG><a name="[8c]"></a>RCC_EnableAHBPeriphReset</STRONG> (Thumb, 16 bytes, Stack size 0 bytes, n32g05x_rcc.o(.text), UNUSED)
<BR><BR>[Called By]<UL><LI><a href="#[8b]">&gt;&gt;</a>&nbsp;&nbsp;&nbsp;ADC_DeInit
</UL>

<P><STRONG><a name="[83]"></a>RCC_EnableAPB2PeriphReset</STRONG> (Thumb, 16 bytes, Stack size 0 bytes, n32g05x_rcc.o(.text), UNUSED)
<BR><BR>[Called By]<UL><LI><a href="#[a5]">&gt;&gt;</a>&nbsp;&nbsp;&nbsp;UART_DeInit
<LI><a href="#[95]">&gt;&gt;</a>&nbsp;&nbsp;&nbsp;TIM_DeInit
<LI><a href="#[84]">&gt;&gt;</a>&nbsp;&nbsp;&nbsp;GPIO_AFIOInitDefault
<LI><a href="#[82]">&gt;&gt;</a>&nbsp;&nbsp;&nbsp;GPIO_DeInit
</UL>

<P><STRONG><a name="[96]"></a>RCC_EnableAPB1PeriphReset</STRONG> (Thumb, 16 bytes, Stack size 0 bytes, n32g05x_rcc.o(.text), UNUSED)
<BR><BR>[Called By]<UL><LI><a href="#[a7]">&gt;&gt;</a>&nbsp;&nbsp;&nbsp;WWDG_DeInit
<LI><a href="#[a5]">&gt;&gt;</a>&nbsp;&nbsp;&nbsp;UART_DeInit
<LI><a href="#[95]">&gt;&gt;</a>&nbsp;&nbsp;&nbsp;TIM_DeInit
</UL>

<P><STRONG><a name="[2d1]"></a>RCC_ConfigMcoClkPre</STRONG> (Thumb, 14 bytes, Stack size 0 bytes, n32g05x_rcc.o(.text), UNUSED)

<P><STRONG><a name="[2d2]"></a>RCC_ConfigMco</STRONG> (Thumb, 16 bytes, Stack size 0 bytes, n32g05x_rcc.o(.text), UNUSED)

<P><STRONG><a name="[1b9]"></a>RCC_ClearResetFlag</STRONG> (Thumb, 18 bytes, Stack size 0 bytes, n32g05x_rcc.o(.text))
<BR><BR>[Called By]<UL><LI><a href="#[1b8]">&gt;&gt;</a>&nbsp;&nbsp;&nbsp;WdgIf_ClrStatusFlg
</UL>

<P><STRONG><a name="[2d3]"></a>RCC_GetIntStatus</STRONG> (Thumb, 16 bytes, Stack size 0 bytes, n32g05x_rcc.o(.text), UNUSED)

<P><STRONG><a name="[2d4]"></a>RCC_ClrIntPendingBit</STRONG> (Thumb, 10 bytes, Stack size 0 bytes, n32g05x_rcc.o(.text), UNUSED)

<P><STRONG><a name="[2d5]"></a>RCC_EnableEMCReset</STRONG> (Thumb, 20 bytes, Stack size 0 bytes, n32g05x_rcc.o(.text), UNUSED)

<P><STRONG><a name="[2d6]"></a>RCC_EnableEMCDetect</STRONG> (Thumb, 18 bytes, Stack size 0 bytes, n32g05x_rcc.o(.text), UNUSED)

<P><STRONG><a name="[8b]"></a>ADC_DeInit</STRONG> (Thumb, 12 bytes, Stack size 8 bytes, n32g05x_adc.o(.text), UNUSED)
<BR><BR>[Calls]<UL><LI><a href="#[8c]">&gt;&gt;</a>&nbsp;&nbsp;&nbsp;RCC_EnableAHBPeriphReset
</UL>

<P><STRONG><a name="[8d]"></a>ADC_Init</STRONG> (Thumb, 50 bytes, Stack size 16 bytes, n32g05x_adc.o(.text))
<BR><BR>[Stack]<UL><LI>Max Depth = 108<LI>Call Chain = ADC_Init &rArr; RCC_GetClocksFreqValue &rArr; __aeabi_uidivmod
</UL>
<BR>[Calls]<UL><LI><a href="#[85]">&gt;&gt;</a>&nbsp;&nbsp;&nbsp;RCC_GetClocksFreqValue
</UL>
<BR>[Called By]<UL><LI><a href="#[166]">&gt;&gt;</a>&nbsp;&nbsp;&nbsp;AdcIf_Init
</UL>

<P><STRONG><a name="[16b]"></a>ADC_InitStruct</STRONG> (Thumb, 16 bytes, Stack size 0 bytes, n32g05x_adc.o(.text))
<BR><BR>[Called By]<UL><LI><a href="#[166]">&gt;&gt;</a>&nbsp;&nbsp;&nbsp;AdcIf_Init
</UL>

<P><STRONG><a name="[170]"></a>ADC_Enable</STRONG> (Thumb, 22 bytes, Stack size 0 bytes, n32g05x_adc.o(.text))
<BR><BR>[Called By]<UL><LI><a href="#[173]">&gt;&gt;</a>&nbsp;&nbsp;&nbsp;AdcIf_DeInit
<LI><a href="#[166]">&gt;&gt;</a>&nbsp;&nbsp;&nbsp;AdcIf_Init
</UL>

<P><STRONG><a name="[16d]"></a>ADC_EnableDMA</STRONG> (Thumb, 22 bytes, Stack size 0 bytes, n32g05x_adc.o(.text))
<BR><BR>[Called By]<UL><LI><a href="#[173]">&gt;&gt;</a>&nbsp;&nbsp;&nbsp;AdcIf_DeInit
<LI><a href="#[166]">&gt;&gt;</a>&nbsp;&nbsp;&nbsp;AdcIf_Init
</UL>

<P><STRONG><a name="[2d7]"></a>ADC_ConfigInt</STRONG> (Thumb, 38 bytes, Stack size 0 bytes, n32g05x_adc.o(.text), UNUSED)

<P><STRONG><a name="[172]"></a>ADC_EnableSoftwareStartConv</STRONG> (Thumb, 22 bytes, Stack size 0 bytes, n32g05x_adc.o(.text))
<BR><BR>[Called By]<UL><LI><a href="#[166]">&gt;&gt;</a>&nbsp;&nbsp;&nbsp;AdcIf_Init
</UL>

<P><STRONG><a name="[2d8]"></a>ADC_GetSoftwareStartConvStatus</STRONG> (Thumb, 14 bytes, Stack size 0 bytes, n32g05x_adc.o(.text), UNUSED)

<P><STRONG><a name="[16f]"></a>ADC_ConfigChannelSampleTime</STRONG> (Thumb, 14 bytes, Stack size 0 bytes, n32g05x_adc.o(.text))
<BR><BR>[Called By]<UL><LI><a href="#[166]">&gt;&gt;</a>&nbsp;&nbsp;&nbsp;AdcIf_Init
</UL>

<P><STRONG><a name="[2d9]"></a>ADC_EnableExternalTriggerConversion</STRONG> (Thumb, 20 bytes, Stack size 0 bytes, n32g05x_adc.o(.text), UNUSED)

<P><STRONG><a name="[2da]"></a>ADC_GetDat</STRONG> (Thumb, 8 bytes, Stack size 0 bytes, n32g05x_adc.o(.text), UNUSED)

<P><STRONG><a name="[2db]"></a>ADC_GetGroupConvDat</STRONG> (Thumb, 12 bytes, Stack size 0 bytes, n32g05x_adc.o(.text), UNUSED)

<P><STRONG><a name="[2dc]"></a>ADC_ConfigAnalogWatchdogModeChannel</STRONG> (Thumb, 28 bytes, Stack size 8 bytes, n32g05x_adc.o(.text), UNUSED)

<P><STRONG><a name="[2dd]"></a>ADC_EnableAnalogWatchdog</STRONG> (Thumb, 20 bytes, Stack size 0 bytes, n32g05x_adc.o(.text), UNUSED)

<P><STRONG><a name="[2de]"></a>ADC_ConfigAnalogWatchdogThresholds</STRONG> (Thumb, 8 bytes, Stack size 0 bytes, n32g05x_adc.o(.text), UNUSED)

<P><STRONG><a name="[8f]"></a>ADC_GetFlagStatus</STRONG> (Thumb, 60 bytes, Stack size 8 bytes, n32g05x_adc.o(.text), UNUSED)
<BR><BR>[Calls]<UL><LI><a href="#[8e]">&gt;&gt;</a>&nbsp;&nbsp;&nbsp;Delay_8ADC_Colck
</UL>

<P><STRONG><a name="[171]"></a>ADC_GetFlagStatusNew</STRONG> (Thumb, 16 bytes, Stack size 0 bytes, n32g05x_adc.o(.text))
<BR><BR>[Called By]<UL><LI><a href="#[166]">&gt;&gt;</a>&nbsp;&nbsp;&nbsp;AdcIf_Init
</UL>

<P><STRONG><a name="[2df]"></a>ADC_ClearFlag</STRONG> (Thumb, 8 bytes, Stack size 0 bytes, n32g05x_adc.o(.text), UNUSED)

<P><STRONG><a name="[90]"></a>ADC_GetIntStatus</STRONG> (Thumb, 60 bytes, Stack size 8 bytes, n32g05x_adc.o(.text), UNUSED)
<BR><BR>[Calls]<UL><LI><a href="#[8e]">&gt;&gt;</a>&nbsp;&nbsp;&nbsp;Delay_8ADC_Colck
</UL>

<P><STRONG><a name="[2e0]"></a>ADC_ClearIntPendingBit</STRONG> (Thumb, 8 bytes, Stack size 0 bytes, n32g05x_adc.o(.text), UNUSED)

<P><STRONG><a name="[2e1]"></a>ADC_ConfigRegularSequenceSingle</STRONG> (Thumb, 18 bytes, Stack size 0 bytes, n32g05x_adc.o(.text), UNUSED)

<P><STRONG><a name="[16c]"></a>ADC_ConfigRegularSequenceMulti</STRONG> (Thumb, 78 bytes, Stack size 0 bytes, n32g05x_adc.o(.text))
<BR><BR>[Called By]<UL><LI><a href="#[174]">&gt;&gt;</a>&nbsp;&nbsp;&nbsp;ADC_Update_Sequence
<LI><a href="#[166]">&gt;&gt;</a>&nbsp;&nbsp;&nbsp;AdcIf_Init
</UL>

<P><STRONG><a name="[2e2]"></a>ADC_EnableInternalInputBuffer</STRONG> (Thumb, 20 bytes, Stack size 0 bytes, n32g05x_adc.o(.text), UNUSED)

<P><STRONG><a name="[16e]"></a>ADC_EnableTempSensor</STRONG> (Thumb, 22 bytes, Stack size 0 bytes, n32g05x_adc.o(.text))
<BR><BR>[Called By]<UL><LI><a href="#[166]">&gt;&gt;</a>&nbsp;&nbsp;&nbsp;AdcIf_Init
</UL>

<P><STRONG><a name="[2e3]"></a>ADC_EnableVREFPAsReferenceVoltag</STRONG> (Thumb, 20 bytes, Stack size 0 bytes, n32g05x_adc.o(.text), UNUSED)

<P><STRONG><a name="[91]"></a>ADC_ClockModeConfig</STRONG> (Thumb, 58 bytes, Stack size 8 bytes, n32g05x_adc.o(.text))
<BR><BR>[Stack]<UL><LI>Max Depth = 16<LI>Call Chain = ADC_ClockModeConfig &rArr; RCC_ConfigAdcPllClk
</UL>
<BR>[Calls]<UL><LI><a href="#[93]">&gt;&gt;</a>&nbsp;&nbsp;&nbsp;RCC_ConfigAdcHclk
<LI><a href="#[94]">&gt;&gt;</a>&nbsp;&nbsp;&nbsp;RCC_ConfigAdcPllClk
<LI><a href="#[92]">&gt;&gt;</a>&nbsp;&nbsp;&nbsp;RCC_ConfigADCClksrc
</UL>
<BR>[Called By]<UL><LI><a href="#[166]">&gt;&gt;</a>&nbsp;&nbsp;&nbsp;AdcIf_Init
</UL>

<P><STRONG><a name="[18e]"></a>NVIC_Init</STRONG> (Thumb, 102 bytes, Stack size 8 bytes, misc.o(.text))
<BR><BR>[Stack]<UL><LI>Max Depth = 8<LI>Call Chain = NVIC_Init
</UL>
<BR>[Called By]<UL><LI><a href="#[169]">&gt;&gt;</a>&nbsp;&nbsp;&nbsp;NVIC_Configuration
</UL>

<P><STRONG><a name="[2e4]"></a>SysTick_CLKSourceConfig</STRONG> (Thumb, 20 bytes, Stack size 0 bytes, misc.o(.text), UNUSED)

<P><STRONG><a name="[181]"></a>DMA_DeInit</STRONG> (Thumb, 88 bytes, Stack size 0 bytes, n32g05x_dma.o(.text))
<BR><BR>[Called By]<UL><LI><a href="#[16a]">&gt;&gt;</a>&nbsp;&nbsp;&nbsp;DMA_Config
</UL>

<P><STRONG><a name="[183]"></a>DMA_Init</STRONG> (Thumb, 56 bytes, Stack size 12 bytes, n32g05x_dma.o(.text))
<BR><BR>[Stack]<UL><LI>Max Depth = 12<LI>Call Chain = DMA_Init
</UL>
<BR>[Called By]<UL><LI><a href="#[16a]">&gt;&gt;</a>&nbsp;&nbsp;&nbsp;DMA_Config
</UL>

<P><STRONG><a name="[182]"></a>DMA_StructInit</STRONG> (Thumb, 26 bytes, Stack size 0 bytes, n32g05x_dma.o(.text))
<BR><BR>[Called By]<UL><LI><a href="#[16a]">&gt;&gt;</a>&nbsp;&nbsp;&nbsp;DMA_Config
</UL>

<P><STRONG><a name="[186]"></a>DMA_EnableChannel</STRONG> (Thumb, 20 bytes, Stack size 0 bytes, n32g05x_dma.o(.text))
<BR><BR>[Called By]<UL><LI><a href="#[16a]">&gt;&gt;</a>&nbsp;&nbsp;&nbsp;DMA_Config
</UL>

<P><STRONG><a name="[185]"></a>DMA_ConfigInt</STRONG> (Thumb, 16 bytes, Stack size 0 bytes, n32g05x_dma.o(.text))
<BR><BR>[Called By]<UL><LI><a href="#[16a]">&gt;&gt;</a>&nbsp;&nbsp;&nbsp;DMA_Config
</UL>

<P><STRONG><a name="[2e5]"></a>DMA_SetCurrDataCounter</STRONG> (Thumb, 4 bytes, Stack size 0 bytes, n32g05x_dma.o(.text), UNUSED)

<P><STRONG><a name="[2e6]"></a>DMA_GetCurrDataCounter</STRONG> (Thumb, 6 bytes, Stack size 0 bytes, n32g05x_dma.o(.text), UNUSED)

<P><STRONG><a name="[2e7]"></a>DMA_GetFlagStatus</STRONG> (Thumb, 14 bytes, Stack size 0 bytes, n32g05x_dma.o(.text), UNUSED)

<P><STRONG><a name="[2e8]"></a>DMA_ClearFlag</STRONG> (Thumb, 4 bytes, Stack size 0 bytes, n32g05x_dma.o(.text), UNUSED)

<P><STRONG><a name="[175]"></a>DMA_GetIntStatus</STRONG> (Thumb, 14 bytes, Stack size 0 bytes, n32g05x_dma.o(.text))
<BR><BR>[Called By]<UL><LI><a href="#[10]">&gt;&gt;</a>&nbsp;&nbsp;&nbsp;DMA_CH1_2_IRQHandler
</UL>

<P><STRONG><a name="[176]"></a>DMA_ClrIntPendingBit</STRONG> (Thumb, 4 bytes, Stack size 0 bytes, n32g05x_dma.o(.text))
<BR><BR>[Called By]<UL><LI><a href="#[10]">&gt;&gt;</a>&nbsp;&nbsp;&nbsp;DMA_CH1_2_IRQHandler
</UL>

<P><STRONG><a name="[184]"></a>DMA_RequestRemap</STRONG> (Thumb, 12 bytes, Stack size 0 bytes, n32g05x_dma.o(.text))
<BR><BR>[Called By]<UL><LI><a href="#[16a]">&gt;&gt;</a>&nbsp;&nbsp;&nbsp;DMA_Config
</UL>

<P><STRONG><a name="[95]"></a>TIM_DeInit</STRONG> (Thumb, 76 bytes, Stack size 8 bytes, n32g05x_tim.o(.text), UNUSED)
<BR><BR>[Calls]<UL><LI><a href="#[96]">&gt;&gt;</a>&nbsp;&nbsp;&nbsp;RCC_EnableAPB1PeriphReset
<LI><a href="#[83]">&gt;&gt;</a>&nbsp;&nbsp;&nbsp;RCC_EnableAPB2PeriphReset
</UL>

<P><STRONG><a name="[1a9]"></a>TIM_InitTimeBase</STRONG> (Thumb, 304 bytes, Stack size 20 bytes, n32g05x_tim.o(.text))
<BR><BR>[Stack]<UL><LI>Max Depth = 20<LI>Call Chain = TIM_InitTimeBase
</UL>
<BR>[Called By]<UL><LI><a href="#[1b2]">&gt;&gt;</a>&nbsp;&nbsp;&nbsp;TmrIf_Init
<LI><a href="#[19c]">&gt;&gt;</a>&nbsp;&nbsp;&nbsp;PwmIf_InitCP
<LI><a href="#[19d]">&gt;&gt;</a>&nbsp;&nbsp;&nbsp;PwmIf_InitRly
<LI><a href="#[19e]">&gt;&gt;</a>&nbsp;&nbsp;&nbsp;PwmIf_InitLED1_G
<LI><a href="#[19f]">&gt;&gt;</a>&nbsp;&nbsp;&nbsp;PwmIf_InitLED23_BR
</UL>

<P><STRONG><a name="[1ab]"></a>TIM_InitOc1</STRONG> (Thumb, 88 bytes, Stack size 16 bytes, n32g05x_tim.o(.text))
<BR><BR>[Stack]<UL><LI>Max Depth = 16<LI>Call Chain = TIM_InitOc1
</UL>
<BR>[Called By]<UL><LI><a href="#[1b2]">&gt;&gt;</a>&nbsp;&nbsp;&nbsp;TmrIf_Init
<LI><a href="#[19e]">&gt;&gt;</a>&nbsp;&nbsp;&nbsp;PwmIf_InitLED1_G
<LI><a href="#[19f]">&gt;&gt;</a>&nbsp;&nbsp;&nbsp;PwmIf_InitLED23_BR
</UL>

<P><STRONG><a name="[1ad]"></a>TIM_InitOc2</STRONG> (Thumb, 98 bytes, Stack size 16 bytes, n32g05x_tim.o(.text))
<BR><BR>[Stack]<UL><LI>Max Depth = 16<LI>Call Chain = TIM_InitOc2
</UL>
<BR>[Called By]<UL><LI><a href="#[19d]">&gt;&gt;</a>&nbsp;&nbsp;&nbsp;PwmIf_InitRly
<LI><a href="#[19f]">&gt;&gt;</a>&nbsp;&nbsp;&nbsp;PwmIf_InitLED23_BR
</UL>

<P><STRONG><a name="[1b0]"></a>TIM_InitOc3</STRONG> (Thumb, 102 bytes, Stack size 16 bytes, n32g05x_tim.o(.text))
<BR><BR>[Stack]<UL><LI>Max Depth = 16<LI>Call Chain = TIM_InitOc3
</UL>
<BR>[Called By]<UL><LI><a href="#[19c]">&gt;&gt;</a>&nbsp;&nbsp;&nbsp;PwmIf_InitCP
</UL>

<P><STRONG><a name="[2e9]"></a>TIM_InitOc4</STRONG> (Thumb, 102 bytes, Stack size 16 bytes, n32g05x_tim.o(.text), UNUSED)

<P><STRONG><a name="[2ea]"></a>TIM_InitOc5</STRONG> (Thumb, 68 bytes, Stack size 12 bytes, n32g05x_tim.o(.text), UNUSED)

<P><STRONG><a name="[2eb]"></a>TIM_InitOc6</STRONG> (Thumb, 72 bytes, Stack size 12 bytes, n32g05x_tim.o(.text), UNUSED)

<P><STRONG><a name="[99]"></a>TIM_SetInCap4Prescaler</STRONG> (Thumb, 20 bytes, Stack size 0 bytes, n32g05x_tim.o(.text), UNUSED)
<BR><BR>[Called By]<UL><LI><a href="#[97]">&gt;&gt;</a>&nbsp;&nbsp;&nbsp;TIM_ICInit
</UL>

<P><STRONG><a name="[98]"></a>ConfigTI4</STRONG> (Thumb, 114 bytes, Stack size 20 bytes, n32g05x_tim.o(.text), UNUSED)
<BR><BR>[Called By]<UL><LI><a href="#[97]">&gt;&gt;</a>&nbsp;&nbsp;&nbsp;TIM_ICInit
</UL>

<P><STRONG><a name="[9f]"></a>TIM_SetInCap3Prescaler</STRONG> (Thumb, 16 bytes, Stack size 0 bytes, n32g05x_tim.o(.text), UNUSED)
<BR><BR>[Called By]<UL><LI><a href="#[97]">&gt;&gt;</a>&nbsp;&nbsp;&nbsp;TIM_ICInit
</UL>

<P><STRONG><a name="[9e]"></a>ConfigTI3</STRONG> (Thumb, 76 bytes, Stack size 20 bytes, n32g05x_tim.o(.text), UNUSED)
<BR><BR>[Called By]<UL><LI><a href="#[97]">&gt;&gt;</a>&nbsp;&nbsp;&nbsp;TIM_ICInit
</UL>

<P><STRONG><a name="[9d]"></a>TIM_SetInCap2Prescaler</STRONG> (Thumb, 20 bytes, Stack size 0 bytes, n32g05x_tim.o(.text), UNUSED)
<BR><BR>[Called By]<UL><LI><a href="#[a0]">&gt;&gt;</a>&nbsp;&nbsp;&nbsp;TIM_ConfigPwmIc
<LI><a href="#[97]">&gt;&gt;</a>&nbsp;&nbsp;&nbsp;TIM_ICInit
</UL>

<P><STRONG><a name="[9c]"></a>ConfigTI2</STRONG> (Thumb, 72 bytes, Stack size 20 bytes, n32g05x_tim.o(.text), UNUSED)
<BR><BR>[Called By]<UL><LI><a href="#[a1]">&gt;&gt;</a>&nbsp;&nbsp;&nbsp;TIM_ConfigExtTrigAsClk
<LI><a href="#[a0]">&gt;&gt;</a>&nbsp;&nbsp;&nbsp;TIM_ConfigPwmIc
<LI><a href="#[97]">&gt;&gt;</a>&nbsp;&nbsp;&nbsp;TIM_ICInit
</UL>

<P><STRONG><a name="[9b]"></a>TIM_SetInCap1Prescaler</STRONG> (Thumb, 16 bytes, Stack size 0 bytes, n32g05x_tim.o(.text), UNUSED)
<BR><BR>[Called By]<UL><LI><a href="#[a0]">&gt;&gt;</a>&nbsp;&nbsp;&nbsp;TIM_ConfigPwmIc
<LI><a href="#[97]">&gt;&gt;</a>&nbsp;&nbsp;&nbsp;TIM_ICInit
</UL>

<P><STRONG><a name="[9a]"></a>ConfigTI1</STRONG> (Thumb, 70 bytes, Stack size 20 bytes, n32g05x_tim.o(.text), UNUSED)
<BR><BR>[Called By]<UL><LI><a href="#[a1]">&gt;&gt;</a>&nbsp;&nbsp;&nbsp;TIM_ConfigExtTrigAsClk
<LI><a href="#[a0]">&gt;&gt;</a>&nbsp;&nbsp;&nbsp;TIM_ConfigPwmIc
<LI><a href="#[97]">&gt;&gt;</a>&nbsp;&nbsp;&nbsp;TIM_ICInit
</UL>

<P><STRONG><a name="[97]"></a>TIM_ICInit</STRONG> (Thumb, 86 bytes, Stack size 12 bytes, n32g05x_tim.o(.text), UNUSED)
<BR><BR>[Calls]<UL><LI><a href="#[9a]">&gt;&gt;</a>&nbsp;&nbsp;&nbsp;ConfigTI1
<LI><a href="#[9b]">&gt;&gt;</a>&nbsp;&nbsp;&nbsp;TIM_SetInCap1Prescaler
<LI><a href="#[9c]">&gt;&gt;</a>&nbsp;&nbsp;&nbsp;ConfigTI2
<LI><a href="#[9d]">&gt;&gt;</a>&nbsp;&nbsp;&nbsp;TIM_SetInCap2Prescaler
<LI><a href="#[9e]">&gt;&gt;</a>&nbsp;&nbsp;&nbsp;ConfigTI3
<LI><a href="#[9f]">&gt;&gt;</a>&nbsp;&nbsp;&nbsp;TIM_SetInCap3Prescaler
<LI><a href="#[98]">&gt;&gt;</a>&nbsp;&nbsp;&nbsp;ConfigTI4
<LI><a href="#[99]">&gt;&gt;</a>&nbsp;&nbsp;&nbsp;TIM_SetInCap4Prescaler
</UL>

<P><STRONG><a name="[a0]"></a>TIM_ConfigPwmIc</STRONG> (Thumb, 108 bytes, Stack size 20 bytes, n32g05x_tim.o(.text), UNUSED)
<BR><BR>[Calls]<UL><LI><a href="#[9a]">&gt;&gt;</a>&nbsp;&nbsp;&nbsp;ConfigTI1
<LI><a href="#[9b]">&gt;&gt;</a>&nbsp;&nbsp;&nbsp;TIM_SetInCap1Prescaler
<LI><a href="#[9c]">&gt;&gt;</a>&nbsp;&nbsp;&nbsp;ConfigTI2
<LI><a href="#[9d]">&gt;&gt;</a>&nbsp;&nbsp;&nbsp;TIM_SetInCap2Prescaler
</UL>

<P><STRONG><a name="[2ec]"></a>TIM_ConfigBkdt</STRONG> (Thumb, 56 bytes, Stack size 8 bytes, n32g05x_tim.o(.text), UNUSED)

<P><STRONG><a name="[1a8]"></a>TIM_InitTimBaseStruct</STRONG> (Thumb, 28 bytes, Stack size 0 bytes, n32g05x_tim.o(.text))
<BR><BR>[Called By]<UL><LI><a href="#[1b2]">&gt;&gt;</a>&nbsp;&nbsp;&nbsp;TmrIf_Init
<LI><a href="#[19c]">&gt;&gt;</a>&nbsp;&nbsp;&nbsp;PwmIf_InitCP
<LI><a href="#[19d]">&gt;&gt;</a>&nbsp;&nbsp;&nbsp;PwmIf_InitRly
<LI><a href="#[19e]">&gt;&gt;</a>&nbsp;&nbsp;&nbsp;PwmIf_InitLED1_G
<LI><a href="#[19f]">&gt;&gt;</a>&nbsp;&nbsp;&nbsp;PwmIf_InitLED23_BR
</UL>

<P><STRONG><a name="[1aa]"></a>TIM_InitOcStruct</STRONG> (Thumb, 20 bytes, Stack size 0 bytes, n32g05x_tim.o(.text))
<BR><BR>[Called By]<UL><LI><a href="#[1b2]">&gt;&gt;</a>&nbsp;&nbsp;&nbsp;TmrIf_Init
<LI><a href="#[19c]">&gt;&gt;</a>&nbsp;&nbsp;&nbsp;PwmIf_InitCP
<LI><a href="#[19d]">&gt;&gt;</a>&nbsp;&nbsp;&nbsp;PwmIf_InitRly
<LI><a href="#[19e]">&gt;&gt;</a>&nbsp;&nbsp;&nbsp;PwmIf_InitLED1_G
<LI><a href="#[19f]">&gt;&gt;</a>&nbsp;&nbsp;&nbsp;PwmIf_InitLED23_BR
</UL>

<P><STRONG><a name="[2ed]"></a>TIM_InitIcStruct</STRONG> (Thumb, 16 bytes, Stack size 0 bytes, n32g05x_tim.o(.text), UNUSED)

<P><STRONG><a name="[2ee]"></a>TIM_InitBkdtStruct</STRONG> (Thumb, 26 bytes, Stack size 0 bytes, n32g05x_tim.o(.text), UNUSED)

<P><STRONG><a name="[1a1]"></a>TIM_Enable</STRONG> (Thumb, 20 bytes, Stack size 0 bytes, n32g05x_tim.o(.text))
<BR><BR>[Called By]<UL><LI><a href="#[1b4]">&gt;&gt;</a>&nbsp;&nbsp;&nbsp;TmrIf_StartTimer
<LI><a href="#[1a0]">&gt;&gt;</a>&nbsp;&nbsp;&nbsp;PwmIf_DeInit
<LI><a href="#[1a3]">&gt;&gt;</a>&nbsp;&nbsp;&nbsp;DisablePwmLED
<LI><a href="#[19c]">&gt;&gt;</a>&nbsp;&nbsp;&nbsp;PwmIf_InitCP
<LI><a href="#[19d]">&gt;&gt;</a>&nbsp;&nbsp;&nbsp;PwmIf_InitRly
<LI><a href="#[19e]">&gt;&gt;</a>&nbsp;&nbsp;&nbsp;PwmIf_InitLED1_G
<LI><a href="#[19f]">&gt;&gt;</a>&nbsp;&nbsp;&nbsp;PwmIf_InitLED23_BR
</UL>

<P><STRONG><a name="[1a2]"></a>TIM_EnableCtrlPwmOutputs</STRONG> (Thumb, 20 bytes, Stack size 0 bytes, n32g05x_tim.o(.text))
<BR><BR>[Called By]<UL><LI><a href="#[1a0]">&gt;&gt;</a>&nbsp;&nbsp;&nbsp;PwmIf_DeInit
<LI><a href="#[1a3]">&gt;&gt;</a>&nbsp;&nbsp;&nbsp;DisablePwmLED
<LI><a href="#[19c]">&gt;&gt;</a>&nbsp;&nbsp;&nbsp;PwmIf_InitCP
<LI><a href="#[19d]">&gt;&gt;</a>&nbsp;&nbsp;&nbsp;PwmIf_InitRly
<LI><a href="#[19e]">&gt;&gt;</a>&nbsp;&nbsp;&nbsp;PwmIf_InitLED1_G
<LI><a href="#[19f]">&gt;&gt;</a>&nbsp;&nbsp;&nbsp;PwmIf_InitLED23_BR
</UL>

<P><STRONG><a name="[1b5]"></a>TIM_ConfigInt</STRONG> (Thumb, 16 bytes, Stack size 0 bytes, n32g05x_tim.o(.text), UNUSED)
<BR><BR>[Called By]<UL><LI><a href="#[1b4]">&gt;&gt;</a>&nbsp;&nbsp;&nbsp;TmrIf_StartTimer
</UL>

<P><STRONG><a name="[2ef]"></a>TIM_GenerateEvent</STRONG> (Thumb, 4 bytes, Stack size 0 bytes, n32g05x_tim.o(.text), UNUSED)

<P><STRONG><a name="[2f0]"></a>TIM_ConfigDma</STRONG> (Thumb, 8 bytes, Stack size 0 bytes, n32g05x_tim.o(.text), UNUSED)

<P><STRONG><a name="[2f1]"></a>TIM_EnableDma</STRONG> (Thumb, 16 bytes, Stack size 0 bytes, n32g05x_tim.o(.text), UNUSED)

<P><STRONG><a name="[2f2]"></a>TIM_ConfigInternalClk</STRONG> (Thumb, 10 bytes, Stack size 0 bytes, n32g05x_tim.o(.text), UNUSED)

<P><STRONG><a name="[2f3]"></a>TIM_SelectInputTrig</STRONG> (Thumb, 12 bytes, Stack size 0 bytes, n32g05x_tim.o(.text), UNUSED)

<P><STRONG><a name="[2f4]"></a>TIM_ConfigInternalTrigToExt</STRONG> (Thumb, 20 bytes, Stack size 0 bytes, n32g05x_tim.o(.text), UNUSED)

<P><STRONG><a name="[a1]"></a>TIM_ConfigExtTrigAsClk</STRONG> (Thumb, 50 bytes, Stack size 16 bytes, n32g05x_tim.o(.text), UNUSED)
<BR><BR>[Calls]<UL><LI><a href="#[9a]">&gt;&gt;</a>&nbsp;&nbsp;&nbsp;ConfigTI1
<LI><a href="#[9c]">&gt;&gt;</a>&nbsp;&nbsp;&nbsp;ConfigTI2
</UL>

<P><STRONG><a name="[a3]"></a>TIM_ConfigExtTrig</STRONG> (Thumb, 22 bytes, Stack size 12 bytes, n32g05x_tim.o(.text), UNUSED)
<BR><BR>[Called By]<UL><LI><a href="#[a4]">&gt;&gt;</a>&nbsp;&nbsp;&nbsp;TIM_ConfigExtClkMode2
<LI><a href="#[a2]">&gt;&gt;</a>&nbsp;&nbsp;&nbsp;TIM_ConfigExtClkMode1
</UL>

<P><STRONG><a name="[a2]"></a>TIM_ConfigExtClkMode1</STRONG> (Thumb, 28 bytes, Stack size 8 bytes, n32g05x_tim.o(.text), UNUSED)
<BR><BR>[Calls]<UL><LI><a href="#[a3]">&gt;&gt;</a>&nbsp;&nbsp;&nbsp;TIM_ConfigExtTrig
</UL>

<P><STRONG><a name="[a4]"></a>TIM_ConfigExtClkMode2</STRONG> (Thumb, 20 bytes, Stack size 8 bytes, n32g05x_tim.o(.text), UNUSED)
<BR><BR>[Calls]<UL><LI><a href="#[a3]">&gt;&gt;</a>&nbsp;&nbsp;&nbsp;TIM_ConfigExtTrig
</UL>

<P><STRONG><a name="[1b3]"></a>TIM_ConfigPrescaler</STRONG> (Thumb, 6 bytes, Stack size 0 bytes, n32g05x_tim.o(.text), UNUSED)
<BR><BR>[Called By]<UL><LI><a href="#[1b2]">&gt;&gt;</a>&nbsp;&nbsp;&nbsp;TmrIf_Init
</UL>

<P><STRONG><a name="[2f5]"></a>TIM_ConfigCntMode</STRONG> (Thumb, 12 bytes, Stack size 0 bytes, n32g05x_tim.o(.text), UNUSED)

<P><STRONG><a name="[2f6]"></a>TIM_ConfigEncoderInterface</STRONG> (Thumb, 42 bytes, Stack size 20 bytes, n32g05x_tim.o(.text), UNUSED)

<P><STRONG><a name="[2f7]"></a>TIM_ConfigForcedOc1</STRONG> (Thumb, 12 bytes, Stack size 0 bytes, n32g05x_tim.o(.text), UNUSED)

<P><STRONG><a name="[2f8]"></a>TIM_ConfigForcedOc2</STRONG> (Thumb, 16 bytes, Stack size 0 bytes, n32g05x_tim.o(.text), UNUSED)

<P><STRONG><a name="[2f9]"></a>TIM_ConfigForcedOc3</STRONG> (Thumb, 12 bytes, Stack size 0 bytes, n32g05x_tim.o(.text), UNUSED)

<P><STRONG><a name="[2fa]"></a>TIM_ConfigForcedOc4</STRONG> (Thumb, 16 bytes, Stack size 0 bytes, n32g05x_tim.o(.text), UNUSED)

<P><STRONG><a name="[2fb]"></a>TIM_ConfigForcedOc5</STRONG> (Thumb, 12 bytes, Stack size 0 bytes, n32g05x_tim.o(.text), UNUSED)

<P><STRONG><a name="[2fc]"></a>TIM_ConfigForcedOc6</STRONG> (Thumb, 16 bytes, Stack size 0 bytes, n32g05x_tim.o(.text), UNUSED)

<P><STRONG><a name="[1af]"></a>TIM_ConfigArPreload</STRONG> (Thumb, 52 bytes, Stack size 0 bytes, n32g05x_tim.o(.text))
<BR><BR>[Called By]<UL><LI><a href="#[19c]">&gt;&gt;</a>&nbsp;&nbsp;&nbsp;PwmIf_InitCP
<LI><a href="#[19d]">&gt;&gt;</a>&nbsp;&nbsp;&nbsp;PwmIf_InitRly
<LI><a href="#[19e]">&gt;&gt;</a>&nbsp;&nbsp;&nbsp;PwmIf_InitLED1_G
<LI><a href="#[19f]">&gt;&gt;</a>&nbsp;&nbsp;&nbsp;PwmIf_InitLED23_BR
</UL>

<P><STRONG><a name="[2fd]"></a>TIM_SelectComEvt</STRONG> (Thumb, 20 bytes, Stack size 0 bytes, n32g05x_tim.o(.text), UNUSED)

<P><STRONG><a name="[2fe]"></a>TIM_SelectCapCmpDmaSrc</STRONG> (Thumb, 20 bytes, Stack size 0 bytes, n32g05x_tim.o(.text), UNUSED)

<P><STRONG><a name="[2ff]"></a>TIM_EnableCapCmpPreloadControl</STRONG> (Thumb, 20 bytes, Stack size 0 bytes, n32g05x_tim.o(.text), UNUSED)

<P><STRONG><a name="[1ac]"></a>TIM_ConfigOc1Preload</STRONG> (Thumb, 12 bytes, Stack size 0 bytes, n32g05x_tim.o(.text))
<BR><BR>[Called By]<UL><LI><a href="#[19e]">&gt;&gt;</a>&nbsp;&nbsp;&nbsp;PwmIf_InitLED1_G
<LI><a href="#[19f]">&gt;&gt;</a>&nbsp;&nbsp;&nbsp;PwmIf_InitLED23_BR
</UL>

<P><STRONG><a name="[1ae]"></a>TIM_ConfigOc2Preload</STRONG> (Thumb, 16 bytes, Stack size 0 bytes, n32g05x_tim.o(.text))
<BR><BR>[Called By]<UL><LI><a href="#[19d]">&gt;&gt;</a>&nbsp;&nbsp;&nbsp;PwmIf_InitRly
<LI><a href="#[19f]">&gt;&gt;</a>&nbsp;&nbsp;&nbsp;PwmIf_InitLED23_BR
</UL>

<P><STRONG><a name="[1b1]"></a>TIM_ConfigOc3Preload</STRONG> (Thumb, 12 bytes, Stack size 0 bytes, n32g05x_tim.o(.text))
<BR><BR>[Called By]<UL><LI><a href="#[19c]">&gt;&gt;</a>&nbsp;&nbsp;&nbsp;PwmIf_InitCP
</UL>

<P><STRONG><a name="[300]"></a>TIM_ConfigOc4Preload</STRONG> (Thumb, 16 bytes, Stack size 0 bytes, n32g05x_tim.o(.text), UNUSED)

<P><STRONG><a name="[301]"></a>TIM_ConfigOc5Preload</STRONG> (Thumb, 12 bytes, Stack size 0 bytes, n32g05x_tim.o(.text), UNUSED)

<P><STRONG><a name="[302]"></a>TIM_ConfigOc6Preload</STRONG> (Thumb, 16 bytes, Stack size 0 bytes, n32g05x_tim.o(.text), UNUSED)

<P><STRONG><a name="[303]"></a>TIM_ConfigOc7Preload</STRONG> (Thumb, 16 bytes, Stack size 0 bytes, n32g05x_tim.o(.text), UNUSED)

<P><STRONG><a name="[304]"></a>TIM_ConfigOc8Preload</STRONG> (Thumb, 16 bytes, Stack size 0 bytes, n32g05x_tim.o(.text), UNUSED)

<P><STRONG><a name="[305]"></a>TIM_ConfigOc9Preload</STRONG> (Thumb, 16 bytes, Stack size 0 bytes, n32g05x_tim.o(.text), UNUSED)

<P><STRONG><a name="[306]"></a>TIM_ConfigOc1Fast</STRONG> (Thumb, 12 bytes, Stack size 0 bytes, n32g05x_tim.o(.text), UNUSED)

<P><STRONG><a name="[307]"></a>TIM_ConfigOc2Fast</STRONG> (Thumb, 16 bytes, Stack size 0 bytes, n32g05x_tim.o(.text), UNUSED)

<P><STRONG><a name="[308]"></a>TIM_ConfigOc3Fast</STRONG> (Thumb, 12 bytes, Stack size 0 bytes, n32g05x_tim.o(.text), UNUSED)

<P><STRONG><a name="[309]"></a>TIM_ConfigOc4Fast</STRONG> (Thumb, 16 bytes, Stack size 0 bytes, n32g05x_tim.o(.text), UNUSED)

<P><STRONG><a name="[30a]"></a>TIM_ConfigOc5Fast</STRONG> (Thumb, 12 bytes, Stack size 0 bytes, n32g05x_tim.o(.text), UNUSED)

<P><STRONG><a name="[30b]"></a>TIM_ConfigOc6Fast</STRONG> (Thumb, 16 bytes, Stack size 0 bytes, n32g05x_tim.o(.text), UNUSED)

<P><STRONG><a name="[30c]"></a>TIM_ClrOc1Ref</STRONG> (Thumb, 12 bytes, Stack size 0 bytes, n32g05x_tim.o(.text), UNUSED)

<P><STRONG><a name="[30d]"></a>TIM_ClrOc2Ref</STRONG> (Thumb, 16 bytes, Stack size 0 bytes, n32g05x_tim.o(.text), UNUSED)

<P><STRONG><a name="[30e]"></a>TIM_ClrOc3Ref</STRONG> (Thumb, 12 bytes, Stack size 0 bytes, n32g05x_tim.o(.text), UNUSED)

<P><STRONG><a name="[30f]"></a>TIM_ClrOc4Ref</STRONG> (Thumb, 16 bytes, Stack size 0 bytes, n32g05x_tim.o(.text), UNUSED)

<P><STRONG><a name="[310]"></a>TIM_ClrOc5Ref</STRONG> (Thumb, 12 bytes, Stack size 0 bytes, n32g05x_tim.o(.text), UNUSED)

<P><STRONG><a name="[311]"></a>TIM_ClrOc6Ref</STRONG> (Thumb, 16 bytes, Stack size 0 bytes, n32g05x_tim.o(.text), UNUSED)

<P><STRONG><a name="[312]"></a>TIM_ConfigOc1Polarity</STRONG> (Thumb, 12 bytes, Stack size 0 bytes, n32g05x_tim.o(.text), UNUSED)

<P><STRONG><a name="[313]"></a>TIM_ConfigOc1NPolarity</STRONG> (Thumb, 12 bytes, Stack size 0 bytes, n32g05x_tim.o(.text), UNUSED)

<P><STRONG><a name="[314]"></a>TIM_ConfigOc2Polarity</STRONG> (Thumb, 14 bytes, Stack size 0 bytes, n32g05x_tim.o(.text), UNUSED)

<P><STRONG><a name="[315]"></a>TIM_ConfigOc2NPolarity</STRONG> (Thumb, 14 bytes, Stack size 0 bytes, n32g05x_tim.o(.text), UNUSED)

<P><STRONG><a name="[316]"></a>TIM_ConfigOc3Polarity</STRONG> (Thumb, 16 bytes, Stack size 0 bytes, n32g05x_tim.o(.text), UNUSED)

<P><STRONG><a name="[317]"></a>TIM_ConfigOc3NPolarity</STRONG> (Thumb, 16 bytes, Stack size 0 bytes, n32g05x_tim.o(.text), UNUSED)

<P><STRONG><a name="[318]"></a>TIM_ConfigOc4Polarity</STRONG> (Thumb, 16 bytes, Stack size 0 bytes, n32g05x_tim.o(.text), UNUSED)

<P><STRONG><a name="[319]"></a>TIM_ConfigOc4NPolarity</STRONG> (Thumb, 16 bytes, Stack size 0 bytes, n32g05x_tim.o(.text), UNUSED)

<P><STRONG><a name="[31a]"></a>TIM_ConfigOc5Polarity</STRONG> (Thumb, 16 bytes, Stack size 0 bytes, n32g05x_tim.o(.text), UNUSED)

<P><STRONG><a name="[31b]"></a>TIM_ConfigOc6Polarity</STRONG> (Thumb, 16 bytes, Stack size 0 bytes, n32g05x_tim.o(.text), UNUSED)

<P><STRONG><a name="[31c]"></a>TIM_EnableCapCmpCh</STRONG> (Thumb, 22 bytes, Stack size 8 bytes, n32g05x_tim.o(.text), UNUSED)

<P><STRONG><a name="[31d]"></a>TIM_EnableCapCmpChN</STRONG> (Thumb, 22 bytes, Stack size 8 bytes, n32g05x_tim.o(.text), UNUSED)

<P><STRONG><a name="[31e]"></a>TIM_SelectOcMode</STRONG> (Thumb, 70 bytes, Stack size 12 bytes, n32g05x_tim.o(.text), UNUSED)

<P><STRONG><a name="[31f]"></a>TIM_EnableUpdateEvt</STRONG> (Thumb, 18 bytes, Stack size 0 bytes, n32g05x_tim.o(.text), UNUSED)

<P><STRONG><a name="[320]"></a>TIM_ConfigUpdateEvt</STRONG> (Thumb, 18 bytes, Stack size 0 bytes, n32g05x_tim.o(.text), UNUSED)

<P><STRONG><a name="[321]"></a>TIM_ConfigUpdateRequestIntSrc</STRONG> (Thumb, 18 bytes, Stack size 0 bytes, n32g05x_tim.o(.text), UNUSED)

<P><STRONG><a name="[322]"></a>TIM_SelectHallSensor</STRONG> (Thumb, 20 bytes, Stack size 0 bytes, n32g05x_tim.o(.text), UNUSED)

<P><STRONG><a name="[323]"></a>TIM_SelectOnePulseMode</STRONG> (Thumb, 18 bytes, Stack size 0 bytes, n32g05x_tim.o(.text), UNUSED)

<P><STRONG><a name="[324]"></a>TIM_SelectOutputTrig</STRONG> (Thumb, 18 bytes, Stack size 0 bytes, n32g05x_tim.o(.text), UNUSED)

<P><STRONG><a name="[325]"></a>TIM_SelectSlaveMode</STRONG> (Thumb, 16 bytes, Stack size 0 bytes, n32g05x_tim.o(.text), UNUSED)

<P><STRONG><a name="[326]"></a>TIM_SelectMasterSlaveMode</STRONG> (Thumb, 18 bytes, Stack size 0 bytes, n32g05x_tim.o(.text), UNUSED)

<P><STRONG><a name="[327]"></a>TIM_SetCnt</STRONG> (Thumb, 6 bytes, Stack size 0 bytes, n32g05x_tim.o(.text), UNUSED)

<P><STRONG><a name="[328]"></a>TIM_SetAutoReload</STRONG> (Thumb, 6 bytes, Stack size 0 bytes, n32g05x_tim.o(.text), UNUSED)

<P><STRONG><a name="[1a5]"></a>TIM_SetCmp1</STRONG> (Thumb, 12 bytes, Stack size 0 bytes, n32g05x_tim.o(.text))
<BR><BR>[Called By]<UL><LI><a href="#[159]">&gt;&gt;</a>&nbsp;&nbsp;&nbsp;PwmIf_Set_Duty
</UL>

<P><STRONG><a name="[1a6]"></a>TIM_SetCmp2</STRONG> (Thumb, 12 bytes, Stack size 0 bytes, n32g05x_tim.o(.text))
<BR><BR>[Called By]<UL><LI><a href="#[159]">&gt;&gt;</a>&nbsp;&nbsp;&nbsp;PwmIf_Set_Duty
</UL>

<P><STRONG><a name="[1a7]"></a>TIM_SetCmp3</STRONG> (Thumb, 12 bytes, Stack size 0 bytes, n32g05x_tim.o(.text))
<BR><BR>[Called By]<UL><LI><a href="#[159]">&gt;&gt;</a>&nbsp;&nbsp;&nbsp;PwmIf_Set_Duty
</UL>

<P><STRONG><a name="[1a4]"></a>TIM_SetCmp4</STRONG> (Thumb, 12 bytes, Stack size 0 bytes, n32g05x_tim.o(.text))
<BR><BR>[Called By]<UL><LI><a href="#[159]">&gt;&gt;</a>&nbsp;&nbsp;&nbsp;PwmIf_Set_Duty
</UL>

<P><STRONG><a name="[329]"></a>TIM_SetCmp5</STRONG> (Thumb, 4 bytes, Stack size 0 bytes, n32g05x_tim.o(.text), UNUSED)

<P><STRONG><a name="[32a]"></a>TIM_SetCmp6</STRONG> (Thumb, 4 bytes, Stack size 0 bytes, n32g05x_tim.o(.text), UNUSED)

<P><STRONG><a name="[32b]"></a>TIM_SetCmp7</STRONG> (Thumb, 4 bytes, Stack size 0 bytes, n32g05x_tim.o(.text), UNUSED)

<P><STRONG><a name="[32c]"></a>TIM_SetCmp8</STRONG> (Thumb, 4 bytes, Stack size 0 bytes, n32g05x_tim.o(.text), UNUSED)

<P><STRONG><a name="[32d]"></a>TIM_SetCmp9</STRONG> (Thumb, 4 bytes, Stack size 0 bytes, n32g05x_tim.o(.text), UNUSED)

<P><STRONG><a name="[32e]"></a>TIM_SetCmp1D</STRONG> (Thumb, 12 bytes, Stack size 0 bytes, n32g05x_tim.o(.text), UNUSED)

<P><STRONG><a name="[32f]"></a>TIM_SetCmp2D</STRONG> (Thumb, 12 bytes, Stack size 0 bytes, n32g05x_tim.o(.text), UNUSED)

<P><STRONG><a name="[330]"></a>TIM_SetCmp3D</STRONG> (Thumb, 12 bytes, Stack size 0 bytes, n32g05x_tim.o(.text), UNUSED)

<P><STRONG><a name="[331]"></a>TIM_SetCmp4D</STRONG> (Thumb, 12 bytes, Stack size 0 bytes, n32g05x_tim.o(.text), UNUSED)

<P><STRONG><a name="[332]"></a>TIM_SetClkDiv</STRONG> (Thumb, 16 bytes, Stack size 0 bytes, n32g05x_tim.o(.text), UNUSED)

<P><STRONG><a name="[333]"></a>TIM_GetCap1</STRONG> (Thumb, 6 bytes, Stack size 0 bytes, n32g05x_tim.o(.text), UNUSED)

<P><STRONG><a name="[334]"></a>TIM_GetCap2</STRONG> (Thumb, 6 bytes, Stack size 0 bytes, n32g05x_tim.o(.text), UNUSED)

<P><STRONG><a name="[335]"></a>TIM_GetCap3</STRONG> (Thumb, 6 bytes, Stack size 0 bytes, n32g05x_tim.o(.text), UNUSED)

<P><STRONG><a name="[336]"></a>TIM_GetCap4</STRONG> (Thumb, 6 bytes, Stack size 0 bytes, n32g05x_tim.o(.text), UNUSED)

<P><STRONG><a name="[337]"></a>TIM_GetCap5</STRONG> (Thumb, 6 bytes, Stack size 0 bytes, n32g05x_tim.o(.text), UNUSED)

<P><STRONG><a name="[338]"></a>TIM_GetCap6</STRONG> (Thumb, 6 bytes, Stack size 0 bytes, n32g05x_tim.o(.text), UNUSED)

<P><STRONG><a name="[339]"></a>TIM_GetCap7</STRONG> (Thumb, 6 bytes, Stack size 0 bytes, n32g05x_tim.o(.text), UNUSED)

<P><STRONG><a name="[33a]"></a>TIM_GetCap8</STRONG> (Thumb, 6 bytes, Stack size 0 bytes, n32g05x_tim.o(.text), UNUSED)

<P><STRONG><a name="[33b]"></a>TIM_GetCap9</STRONG> (Thumb, 6 bytes, Stack size 0 bytes, n32g05x_tim.o(.text), UNUSED)

<P><STRONG><a name="[33c]"></a>TIM_GetCap1D</STRONG> (Thumb, 6 bytes, Stack size 0 bytes, n32g05x_tim.o(.text), UNUSED)

<P><STRONG><a name="[33d]"></a>TIM_GetCap2D</STRONG> (Thumb, 6 bytes, Stack size 0 bytes, n32g05x_tim.o(.text), UNUSED)

<P><STRONG><a name="[33e]"></a>TIM_GetCap3D</STRONG> (Thumb, 6 bytes, Stack size 0 bytes, n32g05x_tim.o(.text), UNUSED)

<P><STRONG><a name="[33f]"></a>TIM_GetCap4D</STRONG> (Thumb, 6 bytes, Stack size 0 bytes, n32g05x_tim.o(.text), UNUSED)

<P><STRONG><a name="[340]"></a>TIM_GetCnt</STRONG> (Thumb, 6 bytes, Stack size 0 bytes, n32g05x_tim.o(.text), UNUSED)

<P><STRONG><a name="[341]"></a>TIM_GetPrescaler</STRONG> (Thumb, 6 bytes, Stack size 0 bytes, n32g05x_tim.o(.text), UNUSED)

<P><STRONG><a name="[342]"></a>TIM_GetAutoReload</STRONG> (Thumb, 6 bytes, Stack size 0 bytes, n32g05x_tim.o(.text), UNUSED)

<P><STRONG><a name="[343]"></a>TIM_GetCCENStatus</STRONG> (Thumb, 44 bytes, Stack size 0 bytes, n32g05x_tim.o(.text), UNUSED)

<P><STRONG><a name="[1b6]"></a>TIM_GetFlagStatus</STRONG> (Thumb, 10 bytes, Stack size 0 bytes, n32g05x_tim.o(.text))
<BR><BR>[Called By]<UL><LI><a href="#[1a]">&gt;&gt;</a>&nbsp;&nbsp;&nbsp;TIM2_IRQHandler
</UL>

<P><STRONG><a name="[1b7]"></a>TIM_ClearFlag</STRONG> (Thumb, 6 bytes, Stack size 0 bytes, n32g05x_tim.o(.text))
<BR><BR>[Called By]<UL><LI><a href="#[1a]">&gt;&gt;</a>&nbsp;&nbsp;&nbsp;TIM2_IRQHandler
</UL>

<P><STRONG><a name="[344]"></a>TIM_GetIntStatus</STRONG> (Thumb, 112 bytes, Stack size 8 bytes, n32g05x_tim.o(.text), UNUSED)

<P><STRONG><a name="[345]"></a>TIM_ClrIntPendingBit</STRONG> (Thumb, 90 bytes, Stack size 0 bytes, n32g05x_tim.o(.text), UNUSED)

<P><STRONG><a name="[346]"></a>TIM_SelectCenterAlignTrig</STRONG> (Thumb, 14 bytes, Stack size 0 bytes, n32g05x_tim.o(.text), UNUSED)

<P><STRONG><a name="[347]"></a>TIM_AsymmetricEnable</STRONG> (Thumb, 20 bytes, Stack size 0 bytes, n32g05x_tim.o(.text), UNUSED)

<P><STRONG><a name="[348]"></a>TIM_OCxRefTriggerADC</STRONG> (Thumb, 16 bytes, Stack size 0 bytes, n32g05x_tim.o(.text), UNUSED)

<P><STRONG><a name="[349]"></a>TIM_IC1FiltConfig</STRONG> (Thumb, 42 bytes, Stack size 0 bytes, n32g05x_tim.o(.text), UNUSED)

<P><STRONG><a name="[34a]"></a>TIM_IC2FiltConfig</STRONG> (Thumb, 42 bytes, Stack size 0 bytes, n32g05x_tim.o(.text), UNUSED)

<P><STRONG><a name="[34b]"></a>TIM_IC3FiltConfig</STRONG> (Thumb, 42 bytes, Stack size 0 bytes, n32g05x_tim.o(.text), UNUSED)

<P><STRONG><a name="[34c]"></a>TIM_IC4FiltConfig</STRONG> (Thumb, 42 bytes, Stack size 0 bytes, n32g05x_tim.o(.text), UNUSED)

<P><STRONG><a name="[34d]"></a>TIM_BreakFiltConfig</STRONG> (Thumb, 24 bytes, Stack size 0 bytes, n32g05x_tim.o(.text), UNUSED)

<P><STRONG><a name="[34e]"></a>TIM_IC1FiltEnable</STRONG> (Thumb, 20 bytes, Stack size 0 bytes, n32g05x_tim.o(.text), UNUSED)

<P><STRONG><a name="[34f]"></a>TIM_IC2FiltEnable</STRONG> (Thumb, 20 bytes, Stack size 0 bytes, n32g05x_tim.o(.text), UNUSED)

<P><STRONG><a name="[350]"></a>TIM_IC3FiltEnable</STRONG> (Thumb, 20 bytes, Stack size 0 bytes, n32g05x_tim.o(.text), UNUSED)

<P><STRONG><a name="[351]"></a>TIM_IC4FiltEnable</STRONG> (Thumb, 20 bytes, Stack size 0 bytes, n32g05x_tim.o(.text), UNUSED)

<P><STRONG><a name="[352]"></a>TIM_BreakFiltEnable</STRONG> (Thumb, 20 bytes, Stack size 0 bytes, n32g05x_tim.o(.text), UNUSED)

<P><STRONG><a name="[353]"></a>TIM_GetFiltStatus</STRONG> (Thumb, 10 bytes, Stack size 0 bytes, n32g05x_tim.o(.text), UNUSED)

<P><STRONG><a name="[a5]"></a>UART_DeInit</STRONG> (Thumb, 66 bytes, Stack size 8 bytes, n32g05x_uart.o(.text), UNUSED)
<BR><BR>[Calls]<UL><LI><a href="#[96]">&gt;&gt;</a>&nbsp;&nbsp;&nbsp;RCC_EnableAPB1PeriphReset
<LI><a href="#[83]">&gt;&gt;</a>&nbsp;&nbsp;&nbsp;RCC_EnableAPB2PeriphReset
</UL>

<P><STRONG><a name="[a6]"></a>UART_Init</STRONG> (Thumb, 122 bytes, Stack size 40 bytes, n32g05x_uart.o(.text))
<BR><BR>[Stack]<UL><LI>Max Depth = 132<LI>Call Chain = UART_Init &rArr; RCC_GetClocksFreqValue &rArr; __aeabi_uidivmod
</UL>
<BR>[Calls]<UL><LI><a href="#[85]">&gt;&gt;</a>&nbsp;&nbsp;&nbsp;RCC_GetClocksFreqValue
<LI><a href="#[80]">&gt;&gt;</a>&nbsp;&nbsp;&nbsp;__aeabi_uidivmod
</UL>
<BR>[Called By]<UL><LI><a href="#[128]">&gt;&gt;</a>&nbsp;&nbsp;&nbsp;log_init
</UL>

<P><STRONG><a name="[272]"></a>UART_StructInit</STRONG> (Thumb, 20 bytes, Stack size 0 bytes, n32g05x_uart.o(.text))
<BR><BR>[Called By]<UL><LI><a href="#[128]">&gt;&gt;</a>&nbsp;&nbsp;&nbsp;log_init
</UL>

<P><STRONG><a name="[273]"></a>UART_Enable</STRONG> (Thumb, 20 bytes, Stack size 0 bytes, n32g05x_uart.o(.text))
<BR><BR>[Called By]<UL><LI><a href="#[128]">&gt;&gt;</a>&nbsp;&nbsp;&nbsp;log_init
</UL>

<P><STRONG><a name="[354]"></a>UART_ConfigInt</STRONG> (Thumb, 44 bytes, Stack size 8 bytes, n32g05x_uart.o(.text), UNUSED)

<P><STRONG><a name="[355]"></a>UART_EnableDMA</STRONG> (Thumb, 16 bytes, Stack size 0 bytes, n32g05x_uart.o(.text), UNUSED)

<P><STRONG><a name="[356]"></a>UART_SetAddr</STRONG> (Thumb, 16 bytes, Stack size 0 bytes, n32g05x_uart.o(.text), UNUSED)

<P><STRONG><a name="[357]"></a>UART_ConfigWakeUpMode</STRONG> (Thumb, 16 bytes, Stack size 0 bytes, n32g05x_uart.o(.text), UNUSED)

<P><STRONG><a name="[358]"></a>UART_EnableRcvWakeUp</STRONG> (Thumb, 24 bytes, Stack size 0 bytes, n32g05x_uart.o(.text), UNUSED)

<P><STRONG><a name="[359]"></a>UART_ConfigLINBreakDetectLength</STRONG> (Thumb, 18 bytes, Stack size 0 bytes, n32g05x_uart.o(.text), UNUSED)

<P><STRONG><a name="[35a]"></a>UART_EnableLIN</STRONG> (Thumb, 20 bytes, Stack size 0 bytes, n32g05x_uart.o(.text), UNUSED)

<P><STRONG><a name="[12d]"></a>UART_SendData</STRONG> (Thumb, 8 bytes, Stack size 0 bytes, n32g05x_uart.o(.text))
<BR><BR>[Called By]<UL><LI><a href="#[107]">&gt;&gt;</a>&nbsp;&nbsp;&nbsp;rt_hw_console_output
<LI><a href="#[274]">&gt;&gt;</a>&nbsp;&nbsp;&nbsp;fputc
</UL>

<P><STRONG><a name="[12b]"></a>UART_ReceiveData</STRONG> (Thumb, 8 bytes, Stack size 0 bytes, n32g05x_uart.o(.text))
<BR><BR>[Called By]<UL><LI><a href="#[20]">&gt;&gt;</a>&nbsp;&nbsp;&nbsp;UART1_IRQHandler
</UL>

<P><STRONG><a name="[35b]"></a>UART_SendBreak</STRONG> (Thumb, 12 bytes, Stack size 0 bytes, n32g05x_uart.o(.text), UNUSED)

<P><STRONG><a name="[35c]"></a>UART_SetPrescaler</STRONG> (Thumb, 16 bytes, Stack size 0 bytes, n32g05x_uart.o(.text), UNUSED)

<P><STRONG><a name="[35d]"></a>UART_EnableHalfDuplex</STRONG> (Thumb, 18 bytes, Stack size 0 bytes, n32g05x_uart.o(.text), UNUSED)

<P><STRONG><a name="[35e]"></a>UART_ConfigIrDAMode</STRONG> (Thumb, 16 bytes, Stack size 0 bytes, n32g05x_uart.o(.text), UNUSED)

<P><STRONG><a name="[35f]"></a>UART_EnableIrDA</STRONG> (Thumb, 18 bytes, Stack size 0 bytes, n32g05x_uart.o(.text), UNUSED)

<P><STRONG><a name="[12a]"></a>UART_GetFlagStatus</STRONG> (Thumb, 10 bytes, Stack size 0 bytes, n32g05x_uart.o(.text))
<BR><BR>[Called By]<UL><LI><a href="#[107]">&gt;&gt;</a>&nbsp;&nbsp;&nbsp;rt_hw_console_output
<LI><a href="#[20]">&gt;&gt;</a>&nbsp;&nbsp;&nbsp;UART1_IRQHandler
<LI><a href="#[274]">&gt;&gt;</a>&nbsp;&nbsp;&nbsp;fputc
</UL>

<P><STRONG><a name="[360]"></a>UART_ClrFlag</STRONG> (Thumb, 8 bytes, Stack size 0 bytes, n32g05x_uart.o(.text), UNUSED)

<P><STRONG><a name="[361]"></a>UART_GetIntStatus</STRONG> (Thumb, 60 bytes, Stack size 12 bytes, n32g05x_uart.o(.text), UNUSED)

<P><STRONG><a name="[362]"></a>UART_ClrIntPendingBit</STRONG> (Thumb, 12 bytes, Stack size 0 bytes, n32g05x_uart.o(.text), UNUSED)

<P><STRONG><a name="[a7]"></a>WWDG_DeInit</STRONG> (Thumb, 12 bytes, Stack size 8 bytes, n32g05x_wwdg.o(.text), UNUSED)
<BR><BR>[Calls]<UL><LI><a href="#[96]">&gt;&gt;</a>&nbsp;&nbsp;&nbsp;RCC_EnableAPB1PeriphReset
</UL>

<P><STRONG><a name="[1bd]"></a>WWDG_SetPrescalerDiv</STRONG> (Thumb, 16 bytes, Stack size 0 bytes, n32g05x_wwdg.o(.text))
<BR><BR>[Called By]<UL><LI><a href="#[1ba]">&gt;&gt;</a>&nbsp;&nbsp;&nbsp;WdgIf_Init
</UL>

<P><STRONG><a name="[1be]"></a>WWDG_SetWValue</STRONG> (Thumb, 22 bytes, Stack size 8 bytes, n32g05x_wwdg.o(.text))
<BR><BR>[Stack]<UL><LI>Max Depth = 8<LI>Call Chain = WWDG_SetWValue
</UL>
<BR>[Called By]<UL><LI><a href="#[1ba]">&gt;&gt;</a>&nbsp;&nbsp;&nbsp;WdgIf_Init
</UL>

<P><STRONG><a name="[363]"></a>WWDG_EnableInt</STRONG> (Thumb, 12 bytes, Stack size 0 bytes, n32g05x_wwdg.o(.text), UNUSED)

<P><STRONG><a name="[1c6]"></a>WWDG_SetCnt</STRONG> (Thumb, 10 bytes, Stack size 0 bytes, n32g05x_wwdg.o(.text))
<BR><BR>[Called By]<UL><LI><a href="#[1c5]">&gt;&gt;</a>&nbsp;&nbsp;&nbsp;WdgIf_Trigger
</UL>

<P><STRONG><a name="[1bf]"></a>WWDG_Enable</STRONG> (Thumb, 12 bytes, Stack size 0 bytes, n32g05x_wwdg.o(.text))
<BR><BR>[Called By]<UL><LI><a href="#[1ba]">&gt;&gt;</a>&nbsp;&nbsp;&nbsp;WdgIf_Init
</UL>

<P><STRONG><a name="[364]"></a>WWDG_GetEWINTF</STRONG> (Thumb, 10 bytes, Stack size 0 bytes, n32g05x_wwdg.o(.text), UNUSED)

<P><STRONG><a name="[1bb]"></a>WWDG_ClrEWINTF</STRONG> (Thumb, 10 bytes, Stack size 0 bytes, n32g05x_wwdg.o(.text))
<BR><BR>[Called By]<UL><LI><a href="#[1ba]">&gt;&gt;</a>&nbsp;&nbsp;&nbsp;WdgIf_Init
</UL>

<P><STRONG><a name="[1c0]"></a>IWDG_WriteConfig</STRONG> (Thumb, 6 bytes, Stack size 0 bytes, n32g05x_iwdg.o(.text))
<BR><BR>[Called By]<UL><LI><a href="#[1ba]">&gt;&gt;</a>&nbsp;&nbsp;&nbsp;WdgIf_Init
</UL>

<P><STRONG><a name="[1c1]"></a>IWDG_SetPrescalerDiv</STRONG> (Thumb, 6 bytes, Stack size 0 bytes, n32g05x_iwdg.o(.text))
<BR><BR>[Called By]<UL><LI><a href="#[1ba]">&gt;&gt;</a>&nbsp;&nbsp;&nbsp;WdgIf_Init
</UL>

<P><STRONG><a name="[1c2]"></a>IWDG_CntReload</STRONG> (Thumb, 6 bytes, Stack size 0 bytes, n32g05x_iwdg.o(.text))
<BR><BR>[Called By]<UL><LI><a href="#[1ba]">&gt;&gt;</a>&nbsp;&nbsp;&nbsp;WdgIf_Init
</UL>

<P><STRONG><a name="[1c3]"></a>IWDG_ReloadKey</STRONG> (Thumb, 8 bytes, Stack size 0 bytes, n32g05x_iwdg.o(.text))
<BR><BR>[Called By]<UL><LI><a href="#[1c5]">&gt;&gt;</a>&nbsp;&nbsp;&nbsp;WdgIf_Trigger
<LI><a href="#[1ba]">&gt;&gt;</a>&nbsp;&nbsp;&nbsp;WdgIf_Init
</UL>

<P><STRONG><a name="[1c4]"></a>IWDG_Enable</STRONG> (Thumb, 8 bytes, Stack size 0 bytes, n32g05x_iwdg.o(.text))
<BR><BR>[Called By]<UL><LI><a href="#[1ba]">&gt;&gt;</a>&nbsp;&nbsp;&nbsp;WdgIf_Init
</UL>

<P><STRONG><a name="[365]"></a>IWDG_FreezeRun_Enable</STRONG> (Thumb, 16 bytes, Stack size 0 bytes, n32g05x_iwdg.o(.text), UNUSED)

<P><STRONG><a name="[366]"></a>IWDG_FreezeLP</STRONG> (Thumb, 8 bytes, Stack size 0 bytes, n32g05x_iwdg.o(.text), UNUSED)

<P><STRONG><a name="[367]"></a>IWDG_GetStatus</STRONG> (Thumb, 16 bytes, Stack size 0 bytes, n32g05x_iwdg.o(.text), UNUSED)

<P><STRONG><a name="[368]"></a>FLASH_SetLatency</STRONG> (Thumb, 14 bytes, Stack size 0 bytes, n32g05x_flash.o(.text), UNUSED)

<P><STRONG><a name="[369]"></a>FLASH_GetLatency</STRONG> (Thumb, 10 bytes, Stack size 0 bytes, n32g05x_flash.o(.text), UNUSED)

<P><STRONG><a name="[36a]"></a>FLASH_PrefetchBufSet</STRONG> (Thumb, 18 bytes, Stack size 0 bytes, n32g05x_flash.o(.text), UNUSED)

<P><STRONG><a name="[bf]"></a>FLASH_Unlock</STRONG> (Thumb, 12 bytes, Stack size 0 bytes, n32g05x_flash.o(.text))
<BR><BR>[Called By]<UL><LI><a href="#[c0]">&gt;&gt;</a>&nbsp;&nbsp;&nbsp;FLASH_ReadOutProtectionL2_ENABLE
<LI><a href="#[bb]">&gt;&gt;</a>&nbsp;&nbsp;&nbsp;FLASH_ReadOutProtectionL1
<LI><a href="#[1d1]">&gt;&gt;</a>&nbsp;&nbsp;&nbsp;FlsIf_cali_current_Init
<LI><a href="#[1cf]">&gt;&gt;</a>&nbsp;&nbsp;&nbsp;FlsIf_cali_voltage_Init
<LI><a href="#[1cd]">&gt;&gt;</a>&nbsp;&nbsp;&nbsp;FlsIf_ProgramPage
<LI><a href="#[163]">&gt;&gt;</a>&nbsp;&nbsp;&nbsp;FlsIf_ProgramMultiple
<LI><a href="#[161]">&gt;&gt;</a>&nbsp;&nbsp;&nbsp;FlsIf_ErasePage
<LI><a href="#[279]">&gt;&gt;</a>&nbsp;&nbsp;&nbsp;calibration_cur_clear
<LI><a href="#[278]">&gt;&gt;</a>&nbsp;&nbsp;&nbsp;calibration_cur_set
<LI><a href="#[277]">&gt;&gt;</a>&nbsp;&nbsp;&nbsp;calibration_vol_clear
<LI><a href="#[276]">&gt;&gt;</a>&nbsp;&nbsp;&nbsp;calibration_vol_set
<LI><a href="#[263]">&gt;&gt;</a>&nbsp;&nbsp;&nbsp;factory_exit_mode
<LI><a href="#[262]">&gt;&gt;</a>&nbsp;&nbsp;&nbsp;factory_entry_mode
</UL>

[...]
<BR><BR>[Stack]<UL><LI>Max Depth = 8<LI>Call Chain = APP_Dis_Transtion_WarningTodischargingondischarging
</UL>
<BR>[Calls]<UL><LI><a href="#[210]">&gt;&gt;</a>&nbsp;&nbsp;&nbsp;Relay_hold_on
</UL>
<BR>[Address Reference Count : 1]<UL><LI> charging.o(.constdata)
</UL>
<P><STRONG><a name="[62]"></a>APP_Dis_Transtion_DischargingToFailure</STRONG> (Thumb, 16 bytes, Stack size 8 bytes, charging.o(.text))
<BR><BR>[Stack]<UL><LI>Max Depth = 8<LI>Call Chain = APP_Dis_Transtion_DischargingToFailure
</UL>
<BR>[Calls]<UL><LI><a href="#[208]">&gt;&gt;</a>&nbsp;&nbsp;&nbsp;Relay_hold_off
<LI><a href="#[215]">&gt;&gt;</a>&nbsp;&nbsp;&nbsp;APP_DISCHG_SetFault
</UL>
<BR>[Address Reference Count : 1]<UL><LI> charging.o(.constdata)
</UL>
<P><STRONG><a name="[63]"></a>APP_Dis_Transtion_DischargingToPPause</STRONG> (Thumb, 30 bytes, Stack size 16 bytes, charging.o(.text))
<BR><BR>[Stack]<UL><LI>Max Depth = 16<LI>Call Chain = APP_Dis_Transtion_DischargingToPPause
</UL>
<BR>[Calls]<UL><LI><a href="#[20a]">&gt;&gt;</a>&nbsp;&nbsp;&nbsp;Relay_delay_hold_off
<LI><a href="#[215]">&gt;&gt;</a>&nbsp;&nbsp;&nbsp;APP_DISCHG_SetFault
</UL>
<BR>[Address Reference Count : 1]<UL><LI> charging.o(.constdata)
</UL>
<P><STRONG><a name="[64]"></a>APP_Dis_Transtion_PPauseToDischarging</STRONG> (Thumb, 16 bytes, Stack size 8 bytes, charging.o(.text))
<BR><BR>[Stack]<UL><LI>Max Depth = 8<LI>Call Chain = APP_Dis_Transtion_PPauseToDischarging
</UL>
<BR>[Calls]<UL><LI><a href="#[210]">&gt;&gt;</a>&nbsp;&nbsp;&nbsp;Relay_hold_on
</UL>
<BR>[Address Reference Count : 1]<UL><LI> charging.o(.constdata)
</UL>
<P><STRONG><a name="[65]"></a>APP_Dis_Transtion_FailureToDischarging</STRONG> (Thumb, 16 bytes, Stack size 8 bytes, charging.o(.text))
<BR><BR>[Stack]<UL><LI>Max Depth = 8<LI>Call Chain = APP_Dis_Transtion_FailureToDischarging
</UL>
<BR>[Calls]<UL><LI><a href="#[210]">&gt;&gt;</a>&nbsp;&nbsp;&nbsp;Relay_hold_on
</UL>
<BR>[Address Reference Count : 1]<UL><LI> charging.o(.constdata)
</UL>
<P><STRONG><a name="[209]"></a>APP_CHG_SetFault</STRONG> (Thumb, 12 bytes, Stack size 0 bytes, charging.o(.text))
<BR><BR>[Called By]<UL><LI><a href="#[51]">&gt;&gt;</a>&nbsp;&nbsp;&nbsp;APP_FSM_TransitionPrecheckToFaultOnPrecheckFailure
<LI><a href="#[43]">&gt;&gt;</a>&nbsp;&nbsp;&nbsp;APP_FSM_TransitionVPauseToPPauseOnProtectionPause
<LI><a href="#[42]">&gt;&gt;</a>&nbsp;&nbsp;&nbsp;APP_FSM_TransitionVPauseToWarningOnWarning
<LI><a href="#[3f]">&gt;&gt;</a>&nbsp;&nbsp;&nbsp;APP_FSM_TransitionReadyToPPauseOnProtectionPause
<LI><a href="#[3e]">&gt;&gt;</a>&nbsp;&nbsp;&nbsp;APP_FSM_TransitionReadyToWarningOnWarning
<LI><a href="#[3d]">&gt;&gt;</a>&nbsp;&nbsp;&nbsp;APP_FSM_TransitionReadyToFaultOnFault
<LI><a href="#[3c]">&gt;&gt;</a>&nbsp;&nbsp;&nbsp;APP_FSM_TransitionConnectedToPauseOnProtectionPause
<LI><a href="#[3a]">&gt;&gt;</a>&nbsp;&nbsp;&nbsp;APP_FSM_TransitionConnectedToFaultOnFault
<LI><a href="#[3b]">&gt;&gt;</a>&nbsp;&nbsp;&nbsp;APP_FSM_TransitionConnectedToWarningOnWarning
<LI><a href="#[39]">&gt;&gt;</a>&nbsp;&nbsp;&nbsp;APP_FSM_TransitionIdleToPPauseOnProtectionPause
<LI><a href="#[38]">&gt;&gt;</a>&nbsp;&nbsp;&nbsp;APP_FSM_TransitionIdleToWarningOnWarning
<LI><a href="#[37]">&gt;&gt;</a>&nbsp;&nbsp;&nbsp;APP_FSM_TransitionIdleToFaultOnFault
<LI><a href="#[36]">&gt;&gt;</a>&nbsp;&nbsp;&nbsp;APP_FSM_TransitionPostToFaultOnPostFailure
<LI><a href="#[35]">&gt;&gt;</a>&nbsp;&nbsp;&nbsp;APP_FSM_TransitionChargingToPPauseOnProtectionPause
<LI><a href="#[33]">&gt;&gt;</a>&nbsp;&nbsp;&nbsp;APP_FSM_TransitionChargingToFaultOnFault
</UL>

<P><STRONG><a name="[20c]"></a>APP_CHG_EventPubRet</STRONG> (Thumb, 22 bytes, Stack size 0 bytes, charging.o(.text))
<BR><BR>[Called By]<UL><LI><a href="#[212]">&gt;&gt;</a>&nbsp;&nbsp;&nbsp;APP_CHG_EventPub
<LI><a href="#[20b]">&gt;&gt;</a>&nbsp;&nbsp;&nbsp;APP_CHG_EventPubTopic
</UL>

<P><STRONG><a name="[211]"></a>APP_CHG_ChargingSessionStop</STRONG> (Thumb, 22 bytes, Stack size 8 bytes, charging.o(.text))
<BR><BR>[Stack]<UL><LI>Max Depth = 16<LI>Call Chain = APP_CHG_ChargingSessionStop &rArr; APP_DIAG_CHG_CurReset
</UL>
<BR>[Calls]<UL><LI><a href="#[21c]">&gt;&gt;</a>&nbsp;&nbsp;&nbsp;APP_DIAG_CHG_CurReset
</UL>
<BR>[Called By]<UL><LI><a href="#[5c]">&gt;&gt;</a>&nbsp;&nbsp;&nbsp;APP_FSM_TransitionPPauseToIdleOnPlugOut
<LI><a href="#[5b]">&gt;&gt;</a>&nbsp;&nbsp;&nbsp;APP_FSM_TransitionVPauseToIdleOnPlugOut
<LI><a href="#[5a]">&gt;&gt;</a>&nbsp;&nbsp;&nbsp;APP_FSM_TransitionVPauseToConnectedOnVehicleExcessiveStartCount
<LI><a href="#[57]">&gt;&gt;</a>&nbsp;&nbsp;&nbsp;APP_FSM_TransitionChargingToIdleOnPlugOut
</UL>

<P><STRONG><a name="[215]"></a>APP_DISCHG_SetFault</STRONG> (Thumb, 12 bytes, Stack size 0 bytes, charging.o(.text))
<BR><BR>[Called By]<UL><LI><a href="#[63]">&gt;&gt;</a>&nbsp;&nbsp;&nbsp;APP_Dis_Transtion_DischargingToPPause
<LI><a href="#[62]">&gt;&gt;</a>&nbsp;&nbsp;&nbsp;APP_Dis_Transtion_DischargingToFailure
<LI><a href="#[60]">&gt;&gt;</a>&nbsp;&nbsp;&nbsp;APP_Dis_Transtion_PrecheckToPrecheckwarning
<LI><a href="#[5e]">&gt;&gt;</a>&nbsp;&nbsp;&nbsp;APP_Dis_Transtion_PostToPostFailure
</UL>

<P><STRONG><a name="[217]"></a>APP_DISCHG_EventPubRet</STRONG> (Thumb, 22 bytes, Stack size 0 bytes, charging.o(.text))
<BR><BR>[Called By]<UL><LI><a href="#[218]">&gt;&gt;</a>&nbsp;&nbsp;&nbsp;APP_DISCHG_EventPub
<LI><a href="#[216]">&gt;&gt;</a>&nbsp;&nbsp;&nbsp;APP_DISCHG_EventPubTopic
</UL>

<P><STRONG><a name="[220]"></a>APP_CP_ProcessStateMachine</STRONG> (Thumb, 162 bytes, Stack size 20 bytes, cp.o(.text))
<BR><BR>[Stack]<UL><LI>Max Depth = 28<LI>Call Chain = APP_CP_ProcessStateMachine &rArr; __ARM_common_switch8
</UL>
<BR>[Calls]<UL><LI><a href="#[17b]">&gt;&gt;</a>&nbsp;&nbsp;&nbsp;__ARM_common_switch8
</UL>
<BR>[Called By]<UL><LI><a href="#[1fa]">&gt;&gt;</a>&nbsp;&nbsp;&nbsp;APP_CP_Task
</UL>

<P><STRONG><a name="[221]"></a>APP_CP_HandleChargerEvent</STRONG> (Thumb, 262 bytes, Stack size 24 bytes, cp.o(.text))
<BR><BR>[Stack]<UL><LI>Max Depth = 188<LI>Call Chain = APP_CP_HandleChargerEvent &rArr; rt_kprintf &rArr; rt_vsnprintf &rArr; print_number &rArr; __aeabi_uidivmod
</UL>
<BR>[Calls]<UL><LI><a href="#[c8]">&gt;&gt;</a>&nbsp;&nbsp;&nbsp;rt_kprintf
<LI><a href="#[17b]">&gt;&gt;</a>&nbsp;&nbsp;&nbsp;__ARM_common_switch8
<LI><a href="#[223]">&gt;&gt;</a>&nbsp;&nbsp;&nbsp;APP_CHG_IsAnyFaultPresent
<LI><a href="#[222]">&gt;&gt;</a>&nbsp;&nbsp;&nbsp;APP_CHG_IsFaultPresent
<LI><a href="#[21e]">&gt;&gt;</a>&nbsp;&nbsp;&nbsp;APP_CHG_GetChargeStatus
<LI><a href="#[212]">&gt;&gt;</a>&nbsp;&nbsp;&nbsp;APP_CHG_EventPub
<LI><a href="#[20b]">&gt;&gt;</a>&nbsp;&nbsp;&nbsp;APP_CHG_EventPubTopic
</UL>
<BR>[Called By]<UL><LI><a href="#[1fa]">&gt;&gt;</a>&nbsp;&nbsp;&nbsp;APP_CP_Task
</UL>

<P><STRONG><a name="[224]"></a>CP_Voltage_Filter</STRONG> (Thumb, 96 bytes, Stack size 16 bytes, cp.o(.text))
<BR><BR>[Stack]<UL><LI>Max Depth = 36<LI>Call Chain = CP_Voltage_Filter &rArr; __aeabi_ui2f &rArr; _float_epilogue
</UL>
<BR>[Calls]<UL><LI><a href="#[1d7]">&gt;&gt;</a>&nbsp;&nbsp;&nbsp;__aeabi_ui2f
<LI><a href="#[1d9]">&gt;&gt;</a>&nbsp;&nbsp;&nbsp;__aeabi_f2uiz
<LI><a href="#[15e]">&gt;&gt;</a>&nbsp;&nbsp;&nbsp;RTE_Call_AdcM_Vlotage
</UL>
<BR>[Called By]<UL><LI><a href="#[1fa]">&gt;&gt;</a>&nbsp;&nbsp;&nbsp;APP_CP_Task
</UL>

<P><STRONG><a name="[246]"></a>APP_DIAG_CHG_CurresetRecovery</STRONG> (Thumb, 16 bytes, Stack size 0 bytes, diag.o(.text))
<BR><BR>[Called By]<UL><LI><a href="#[245]">&gt;&gt;</a>&nbsp;&nbsp;&nbsp;APP_DIAG_CHG_CurProcess
<LI><a href="#[21c]">&gt;&gt;</a>&nbsp;&nbsp;&nbsp;APP_DIAG_CHG_CurReset
</UL>

<P><STRONG><a name="[25d]"></a>APP_DIAG_DISCHG_CurresetRecovery</STRONG> (Thumb, 20 bytes, Stack size 0 bytes, diag.o(.text))
<BR><BR>[Called By]<UL><LI><a href="#[25c]">&gt;&gt;</a>&nbsp;&nbsp;&nbsp;APP_DIAG_DISCHG_CurProcess
<LI><a href="#[21b]">&gt;&gt;</a>&nbsp;&nbsp;&nbsp;APP_DIAG_DISCHG_CurReset
</UL>

<P><STRONG><a name="[261]"></a>APP_DiodeCheck_Complete</STRONG> (Thumb, 72 bytes, Stack size 16 bytes, diodecheck.o(.text))
<BR><BR>[Stack]<UL><LI>Max Depth = 180<LI>Call Chain = APP_DiodeCheck_Complete &rArr; rt_kprintf &rArr; rt_vsnprintf &rArr; print_number &rArr; __aeabi_uidivmod
</UL>
<BR>[Calls]<UL><LI><a href="#[c8]">&gt;&gt;</a>&nbsp;&nbsp;&nbsp;rt_kprintf
<LI><a href="#[212]">&gt;&gt;</a>&nbsp;&nbsp;&nbsp;APP_CHG_EventPub
<LI><a href="#[20b]">&gt;&gt;</a>&nbsp;&nbsp;&nbsp;APP_CHG_EventPubTopic
</UL>
<BR>[Called By]<UL><LI><a href="#[1ff]">&gt;&gt;</a>&nbsp;&nbsp;&nbsp;APP_DiodeCheck_Update
</UL>

<P><STRONG><a name="[74]"></a>factory</STRONG> (Thumb, 138 bytes, Stack size 8 bytes, factory.o(.text))
<BR><BR>[Stack]<UL><LI>Max Depth = 204<LI>Call Chain = factory &rArr; factory_entry_mode &rArr; FlsIf_ProgramMultiple &rArr; rt_kprintf &rArr; rt_vsnprintf &rArr; print_number &rArr; __aeabi_uidivmod
</UL>
<BR>[Calls]<UL><LI><a href="#[c8]">&gt;&gt;</a>&nbsp;&nbsp;&nbsp;rt_kprintf
<LI><a href="#[265]">&gt;&gt;</a>&nbsp;&nbsp;&nbsp;memcmp
<LI><a href="#[264]">&gt;&gt;</a>&nbsp;&nbsp;&nbsp;get_factory_mode_status
<LI><a href="#[263]">&gt;&gt;</a>&nbsp;&nbsp;&nbsp;factory_exit_mode
<LI><a href="#[262]">&gt;&gt;</a>&nbsp;&nbsp;&nbsp;factory_entry_mode
</UL>
<BR>[Address Reference Count : 1]<UL><LI> factory.o(FSymTab)
</UL>
<P><STRONG><a name="[267]"></a>LED_CHGMODE_Showfault</STRONG> (Thumb, 106 bytes, Stack size 8 bytes, led.o(.text))
<BR><BR>[Stack]<UL><LI>Max Depth = 60<LI>Call Chain = LED_CHGMODE_Showfault &rArr; Led_Set_Mode &rArr; __aeabi_idivmod &rArr; __aeabi_uidivmod
</UL>
<BR>[Calls]<UL><LI><a href="#[17b]">&gt;&gt;</a>&nbsp;&nbsp;&nbsp;__ARM_common_switch8
<LI><a href="#[266]">&gt;&gt;</a>&nbsp;&nbsp;&nbsp;Led_Set_Mode
</UL>
<BR>[Called By]<UL><LI><a href="#[26c]">&gt;&gt;</a>&nbsp;&nbsp;&nbsp;Led_Process
</UL>

<P><STRONG><a name="[268]"></a>LED_DISCHGMODE_Showfault</STRONG> (Thumb, 86 bytes, Stack size 8 bytes, led.o(.text))
<BR><BR>[Stack]<UL><LI>Max Depth = 60<LI>Call Chain = LED_DISCHGMODE_Showfault &rArr; Led_Set_Mode &rArr; __aeabi_idivmod &rArr; __aeabi_uidivmod
</UL>
<BR>[Calls]<UL><LI><a href="#[17b]">&gt;&gt;</a>&nbsp;&nbsp;&nbsp;__ARM_common_switch8
<LI><a href="#[266]">&gt;&gt;</a>&nbsp;&nbsp;&nbsp;Led_Set_Mode
</UL>
<BR>[Called By]<UL><LI><a href="#[26c]">&gt;&gt;</a>&nbsp;&nbsp;&nbsp;Led_Process
</UL>

<P><STRONG><a name="[269]"></a>APP_PWM_LED</STRONG> (Thumb, 44 bytes, Stack size 8 bytes, led.o(.text))
<BR><BR>[Stack]<UL><LI>Max Depth = 24<LI>Call Chain = APP_PWM_LED &rArr; RTE_Call_PwmIf_Set_Duty &rArr; PwmIf_Set_Duty
</UL>
<BR>[Calls]<UL><LI><a href="#[158]">&gt;&gt;</a>&nbsp;&nbsp;&nbsp;RTE_Call_PwmIf_Set_Duty
</UL>
<BR>[Called By]<UL><LI><a href="#[26a]">&gt;&gt;</a>&nbsp;&nbsp;&nbsp;led_auto
</UL>

<P><STRONG><a name="[26b]"></a>Led_ShowLoop</STRONG> (Thumb, 212 bytes, Stack size 16 bytes, led.o(.text))
<BR><BR>[Stack]<UL><LI>Max Depth = 68<LI>Call Chain = Led_ShowLoop &rArr; Led_Set_Mode &rArr; __aeabi_idivmod &rArr; __aeabi_uidivmod
</UL>
<BR>[Calls]<UL><LI><a href="#[266]">&gt;&gt;</a>&nbsp;&nbsp;&nbsp;Led_Set_Mode
</UL>
<BR>[Called By]<UL><LI><a href="#[26c]">&gt;&gt;</a>&nbsp;&nbsp;&nbsp;Led_Process
</UL>

<P><STRONG><a name="[26c]"></a>Led_Process</STRONG> (Thumb, 286 bytes, Stack size 24 bytes, led.o(.text))
<BR><BR>[Stack]<UL><LI>Max Depth = 92<LI>Call Chain = Led_Process &rArr; Led_ShowLoop &rArr; Led_Set_Mode &rArr; __aeabi_idivmod &rArr; __aeabi_uidivmod
</UL>
<BR>[Calls]<UL><LI><a href="#[26e]">&gt;&gt;</a>&nbsp;&nbsp;&nbsp;getSysState
<LI><a href="#[17b]">&gt;&gt;</a>&nbsp;&nbsp;&nbsp;__ARM_common_switch8
<LI><a href="#[26d]">&gt;&gt;</a>&nbsp;&nbsp;&nbsp;get_calibration_mode_status
<LI><a href="#[266]">&gt;&gt;</a>&nbsp;&nbsp;&nbsp;Led_Set_Mode
<LI><a href="#[26b]">&gt;&gt;</a>&nbsp;&nbsp;&nbsp;Led_ShowLoop
<LI><a href="#[268]">&gt;&gt;</a>&nbsp;&nbsp;&nbsp;LED_DISCHGMODE_Showfault
<LI><a href="#[267]">&gt;&gt;</a>&nbsp;&nbsp;&nbsp;LED_CHGMODE_Showfault
<LI><a href="#[26f]">&gt;&gt;</a>&nbsp;&nbsp;&nbsp;APP_DISCHG_GetFault
<LI><a href="#[219]">&gt;&gt;</a>&nbsp;&nbsp;&nbsp;APP_DISCHG_GetStatusLED
<LI><a href="#[271]">&gt;&gt;</a>&nbsp;&nbsp;&nbsp;APP_CHG_GetFault
<LI><a href="#[270]">&gt;&gt;</a>&nbsp;&nbsp;&nbsp;APP_CHG_GetDiodeStatus
<LI><a href="#[213]">&gt;&gt;</a>&nbsp;&nbsp;&nbsp;APP_CHG_GetStatusLED
</UL>
<BR>[Called By]<UL><LI><a href="#[14f]">&gt;&gt;</a>&nbsp;&nbsp;&nbsp;Led_MainFunction
</UL>

<P><STRONG><a name="[75]"></a>inject</STRONG> (Thumb, 1478 bytes, Stack size 24 bytes, log.o(.text))
<BR><BR>[Stack]<UL><LI>Max Depth = 188<LI>Call Chain = inject &rArr; rt_kprintf &rArr; rt_vsnprintf &rArr; print_number &rArr; __aeabi_uidivmod
</UL>
<BR>[Calls]<UL><LI><a href="#[c8]">&gt;&gt;</a>&nbsp;&nbsp;&nbsp;rt_kprintf
<LI><a href="#[275]">&gt;&gt;</a>&nbsp;&nbsp;&nbsp;atoi
<LI><a href="#[265]">&gt;&gt;</a>&nbsp;&nbsp;&nbsp;memcmp
</UL>
<BR>[Address Reference Count : 1]<UL><LI> log.o(FSymTab)
</UL>
<P><STRONG><a name="[76]"></a>calibration</STRONG> (Thumb, 364 bytes, Stack size 16 bytes, log.o(.text))
<BR><BR>[Stack]<UL><LI>Max Depth = 252<LI>Call Chain = calibration &rArr; calibration_cur_set &rArr; FlsIf_cali_current_Init &rArr; FlsIf_ProgramMultiple &rArr; rt_kprintf &rArr; rt_vsnprintf &rArr; print_number &rArr; __aeabi_uidivmod
</UL>
<BR>[Calls]<UL><LI><a href="#[c8]">&gt;&gt;</a>&nbsp;&nbsp;&nbsp;rt_kprintf
<LI><a href="#[27a]">&gt;&gt;</a>&nbsp;&nbsp;&nbsp;chargingStateMachine_setcalibration
<LI><a href="#[275]">&gt;&gt;</a>&nbsp;&nbsp;&nbsp;atoi
<LI><a href="#[265]">&gt;&gt;</a>&nbsp;&nbsp;&nbsp;memcmp
<LI><a href="#[279]">&gt;&gt;</a>&nbsp;&nbsp;&nbsp;calibration_cur_clear
<LI><a href="#[278]">&gt;&gt;</a>&nbsp;&nbsp;&nbsp;calibration_cur_set
<LI><a href="#[277]">&gt;&gt;</a>&nbsp;&nbsp;&nbsp;calibration_vol_clear
<LI><a href="#[276]">&gt;&gt;</a>&nbsp;&nbsp;&nbsp;calibration_vol_set
<LI><a href="#[26d]">&gt;&gt;</a>&nbsp;&nbsp;&nbsp;get_calibration_mode_status
<LI><a href="#[208]">&gt;&gt;</a>&nbsp;&nbsp;&nbsp;Relay_hold_off
</UL>
<BR>[Address Reference Count : 1]<UL><LI> log.o(FSymTab)
</UL>
<P><STRONG><a name="[77]"></a>restart</STRONG> (Thumb, 28 bytes, Stack size 0 bytes, log.o(.text))
<BR><BR>[Stack]<UL><LI>Max Depth = 164<LI>Call Chain = restart &rArr; rt_kprintf &rArr; rt_vsnprintf &rArr; print_number &rArr; __aeabi_uidivmod
</UL>
<BR>[Calls]<UL><LI><a href="#[11d]">&gt;&gt;</a>&nbsp;&nbsp;&nbsp;rt_thread_delay
<LI><a href="#[c8]">&gt;&gt;</a>&nbsp;&nbsp;&nbsp;rt_kprintf
<LI><a href="#[27b]">&gt;&gt;</a>&nbsp;&nbsp;&nbsp;NVIC_SystemReset
<LI><a href="#[208]">&gt;&gt;</a>&nbsp;&nbsp;&nbsp;Relay_hold_off
</UL>
<BR>[Address Reference Count : 1]<UL><LI> log.o(FSymTab)
</UL>
<P><STRONG><a name="[78]"></a>relay</STRONG> (Thumb, 106 bytes, Stack size 8 bytes, log.o(.text))
<BR><BR>[Stack]<UL><LI>Max Depth = 172<LI>Call Chain = relay &rArr; rt_kprintf &rArr; rt_vsnprintf &rArr; print_number &rArr; __aeabi_uidivmod
</UL>
<BR>[Calls]<UL><LI><a href="#[c8]">&gt;&gt;</a>&nbsp;&nbsp;&nbsp;rt_kprintf
<LI><a href="#[265]">&gt;&gt;</a>&nbsp;&nbsp;&nbsp;memcmp
<LI><a href="#[26d]">&gt;&gt;</a>&nbsp;&nbsp;&nbsp;get_calibration_mode_status
<LI><a href="#[210]">&gt;&gt;</a>&nbsp;&nbsp;&nbsp;Relay_hold_on
<LI><a href="#[208]">&gt;&gt;</a>&nbsp;&nbsp;&nbsp;Relay_hold_off
</UL>
<BR>[Address Reference Count : 1]<UL><LI> log.o(FSymTab)
</UL>
<P><STRONG><a name="[27b]"></a>NVIC_SystemReset</STRONG> (Thumb, 16 bytes, Stack size 0 bytes, log.o(.text))
<BR><BR>[Called By]<UL><LI><a href="#[77]">&gt;&gt;</a>&nbsp;&nbsp;&nbsp;restart
<LI><a href="#[204]">&gt;&gt;</a>&nbsp;&nbsp;&nbsp;Calibration_Update
</UL>

<P><STRONG><a name="[27d]"></a>PreCheck_Charging_Next_Test</STRONG> (Thumb, 24 bytes, Stack size 0 bytes, precheck.o(.text))
<BR><BR>[Called By]<UL><LI><a href="#[1fe]">&gt;&gt;</a>&nbsp;&nbsp;&nbsp;PreCheck_Charging_Update
</UL>

<P><STRONG><a name="[27c]"></a>PreCheck_Charging_Complete</STRONG> (Thumb, 84 bytes, Stack size 16 bytes, precheck.o(.text))
<BR><BR>[Stack]<UL><LI>Max Depth = 180<LI>Call Chain = PreCheck_Charging_Complete &rArr; rt_kprintf &rArr; rt_vsnprintf &rArr; print_number &rArr; __aeabi_uidivmod
</UL>
<BR>[Calls]<UL><LI><a href="#[c8]">&gt;&gt;</a>&nbsp;&nbsp;&nbsp;rt_kprintf
<LI><a href="#[212]">&gt;&gt;</a>&nbsp;&nbsp;&nbsp;APP_CHG_EventPub
<LI><a href="#[20b]">&gt;&gt;</a>&nbsp;&nbsp;&nbsp;APP_CHG_EventPubTopic
</UL>
<BR>[Called By]<UL><LI><a href="#[1fe]">&gt;&gt;</a>&nbsp;&nbsp;&nbsp;PreCheck_Charging_Update
</UL>

<P><STRONG><a name="[27f]"></a>PreCheck_Discharging_Next_Test</STRONG> (Thumb, 24 bytes, Stack size 0 bytes, precheck.o(.text))
<BR><BR>[Called By]<UL><LI><a href="#[202]">&gt;&gt;</a>&nbsp;&nbsp;&nbsp;PreCheck_Discharging_Update
</UL>

<P><STRONG><a name="[27e]"></a>PreCheck_Discharging_Complete</STRONG> (Thumb, 108 bytes, Stack size 24 bytes, precheck.o(.text))
<BR><BR>[Stack]<UL><LI>Max Depth = 32<LI>Call Chain = PreCheck_Discharging_Complete &rArr; APP_DISCHG_EventPub
</UL>
<BR>[Calls]<UL><LI><a href="#[218]">&gt;&gt;</a>&nbsp;&nbsp;&nbsp;APP_DISCHG_EventPub
<LI><a href="#[216]">&gt;&gt;</a>&nbsp;&nbsp;&nbsp;APP_DISCHG_EventPubTopic
</UL>
<BR>[Called By]<UL><LI><a href="#[202]">&gt;&gt;</a>&nbsp;&nbsp;&nbsp;PreCheck_Discharging_Update
</UL>

<P><STRONG><a name="[281]"></a>SelfTest_Charging_Complete</STRONG> (Thumb, 128 bytes, Stack size 16 bytes, selfcheck.o(.text))
<BR><BR>[Stack]<UL><LI>Max Depth = 180<LI>Call Chain = SelfTest_Charging_Complete &rArr; rt_kprintf &rArr; rt_vsnprintf &rArr; print_number &rArr; __aeabi_uidivmod
</UL>
<BR>[Calls]<UL><LI><a href="#[c8]">&gt;&gt;</a>&nbsp;&nbsp;&nbsp;rt_kprintf
<LI><a href="#[17b]">&gt;&gt;</a>&nbsp;&nbsp;&nbsp;__ARM_common_switch8
<LI><a href="#[20d]">&gt;&gt;</a>&nbsp;&nbsp;&nbsp;APP_CP_GetCurrentStatus
<LI><a href="#[212]">&gt;&gt;</a>&nbsp;&nbsp;&nbsp;APP_CHG_EventPub
<LI><a href="#[20b]">&gt;&gt;</a>&nbsp;&nbsp;&nbsp;APP_CHG_EventPubTopic
</UL>
<BR>[Called By]<UL><LI><a href="#[1fb]">&gt;&gt;</a>&nbsp;&nbsp;&nbsp;SelfTest_Charging_Update
</UL>

<P><STRONG><a name="[282]"></a>SelfTest_Charging_Next_Test</STRONG> (Thumb, 26 bytes, Stack size 0 bytes, selfcheck.o(.text))
<BR><BR>[Called By]<UL><LI><a href="#[1fb]">&gt;&gt;</a>&nbsp;&nbsp;&nbsp;SelfTest_Charging_Update
</UL>

<P><STRONG><a name="[283]"></a>SelfTest_Charging_ShortCircuit_Check</STRONG> (Thumb, 68 bytes, Stack size 16 bytes, selfcheck.o(.text))
<BR><BR>[Stack]<UL><LI>Max Depth = 40<LI>Call Chain = SelfTest_Charging_ShortCircuit_Check &rArr; RTE_Call_DioIf_WriteChannel &rArr; DioIf_WriteChannel &rArr; DioIfCfg_WritePin
</UL>
<BR>[Calls]<UL><LI><a href="#[15e]">&gt;&gt;</a>&nbsp;&nbsp;&nbsp;RTE_Call_AdcM_Vlotage
<LI><a href="#[15a]">&gt;&gt;</a>&nbsp;&nbsp;&nbsp;RTE_Call_DioIf_WriteChannel
</UL>
<BR>[Called By]<UL><LI><a href="#[1fb]">&gt;&gt;</a>&nbsp;&nbsp;&nbsp;SelfTest_Charging_Update
</UL>

<P><STRONG><a name="[287]"></a>SelfTest_Discharging_Next_Test</STRONG> (Thumb, 24 bytes, Stack size 0 bytes, selfcheck.o(.text))
<BR><BR>[Called By]<UL><LI><a href="#[1fc]">&gt;&gt;</a>&nbsp;&nbsp;&nbsp;SelfTest_Discharging_Update
</UL>

<P><STRONG><a name="[285]"></a>SelfTest_Discharging_Complete</STRONG> (Thumb, 216 bytes, Stack size 16 bytes, selfcheck.o(.text))
<BR><BR>[Stack]<UL><LI>Max Depth = 180<LI>Call Chain = SelfTest_Discharging_Complete &rArr; rt_kprintf &rArr; rt_vsnprintf &rArr; print_number &rArr; __aeabi_uidivmod
</UL>
<BR>[Calls]<UL><LI><a href="#[c8]">&gt;&gt;</a>&nbsp;&nbsp;&nbsp;rt_kprintf
<LI><a href="#[288]">&gt;&gt;</a>&nbsp;&nbsp;&nbsp;SelfTest_Discharging_FaultMap
<LI><a href="#[218]">&gt;&gt;</a>&nbsp;&nbsp;&nbsp;APP_DISCHG_EventPub
<LI><a href="#[216]">&gt;&gt;</a>&nbsp;&nbsp;&nbsp;APP_DISCHG_EventPubTopic
</UL>
<BR>[Called By]<UL><LI><a href="#[1fc]">&gt;&gt;</a>&nbsp;&nbsp;&nbsp;SelfTest_Discharging_Update
</UL>
<P>
<H3>
Undefined Global Symbols
</H3>
<P><STRONG><a name="[7c]"></a>__arm_fini_</STRONG> (Unknown, 0 bytes, Stack size 0 bytes, UNDEFINED)
<BR><BR>[Called By]<UL><LI><a href="#[7b]">&gt;&gt;</a>&nbsp;&nbsp;&nbsp;__rt_lib_shutdown_fini
</UL>
<HR></body></html>
