<html>
<body>
<pre>
<h1>µVision Build Log</h1>
<h2>Tool Versions:</h2>
IDE-Version: ¦ÌVision V5.33.0.0
Copyright (C) 2020 ARM Ltd and ARM Germany GmbH. All rights reserved.
License Information:  ,  , LIC=IK1BF-68IJH-QD6KD-82ETE-ZWPZZ-JL2WQ
 
Tool Versions:
Toolchain:       MDK-ARM Plus  Version: 5.33.0.0
Toolchain Path:  C:\Keil_v5\ARM\ARMCC\Bin
C Compiler:      Armcc.exe V5.06 update 7 (build 960)
Assembler:       Armasm.exe V5.06 update 7 (build 960)
Linker/Locator:  ArmLink.exe V5.06 update 7 (build 960)
Library Manager: ArmAr.exe V5.06 update 7 (build 960)
Hex Converter:   FromElf.exe V5.06 update 7 (build 960)
CPU DLL:         SARMCM3.DLL V5.33.0.0
Dialog DLL:      DARMCM1.DLL V1.19.4.0
Target DLL:      Segger\JL2CM3.dll V2.99.38.0
Dialog DLL:      TARMCM1.DLL V1.14.3.0
 
<h2>Project:</h2>
E:\ps_g1_666\projects\n32g05x_EVAL\examples\GPIO\LedBlink\MDK-ARM\ADC_DMA.uvprojx
Project File Date:  04/30/2026

<h2>Output:</h2>
*** Using Compiler 'V5.06 update 7 (build 960)', folder: 'C:\Keil_v5\ARM\ARMCC\Bin'
Rebuild target 'N32G05x'
assembling startup_n32g05x.s...
compiling system_n32g05x.c...
compiling misc.c...
compiling n32g05x_gpio.c...
compiling n32g05x_uart.c...
compiling n32g05x_iwdg.c...
compiling n32g05x_pwr.c...
compiling n32g05x_wwdg.c...
compiling n32g05x_dma.c...
compiling n32g05x_adc.c...
compiling n32g05x_led.c...
compiling n32g05x_beeper.c...
compiling n32g05x_rcc.c...
compiling n32g05x_tim.c...
compiling n32g05x_dac.c...
compiling n32g05x_lcd.c...
compiling n32g05x_spi.c...
compiling n32g05x_can.c...
compiling n32g05x_comp.c...
compiling n32g05x_i2c.c...
assembling context_rvds.S...
compiling cpuport.c...
compiling clock.c...
compiling n32g05x_exti.c...
compiling n32g05x_flash.c...
compiling n32g05x_dbg.c...
compiling n32g05x_crc.c...
compiling components.c...
compiling n32g05x_rtc.c...
compiling n32g05x_it.c...
compiling cpu.c...
compiling idle.c...
compiling ipc.c...
compiling main.c...
compiling irq.c...
compiling mem.c...
compiling mempool.c...
compiling memheap.c...
compiling object.c...
compiling slab.c...
compiling scheduler.c...
compiling kservice.c...
compiling thread.c...
compiling timer.c...
compiling cmd.c...
compiling msh.c...
compiling shell.c...
compiling ringbuf.c...
compiling rtUart.c...
compiling board.c...
compiling Dioif_Cfg.c...
compiling Dioif.c...
compiling NVIC.c...
compiling Uartif.c...
compiling Adcif.c...
compiling Portif.c...
compiling RTE_BSW.c...
compiling RTE_ASW.c...
compiling Portif_Cfg.c...
compiling Pwmif.c...
compiling Timrif.c...
compiling Wdgif.c...
compiling EcuM.c...
compiling WdgM.c...
compiling AdcF.c...
compiling N32_RT_Thread_Task.c...
compiling AdcM_Cfg.c...
compiling Flashif.c...
compiling AdcM.c...
compiling ChargeManager.c...
compiling Diodecheck.c...
compiling cp.c...
compiling factory.c...
compiling Charging.c...
compiling Diag.c...
compiling Led.c...
compiling Rly.c...
compiling Precheck.c...
compiling Log.c...
compiling Selfcheck.c...
linking...
Program Size: Code=49192 RO-data=3128 RW-data=860 ZI-data=11620  
FromELF: creating hex file...
After Build - User command #1: fromelf --bin --output=.\bin\ADC_DMA.bin .\Objects\ADC_DMA.axf
".\Objects\ADC_DMA.axf" - 0 Error(s), 0 Warning(s).

<h2>Software Packages used:</h2>

Package Vendor: Nationstech
                http://www.keil.com/pack/Nationstech.N32G05x_DFP.1.0.0.pack
                Nationstech.N32G05x_DFP.1.0.0
                Nationstech N32G05x Series Device Support, Drivers and Examples

<h2>Collection of Component include folders:</h2>
  C:\Users\Geely\AppData\Local\Arm\Packs\Nationstech\N32G05x_DFP\1.0.0\firmware\CMSIS\device

<h2>Collection of Component Files used:</h2>
Build Time Elapsed:  00:00:04
</pre>
</body>
</html>
