<!doctype html public "-//w3c//dtd html 4.0 transitional//en">
<html><head>
<title>Static Call Graph - [.\Objects\zxc400_Project.axf]</title></head>
<body><HR>
<H1>Static Call Graph for image .\Objects\zxc400_Project.axf</H1><HR>
<BR><P>#&#060CALLGRAPH&#062# ARM Linker, 6150002: Last Updated: Tue Apr 14 09:56:51 2026
<BR><P>
<H3>Maximum Stack Usage =        512 bytes + Unknown(Cycles, Untraceable Function Pointers)</H3><H3>
Call chain for Maximum Stack Depth:</H3>
__rt_entry_main &rArr; main &rArr; I2C_Master_Init &rArr; log_printf &rArr; vsnprintf &rArr; _printf_char_common &rArr; __printf
<P>
<H3>
Mutually Recursive functions
</H3> <LI><a href="#[1]">NMI_Handler</a>&nbsp;&nbsp;&nbsp;&rArr;&nbsp;&nbsp;&nbsp;<a href="#[1]">NMI_Handler</a><BR>
 <LI><a href="#[2]">HardFault_Handler</a>&nbsp;&nbsp;&nbsp;&rArr;&nbsp;&nbsp;&nbsp;<a href="#[2]">HardFault_Handler</a><BR>
 <LI><a href="#[3]">MemManage_Handler</a>&nbsp;&nbsp;&nbsp;&rArr;&nbsp;&nbsp;&nbsp;<a href="#[3]">MemManage_Handler</a><BR>
 <LI><a href="#[4]">BusFault_Handler</a>&nbsp;&nbsp;&nbsp;&rArr;&nbsp;&nbsp;&nbsp;<a href="#[4]">BusFault_Handler</a><BR>
 <LI><a href="#[5]">UsageFault_Handler</a>&nbsp;&nbsp;&nbsp;&rArr;&nbsp;&nbsp;&nbsp;<a href="#[5]">UsageFault_Handler</a><BR>
 <LI><a href="#[6]">SVC_Handler</a>&nbsp;&nbsp;&nbsp;&rArr;&nbsp;&nbsp;&nbsp;<a href="#[6]">SVC_Handler</a><BR>
 <LI><a href="#[7]">DebugMon_Handler</a>&nbsp;&nbsp;&nbsp;&rArr;&nbsp;&nbsp;&nbsp;<a href="#[7]">DebugMon_Handler</a><BR>
 <LI><a href="#[8]">PendSV_Handler</a>&nbsp;&nbsp;&nbsp;&rArr;&nbsp;&nbsp;&nbsp;<a href="#[8]">PendSV_Handler</a><BR>
 <LI><a href="#[9]">SysTick_Handler</a>&nbsp;&nbsp;&nbsp;&rArr;&nbsp;&nbsp;&nbsp;<a href="#[9]">SysTick_Handler</a><BR>
 <LI><a href="#[32]">ADC0_IRQHandler</a>&nbsp;&nbsp;&nbsp;&rArr;&nbsp;&nbsp;&nbsp;<a href="#[32]">ADC0_IRQHandler</a><BR>
</UL>
<P>
<H3>
Function Pointers
</H3><UL>
 <LI><a href="#[32]">ADC0_IRQHandler</a> from startup_zxc400.o(.text) referenced from startup_zxc400.o(RESET)
 <LI><a href="#[33]">ADC1_IRQHandler</a> from startup_zxc400.o(.text) referenced from startup_zxc400.o(RESET)
 <LI><a href="#[3d]">ADCETC_ERR_IRQHandler</a> from startup_zxc400.o(.text) referenced from startup_zxc400.o(RESET)
 <LI><a href="#[3c]">ADCETC_IRQHandler</a> from startup_zxc400.o(.text) referenced from startup_zxc400.o(RESET)
 <LI><a href="#[77]">ATIM0_CAPT_CMP_IRQHandler</a> from startup_zxc400.o(.text) referenced from startup_zxc400.o(RESET)
 <LI><a href="#[76]">ATIM0_ERR_IRQHandler</a> from startup_zxc400.o(.text) referenced from startup_zxc400.o(RESET)
 <LI><a href="#[78]">ATIM0_INJECTION_IRQHandler</a> from startup_zxc400.o(.text) referenced from startup_zxc400.o(RESET)
 <LI><a href="#[79]">ATIM0_RELOAD_IRQHandler</a> from startup_zxc400.o(.text) referenced from startup_zxc400.o(RESET)
 <LI><a href="#[7b]">ATIM1_CAPT_CMP_IRQHandler</a> from startup_zxc400.o(.text) referenced from startup_zxc400.o(RESET)
 <LI><a href="#[7a]">ATIM1_ERR_IRQHandler</a> from startup_zxc400.o(.text) referenced from startup_zxc400.o(RESET)
 <LI><a href="#[7c]">ATIM1_INJECTION_IRQHandler</a> from startup_zxc400.o(.text) referenced from startup_zxc400.o(RESET)
 <LI><a href="#[7d]">ATIM1_RELOAD_IRQHandler</a> from startup_zxc400.o(.text) referenced from startup_zxc400.o(RESET)
 <LI><a href="#[3a]">BTIM0_IRQHandler</a> from startup_zxc400.o(.text) referenced from startup_zxc400.o(RESET)
 <LI><a href="#[3b]">BTIM1_IRQHandler</a> from startup_zxc400.o(.text) referenced from startup_zxc400.o(RESET)
 <LI><a href="#[4]">BusFault_Handler</a> from startup_zxc400.o(.text) referenced from startup_zxc400.o(RESET)
 <LI><a href="#[5d]">CAN0_ERR_IRQHandler</a> from startup_zxc400.o(.text) referenced from startup_zxc400.o(RESET)
 <LI><a href="#[5e]">CAN0_MEM_1_ERR_IRQHandler</a> from startup_zxc400.o(.text) referenced from startup_zxc400.o(RESET)
 <LI><a href="#[5f]">CAN0_MEM_2_ERR_IRQHandler</a> from startup_zxc400.o(.text) referenced from startup_zxc400.o(RESET)
 <LI><a href="#[5c]">CAN0_WAKE_UP_IRQHandler</a> from startup_zxc400.o(.text) referenced from startup_zxc400.o(RESET)
 <LI><a href="#[5b]">CAN0_WARN_IRQHandler</a> from startup_zxc400.o(.text) referenced from startup_zxc400.o(RESET)
 <LI><a href="#[62]">CAN1_ERR_IRQHandler</a> from startup_zxc400.o(.text) referenced from startup_zxc400.o(RESET)
 <LI><a href="#[63]">CAN1_MEM_1_ERR_IRQHandler</a> from startup_zxc400.o(.text) referenced from startup_zxc400.o(RESET)
 <LI><a href="#[64]">CAN1_MEM_2_ERR_IRQHandler</a> from startup_zxc400.o(.text) referenced from startup_zxc400.o(RESET)
 <LI><a href="#[61]">CAN1_WAKE_UP_IRQHandler</a> from startup_zxc400.o(.text) referenced from startup_zxc400.o(RESET)
 <LI><a href="#[60]">CAN1_WARN_IRQHandler</a> from startup_zxc400.o(.text) referenced from startup_zxc400.o(RESET)
 <LI><a href="#[67]">CAN2_ERR_IRQHandler</a> from startup_zxc400.o(.text) referenced from startup_zxc400.o(RESET)
 <LI><a href="#[68]">CAN2_MEM_1_ERR_IRQHandler</a> from startup_zxc400.o(.text) referenced from startup_zxc400.o(RESET)
 <LI><a href="#[69]">CAN2_MEM_2_ERR_IRQHandler</a> from startup_zxc400.o(.text) referenced from startup_zxc400.o(RESET)
 <LI><a href="#[66]">CAN2_WAKE_UP_IRQHandler</a> from startup_zxc400.o(.text) referenced from startup_zxc400.o(RESET)
 <LI><a href="#[65]">CAN2_WARN_IRQHandler</a> from startup_zxc400.o(.text) referenced from startup_zxc400.o(RESET)
 <LI><a href="#[6c]">CAN3_ERR_IRQHandler</a> from startup_zxc400.o(.text) referenced from startup_zxc400.o(RESET)
 <LI><a href="#[6d]">CAN3_MEM_1_ERR_IRQHandler</a> from startup_zxc400.o(.text) referenced from startup_zxc400.o(RESET)
 <LI><a href="#[6e]">CAN3_MEM_2_ERR_IRQHandler</a> from startup_zxc400.o(.text) referenced from startup_zxc400.o(RESET)
 <LI><a href="#[6b]">CAN3_WAKE_UP_IRQHandler</a> from startup_zxc400.o(.text) referenced from startup_zxc400.o(RESET)
 <LI><a href="#[6a]">CAN3_WARN_IRQHandler</a> from startup_zxc400.o(.text) referenced from startup_zxc400.o(RESET)
 <LI><a href="#[43]">CCM_IRQHandler</a> from startup_zxc400.o(.text) referenced from startup_zxc400.o(RESET)
 <LI><a href="#[34]">CMP_IRQHandler</a> from startup_zxc400.o(.text) referenced from startup_zxc400.o(RESET)
 <LI><a href="#[a]">DMA0_IRQHandler</a> from edma_irq.o(.text.DMA0_IRQHandler) referenced from startup_zxc400.o(RESET)
 <LI><a href="#[14]">DMA10_IRQHandler</a> from edma_irq.o(.text.DMA10_IRQHandler) referenced from startup_zxc400.o(RESET)
 <LI><a href="#[15]">DMA11_IRQHandler</a> from edma_irq.o(.text.DMA11_IRQHandler) referenced from startup_zxc400.o(RESET)
 <LI><a href="#[16]">DMA12_IRQHandler</a> from edma_irq.o(.text.DMA12_IRQHandler) referenced from startup_zxc400.o(RESET)
 <LI><a href="#[17]">DMA13_IRQHandler</a> from edma_irq.o(.text.DMA13_IRQHandler) referenced from startup_zxc400.o(RESET)
 <LI><a href="#[18]">DMA14_IRQHandler</a> from edma_irq.o(.text.DMA14_IRQHandler) referenced from startup_zxc400.o(RESET)
 <LI><a href="#[19]">DMA15_IRQHandler</a> from edma_irq.o(.text.DMA15_IRQHandler) referenced from startup_zxc400.o(RESET)
 <LI><a href="#[b]">DMA1_IRQHandler</a> from edma_irq.o(.text.DMA1_IRQHandler) referenced from startup_zxc400.o(RESET)
 <LI><a href="#[c]">DMA2_IRQHandler</a> from edma_irq.o(.text.DMA2_IRQHandler) referenced from startup_zxc400.o(RESET)
 <LI><a href="#[d]">DMA3_IRQHandler</a> from edma_irq.o(.text.DMA3_IRQHandler) referenced from startup_zxc400.o(RESET)
 <LI><a href="#[e]">DMA4_IRQHandler</a> from edma_irq.o(.text.DMA4_IRQHandler) referenced from startup_zxc400.o(RESET)
 <LI><a href="#[f]">DMA5_IRQHandler</a> from edma_irq.o(.text.DMA5_IRQHandler) referenced from startup_zxc400.o(RESET)
 <LI><a href="#[10]">DMA6_IRQHandler</a> from edma_irq.o(.text.DMA6_IRQHandler) referenced from startup_zxc400.o(RESET)
 <LI><a href="#[11]">DMA7_IRQHandler</a> from edma_irq.o(.text.DMA7_IRQHandler) referenced from startup_zxc400.o(RESET)
 <LI><a href="#[12]">DMA8_IRQHandler</a> from edma_irq.o(.text.DMA8_IRQHandler) referenced from startup_zxc400.o(RESET)
 <LI><a href="#[13]">DMA9_IRQHandler</a> from edma_irq.o(.text.DMA9_IRQHandler) referenced from startup_zxc400.o(RESET)
 <LI><a href="#[1a]">DMA_Error_IRQHandler</a> from edma_irq.o(.text.DMA_Error_IRQHandler) referenced from startup_zxc400.o(RESET)
 <LI><a href="#[7]">DebugMon_Handler</a> from startup_zxc400.o(.text) referenced from startup_zxc400.o(RESET)
 <LI><a href="#[52]">ENET_1_IRQHandler</a> from startup_zxc400.o(.text) referenced from startup_zxc400.o(RESET)
 <LI><a href="#[53]">ENET_2_IRQHandler</a> from startup_zxc400.o(.text) referenced from startup_zxc400.o(RESET)
 <LI><a href="#[54]">ENET_3_IRQHandler</a> from startup_zxc400.o(.text) referenced from startup_zxc400.o(RESET)
 <LI><a href="#[55]">ENET_4_IRQHandler</a> from startup_zxc400.o(.text) referenced from startup_zxc400.o(RESET)
 <LI><a href="#[56]">ENET_5_IRQHandler</a> from startup_zxc400.o(.text) referenced from startup_zxc400.o(RESET)
 <LI><a href="#[57]">ENET_6_IRQHandler</a> from startup_zxc400.o(.text) referenced from startup_zxc400.o(RESET)
 <LI><a href="#[58]">ENET_7_IRQHandler</a> from startup_zxc400.o(.text) referenced from startup_zxc400.o(RESET)
 <LI><a href="#[59]">ENET_8_IRQHandler</a> from startup_zxc400.o(.text) referenced from startup_zxc400.o(RESET)
 <LI><a href="#[1e]">FLASH_CmdDone_IRQHandler</a> from startup_zxc400.o(.text) referenced from startup_zxc400.o(RESET)
 <LI><a href="#[35]">FLASH_FlexRam_ECC_IRQHandler</a> from startup_zxc400.o(.text) referenced from startup_zxc400.o(RESET)
 <LI><a href="#[1c]">FLASH_IRQHandler</a> from startup_zxc400.o(.text) referenced from startup_zxc400.o(RESET)
 <LI><a href="#[1d]">FLASH_MassErase_IRQHandler</a> from startup_zxc400.o(.text) referenced from startup_zxc400.o(RESET)
 <LI><a href="#[4f]">FlexIO0_IRQHandler</a> from startup_zxc400.o(.text) referenced from startup_zxc400.o(RESET)
 <LI><a href="#[50]">FlexIO1_IRQHandler</a> from startup_zxc400.o(.text) referenced from startup_zxc400.o(RESET)
 <LI><a href="#[45]">GPIOA_IRQHandler</a> from startup_zxc400.o(.text) referenced from startup_zxc400.o(RESET)
 <LI><a href="#[46]">GPIOB_IRQHandler</a> from startup_zxc400.o(.text) referenced from startup_zxc400.o(RESET)
 <LI><a href="#[47]">GPIOC_IRQHandler</a> from startup_zxc400.o(.text) referenced from startup_zxc400.o(RESET)
 <LI><a href="#[48]">GPIOD_IRQHandler</a> from startup_zxc400.o(.text) referenced from startup_zxc400.o(RESET)
 <LI><a href="#[49]">GPIOE_IRQHandler</a> from startup_zxc400.o(.text) referenced from startup_zxc400.o(RESET)
 <LI><a href="#[70]">GPTIM16_0_IRQHandler</a> from startup_zxc400.o(.text) referenced from startup_zxc400.o(RESET)
 <LI><a href="#[71]">GPTIM16_1_IRQHandler</a> from startup_zxc400.o(.text) referenced from startup_zxc400.o(RESET)
 <LI><a href="#[72]">GPTIM16_2_IRQHandler</a> from startup_zxc400.o(.text) referenced from startup_zxc400.o(RESET)
 <LI><a href="#[73]">GPTIM16_3_IRQHandler</a> from startup_zxc400.o(.text) referenced from startup_zxc400.o(RESET)
 <LI><a href="#[74]">GPTIM32_0_IRQHandler</a> from startup_zxc400.o(.text) referenced from startup_zxc400.o(RESET)
 <LI><a href="#[75]">GPTIM32_1_IRQHandler</a> from startup_zxc400.o(.text) referenced from startup_zxc400.o(RESET)
 <LI><a href="#[2]">HardFault_Handler</a> from startup_zxc400.o(.text) referenced from startup_zxc400.o(RESET)
 <LI><a href="#[20]">IWDOG_IRQHandler</a> from startup_zxc400.o(.text) referenced from startup_zxc400.o(RESET)
 <LI><a href="#[23]">LPI2C0_Master_IRQHandler</a> from lpi2c_irq.o(.text.LPI2C0_Master_IRQHandler) referenced from startup_zxc400.o(RESET)
 <LI><a href="#[24]">LPI2C0_Slave_IRQHandler</a> from lpi2c_irq.o(.text.LPI2C0_Slave_IRQHandler) referenced from startup_zxc400.o(RESET)
 <LI><a href="#[25]">LPI2C1_Master_IRQHandler</a> from lpi2c_irq.o(.text.LPI2C1_Master_IRQHandler) referenced from startup_zxc400.o(RESET)
 <LI><a href="#[26]">LPI2C1_Slave_IRQHandler</a> from lpi2c_irq.o(.text.LPI2C1_Slave_IRQHandler) referenced from startup_zxc400.o(RESET)
 <LI><a href="#[4c]">LPI2C2_IRQHandler</a> from startup_zxc400.o(.text) referenced from startup_zxc400.o(RESET)
 <LI><a href="#[4d]">LPI2C3_IRQHandler</a> from startup_zxc400.o(.text) referenced from startup_zxc400.o(RESET)
 <LI><a href="#[27]">LPSPI0_IRQHandler</a> from startup_zxc400.o(.text) referenced from startup_zxc400.o(RESET)
 <LI><a href="#[28]">LPSPI1_IRQHandler</a> from startup_zxc400.o(.text) referenced from startup_zxc400.o(RESET)
 <LI><a href="#[29]">LPSPI2_IRQHandler</a> from startup_zxc400.o(.text) referenced from startup_zxc400.o(RESET)
 <LI><a href="#[2a]">LPUART0_IRQHandler</a> from lpuart_driver.o(.text.LPUART0_IRQHandler) referenced from lpuart_driver.o(.data.g_lpuart_Isrs)
 <LI><a href="#[2a]">LPUART0_IRQHandler</a> from lpuart_driver.o(.text.LPUART0_IRQHandler) referenced from startup_zxc400.o(RESET)
 <LI><a href="#[2b]">LPUART1_IRQHandler</a> from lpuart_driver.o(.text.LPUART1_IRQHandler) referenced from lpuart_driver.o(.data.g_lpuart_Isrs)
 <LI><a href="#[2b]">LPUART1_IRQHandler</a> from lpuart_driver.o(.text.LPUART1_IRQHandler) referenced from startup_zxc400.o(RESET)
 <LI><a href="#[2c]">LPUART2_IRQHandler</a> from lpuart_driver.o(.text.LPUART2_IRQHandler) referenced from lpuart_driver.o(.data.g_lpuart_Isrs)
 <LI><a href="#[2c]">LPUART2_IRQHandler</a> from lpuart_driver.o(.text.LPUART2_IRQHandler) referenced from startup_zxc400.o(RESET)
 <LI><a href="#[2d]">LPUART3_IRQHandler</a> from lpuart_driver.o(.text.LPUART3_IRQHandler) referenced from lpuart_driver.o(.data.g_lpuart_Isrs)
 <LI><a href="#[2d]">LPUART3_IRQHandler</a> from lpuart_driver.o(.text.LPUART3_IRQHandler) referenced from startup_zxc400.o(RESET)
 <LI><a href="#[2e]">LPUART4_IRQHandler</a> from lpuart_driver.o(.text.LPUART4_IRQHandler) referenced from lpuart_driver.o(.data.g_lpuart_Isrs)
 <LI><a href="#[2e]">LPUART4_IRQHandler</a> from lpuart_driver.o(.text.LPUART4_IRQHandler) referenced from startup_zxc400.o(RESET)
 <LI><a href="#[2f]">LPUART5_IRQHandler</a> from lpuart_driver.o(.text.LPUART5_IRQHandler) referenced from lpuart_driver.o(.data.g_lpuart_Isrs)
 <LI><a href="#[2f]">LPUART5_IRQHandler</a> from lpuart_driver.o(.text.LPUART5_IRQHandler) referenced from startup_zxc400.o(RESET)
 <LI><a href="#[30]">LPUART6_IRQHandler</a> from lpuart_driver.o(.text.LPUART6_IRQHandler) referenced from lpuart_driver.o(.data.g_lpuart_Isrs)
 <LI><a href="#[30]">LPUART6_IRQHandler</a> from lpuart_driver.o(.text.LPUART6_IRQHandler) referenced from startup_zxc400.o(RESET)
 <LI><a href="#[31]">LPUART7_IRQHandler</a> from lpuart_driver.o(.text.LPUART7_IRQHandler) referenced from lpuart_driver.o(.data.g_lpuart_Isrs)
 <LI><a href="#[31]">LPUART7_IRQHandler</a> from lpuart_driver.o(.text.LPUART7_IRQHandler) referenced from startup_zxc400.o(RESET)
 <LI><a href="#[1f]">LVD_IRQHandler</a> from startup_zxc400.o(.text) referenced from startup_zxc400.o(RESET)
 <LI><a href="#[1b]">MCM_IRQHandler</a> from startup_zxc400.o(.text) referenced from startup_zxc400.o(RESET)
 <LI><a href="#[3]">MemManage_Handler</a> from startup_zxc400.o(.text) referenced from startup_zxc400.o(RESET)
 <LI><a href="#[1]">NMI_Handler</a> from startup_zxc400.o(.text) referenced from startup_zxc400.o(RESET)
 <LI><a href="#[8]">PendSV_Handler</a> from startup_zxc400.o(.text) referenced from startup_zxc400.o(RESET)
 <LI><a href="#[4b]">QSPI_IRQHandler</a> from startup_zxc400.o(.text) referenced from startup_zxc400.o(RESET)
 <LI><a href="#[38]">RTC_ALM_IRQHandler</a> from startup_zxc400.o(.text) referenced from startup_zxc400.o(RESET)
 <LI><a href="#[39]">RTC_IRQHandler</a> from startup_zxc400.o(.text) referenced from startup_zxc400.o(RESET)
 <LI><a href="#[6f]">Reserved101_IRQHandler</a> from startup_zxc400.o(.text) referenced from startup_zxc400.o(RESET)
 <LI><a href="#[7e]">Reserved116_IRQHandler</a> from startup_zxc400.o(.text) referenced from startup_zxc400.o(RESET)
 <LI><a href="#[7f]">Reserved117_IRQHandler</a> from startup_zxc400.o(.text) referenced from startup_zxc400.o(RESET)
 <LI><a href="#[80]">Reserved118_IRQHandler</a> from startup_zxc400.o(.text) referenced from startup_zxc400.o(RESET)
 <LI><a href="#[3e]">Reserved52_IRQHandler</a> from startup_zxc400.o(.text) referenced from startup_zxc400.o(RESET)
 <LI><a href="#[3f]">Reserved53_IRQHandler</a> from startup_zxc400.o(.text) referenced from startup_zxc400.o(RESET)
 <LI><a href="#[41]">Reserved55_IRQHandler</a> from startup_zxc400.o(.text) referenced from startup_zxc400.o(RESET)
 <LI><a href="#[42]">Reserved56_IRQHandler</a> from startup_zxc400.o(.text) referenced from startup_zxc400.o(RESET)
 <LI><a href="#[44]">Reserved58_IRQHandler</a> from startup_zxc400.o(.text) referenced from startup_zxc400.o(RESET)
 <LI><a href="#[4a]">Reserved64_IRQHandler</a> from startup_zxc400.o(.text) referenced from startup_zxc400.o(RESET)
 <LI><a href="#[4e]">Reserved68_IRQHandler</a> from startup_zxc400.o(.text) referenced from startup_zxc400.o(RESET)
 <LI><a href="#[51]">Reserved71_IRQHandler</a> from startup_zxc400.o(.text) referenced from startup_zxc400.o(RESET)
 <LI><a href="#[5a]">Reserved80_IRQHandler</a> from startup_zxc400.o(.text) referenced from startup_zxc400.o(RESET)
 <LI><a href="#[0]">Reset_Handler</a> from startup_zxc400.o(.text) referenced from startup_zxc400.o(RESET)
 <LI><a href="#[40]">SPM_IRQHandler</a> from startup_zxc400.o(.text) referenced from startup_zxc400.o(RESET)
 <LI><a href="#[22]">SRC_IRQHandler</a> from startup_zxc400.o(.text) referenced from startup_zxc400.o(RESET)
 <LI><a href="#[6]">SVC_Handler</a> from startup_zxc400.o(.text) referenced from startup_zxc400.o(RESET)
 <LI><a href="#[36]">Sram_1_ECC_IRQHandler</a> from startup_zxc400.o(.text) referenced from startup_zxc400.o(RESET)
 <LI><a href="#[37]">Sram_2_ECC_IRQHandler</a> from startup_zxc400.o(.text) referenced from startup_zxc400.o(RESET)
 <LI><a href="#[9]">SysTick_Handler</a> from startup_zxc400.o(.text) referenced from startup_zxc400.o(RESET)
 <LI><a href="#[81]">SystemInit</a> from system_zxc400.o(.text.SystemInit) referenced from startup_zxc400.o(.text)
 <LI><a href="#[5]">UsageFault_Handler</a> from startup_zxc400.o(.text) referenced from startup_zxc400.o(RESET)
 <LI><a href="#[21]">WWDOG_IRQHandler</a> from startup_zxc400.o(.text) referenced from startup_zxc400.o(RESET)
 <LI><a href="#[83]">__main</a> from __main.o(!!!main) referenced from startup_zxc400.o(.text)
 <LI><a href="#[86]">_get_lc_ctype</a> from lc_ctype_c.o(locale$$code) referenced from rt_ctype_table.o(.text)
 <LI><a href="#[85]">_printf_input_char</a> from _printf_char_common.o(.text) referenced from _printf_char_common.o(.text)
 <LI><a href="#[84]">_snputc</a> from _snputc.o(.text) referenced from vsnprintf.o(.text)
 <LI><a href="#[82]">init_data_bss</a> from startup.o(.text.init_data_bss) referenced from startup_zxc400.o(.text)
</UL>
<P>
<H3>
Global Symbols
</H3>
<P><STRONG><a name="[83]"></a>__main</STRONG> (Thumb, 8 bytes, Stack size 0 bytes, __main.o(!!!main))
<BR><BR>[Calls]<UL><LI><a href="#[88]">&gt;&gt;</a>&nbsp;&nbsp;&nbsp;__rt_entry
<LI><a href="#[87]">&gt;&gt;</a>&nbsp;&nbsp;&nbsp;__scatterload
</UL>
<BR>[Address Reference Count : 1]<UL><LI> startup_zxc400.o(.text)
</UL>
<P><STRONG><a name="[87]"></a>__scatterload</STRONG> (Thumb, 0 bytes, Stack size unknown bytes, __scatter.o(!!!scatter))
<BR><BR>[Called By]<UL><LI><a href="#[83]">&gt;&gt;</a>&nbsp;&nbsp;&nbsp;__main
</UL>

<P><STRONG><a name="[89]"></a>__scatterload_rt2</STRONG> (Thumb, 44 bytes, Stack size unknown bytes, __scatter.o(!!!scatter), UNUSED)
<BR><BR>[Calls]<UL><LI><a href="#[88]">&gt;&gt;</a>&nbsp;&nbsp;&nbsp;__rt_entry
</UL>

<P><STRONG><a name="[1ac]"></a>__scatterload_rt2_thumb_only</STRONG> (Thumb, 0 bytes, Stack size unknown bytes, __scatter.o(!!!scatter), UNUSED)

<P><STRONG><a name="[1ad]"></a>__scatterload_null</STRONG> (Thumb, 0 bytes, Stack size unknown bytes, __scatter.o(!!!scatter), UNUSED)

<P><STRONG><a name="[8a]"></a>__scatterload_copy</STRONG> (Thumb, 26 bytes, Stack size unknown bytes, __scatter_copy.o(!!handler_copy), UNUSED)
<BR><BR>[Calls]<UL><LI><a href="#[8a]">&gt;&gt;</a>&nbsp;&nbsp;&nbsp;__scatterload_copy
</UL>
<BR>[Called By]<UL><LI><a href="#[8a]">&gt;&gt;</a>&nbsp;&nbsp;&nbsp;__scatterload_copy
</UL>

<P><STRONG><a name="[1ae]"></a>__scatterload_zeroinit</STRONG> (Thumb, 28 bytes, Stack size unknown bytes, __scatter_zi.o(!!handler_zi), UNUSED)

<P><STRONG><a name="[8b]"></a>_printf_n</STRONG> (Thumb, 0 bytes, Stack size unknown bytes, _printf_n.o(.ARM.Collect$$_printf_percent$$00000001))
<BR><BR>[Calls]<UL><LI><a href="#[8c]">&gt;&gt;</a>&nbsp;&nbsp;&nbsp;_printf_charcount
</UL>

<P><STRONG><a name="[cb]"></a>_printf_percent</STRONG> (Thumb, 0 bytes, Stack size unknown bytes, _printf_percent.o(.ARM.Collect$$_printf_percent$$00000000))
<BR><BR>[Called By]<UL><LI><a href="#[c4]">&gt;&gt;</a>&nbsp;&nbsp;&nbsp;__printf
</UL>

<P><STRONG><a name="[8d]"></a>_printf_p</STRONG> (Thumb, 0 bytes, Stack size unknown bytes, _printf_p.o(.ARM.Collect$$_printf_percent$$00000002))
<BR><BR>[Stack]<UL><LI>Max Depth = 64 + Unknown Stack Size
<LI>Call Chain = _printf_p &rArr; _printf_hex_ptr &rArr; _printf_longlong_hex &rArr; _printf_int_common &rArr; _printf_post_padding
</UL>
<BR>[Calls]<UL><LI><a href="#[8e]">&gt;&gt;</a>&nbsp;&nbsp;&nbsp;_printf_hex_ptr
</UL>

<P><STRONG><a name="[8f]"></a>_printf_f</STRONG> (Thumb, 0 bytes, Stack size unknown bytes, _printf_f.o(.ARM.Collect$$_printf_percent$$00000003))
<BR><BR>[Stack]<UL><LI>Max Depth = 324 + Unknown Stack Size
<LI>Call Chain = _printf_f &rArr; _printf_fp_dec &rArr; _printf_fp_dec_real &rArr; _fp_digits &rArr; _btod_etento &rArr; _btod_emul &rArr; _e2e
</UL>
<BR>[Calls]<UL><LI><a href="#[90]">&gt;&gt;</a>&nbsp;&nbsp;&nbsp;_printf_fp_dec
</UL>

<P><STRONG><a name="[91]"></a>_printf_e</STRONG> (Thumb, 0 bytes, Stack size unknown bytes, _printf_e.o(.ARM.Collect$$_printf_percent$$00000004))
<BR><BR>[Stack]<UL><LI>Max Depth = 324 + Unknown Stack Size
<LI>Call Chain = _printf_e &rArr; _printf_fp_dec &rArr; _printf_fp_dec_real &rArr; _fp_digits &rArr; _btod_etento &rArr; _btod_emul &rArr; _e2e
</UL>
<BR>[Calls]<UL><LI><a href="#[90]">&gt;&gt;</a>&nbsp;&nbsp;&nbsp;_printf_fp_dec
</UL>

<P><STRONG><a name="[92]"></a>_printf_g</STRONG> (Thumb, 0 bytes, Stack size unknown bytes, _printf_g.o(.ARM.Collect$$_printf_percent$$00000005))
<BR><BR>[Stack]<UL><LI>Max Depth = 324 + Unknown Stack Size
<LI>Call Chain = _printf_g &rArr; _printf_fp_dec &rArr; _printf_fp_dec_real &rArr; _fp_digits &rArr; _btod_etento &rArr; _btod_emul &rArr; _e2e
</UL>
<BR>[Calls]<UL><LI><a href="#[90]">&gt;&gt;</a>&nbsp;&nbsp;&nbsp;_printf_fp_dec
</UL>

<P><STRONG><a name="[93]"></a>_printf_a</STRONG> (Thumb, 0 bytes, Stack size unknown bytes, _printf_a.o(.ARM.Collect$$_printf_percent$$00000006))
<BR><BR>[Stack]<UL><LI>Max Depth = 112 + Unknown Stack Size
<LI>Call Chain = _printf_a &rArr; _printf_fp_hex &rArr; _printf_fp_hex_real &rArr; _printf_fp_infnan &rArr; _printf_post_padding
</UL>
<BR>[Calls]<UL><LI><a href="#[94]">&gt;&gt;</a>&nbsp;&nbsp;&nbsp;_printf_fp_hex
</UL>

<P><STRONG><a name="[1af]"></a>_printf_ll</STRONG> (Thumb, 0 bytes, Stack size unknown bytes, _printf_ll.o(.ARM.Collect$$_printf_percent$$00000007))

<P><STRONG><a name="[95]"></a>_printf_i</STRONG> (Thumb, 0 bytes, Stack size unknown bytes, _printf_i.o(.ARM.Collect$$_printf_percent$$00000008))
<BR><BR>[Stack]<UL><LI>Max Depth = 72 + Unknown Stack Size
<LI>Call Chain = _printf_i &rArr; _printf_int_dec &rArr; _printf_int_common &rArr; _printf_post_padding
</UL>
<BR>[Calls]<UL><LI><a href="#[96]">&gt;&gt;</a>&nbsp;&nbsp;&nbsp;_printf_int_dec
</UL>

<P><STRONG><a name="[97]"></a>_printf_d</STRONG> (Thumb, 0 bytes, Stack size unknown bytes, _printf_d.o(.ARM.Collect$$_printf_percent$$00000009))
<BR><BR>[Stack]<UL><LI>Max Depth = 72 + Unknown Stack Size
<LI>Call Chain = _printf_d &rArr; _printf_int_dec &rArr; _printf_int_common &rArr; _printf_post_padding
</UL>
<BR>[Calls]<UL><LI><a href="#[96]">&gt;&gt;</a>&nbsp;&nbsp;&nbsp;_printf_int_dec
</UL>

<P><STRONG><a name="[98]"></a>_printf_u</STRONG> (Thumb, 0 bytes, Stack size unknown bytes, _printf_u.o(.ARM.Collect$$_printf_percent$$0000000A))
<BR><BR>[Stack]<UL><LI>Max Depth = 72 + Unknown Stack Size
<LI>Call Chain = _printf_u &rArr; _printf_int_dec &rArr; _printf_int_common &rArr; _printf_post_padding
</UL>
<BR>[Calls]<UL><LI><a href="#[96]">&gt;&gt;</a>&nbsp;&nbsp;&nbsp;_printf_int_dec
</UL>

<P><STRONG><a name="[99]"></a>_printf_o</STRONG> (Thumb, 0 bytes, Stack size unknown bytes, _printf_o.o(.ARM.Collect$$_printf_percent$$0000000B))
<BR><BR>[Stack]<UL><LI>Max Depth = 64 + Unknown Stack Size
<LI>Call Chain = _printf_o &rArr; _printf_int_oct &rArr; _printf_longlong_oct &rArr; _printf_int_common &rArr; _printf_post_padding
</UL>
<BR>[Calls]<UL><LI><a href="#[9a]">&gt;&gt;</a>&nbsp;&nbsp;&nbsp;_printf_int_oct
</UL>

<P><STRONG><a name="[9b]"></a>_printf_x</STRONG> (Thumb, 0 bytes, Stack size unknown bytes, _printf_x.o(.ARM.Collect$$_printf_percent$$0000000C))
<BR><BR>[Stack]<UL><LI>Max Depth = 80 + Unknown Stack Size
<LI>Call Chain = _printf_x &rArr; _printf_int_hex &rArr; _printf_longlong_hex &rArr; _printf_int_common &rArr; _printf_post_padding
</UL>
<BR>[Calls]<UL><LI><a href="#[9c]">&gt;&gt;</a>&nbsp;&nbsp;&nbsp;_printf_int_hex
</UL>

<P><STRONG><a name="[9d]"></a>_printf_lli</STRONG> (Thumb, 0 bytes, Stack size unknown bytes, _printf_lli.o(.ARM.Collect$$_printf_percent$$0000000D))
<BR><BR>[Stack]<UL><LI>Max Depth = 72 + Unknown Stack Size
<LI>Call Chain = _printf_lli &rArr; _printf_longlong_dec &rArr; _printf_int_common &rArr; _printf_post_padding
</UL>
<BR>[Calls]<UL><LI><a href="#[9e]">&gt;&gt;</a>&nbsp;&nbsp;&nbsp;_printf_longlong_dec
</UL>

<P><STRONG><a name="[9f]"></a>_printf_lld</STRONG> (Thumb, 0 bytes, Stack size unknown bytes, _printf_lld.o(.ARM.Collect$$_printf_percent$$0000000E))
<BR><BR>[Stack]<UL><LI>Max Depth = 72 + Unknown Stack Size
<LI>Call Chain = _printf_lld &rArr; _printf_longlong_dec &rArr; _printf_int_common &rArr; _printf_post_padding
</UL>
<BR>[Calls]<UL><LI><a href="#[9e]">&gt;&gt;</a>&nbsp;&nbsp;&nbsp;_printf_longlong_dec
</UL>

<P><STRONG><a name="[a0]"></a>_printf_llu</STRONG> (Thumb, 0 bytes, Stack size unknown bytes, _printf_llu.o(.ARM.Collect$$_printf_percent$$0000000F))
<BR><BR>[Stack]<UL><LI>Max Depth = 72 + Unknown Stack Size
<LI>Call Chain = _printf_llu &rArr; _printf_longlong_dec &rArr; _printf_int_common &rArr; _printf_post_padding
</UL>
<BR>[Calls]<UL><LI><a href="#[9e]">&gt;&gt;</a>&nbsp;&nbsp;&nbsp;_printf_longlong_dec
</UL>

<P><STRONG><a name="[a1]"></a>_printf_llo</STRONG> (Thumb, 0 bytes, Stack size unknown bytes, _printf_llo.o(.ARM.Collect$$_printf_percent$$00000010))
<BR><BR>[Stack]<UL><LI>Max Depth = 56 + Unknown Stack Size
<LI>Call Chain = _printf_llo &rArr; _printf_ll_oct &rArr; _printf_longlong_oct &rArr; _printf_int_common &rArr; _printf_post_padding
</UL>
<BR>[Calls]<UL><LI><a href="#[a2]">&gt;&gt;</a>&nbsp;&nbsp;&nbsp;_printf_ll_oct
</UL>

<P><STRONG><a name="[a3]"></a>_printf_llx</STRONG> (Thumb, 0 bytes, Stack size unknown bytes, _printf_llx.o(.ARM.Collect$$_printf_percent$$00000011))
<BR><BR>[Stack]<UL><LI>Max Depth = 64 + Unknown Stack Size
<LI>Call Chain = _printf_llx &rArr; _printf_ll_hex &rArr; _printf_longlong_hex &rArr; _printf_int_common &rArr; _printf_post_padding
</UL>
<BR>[Calls]<UL><LI><a href="#[a4]">&gt;&gt;</a>&nbsp;&nbsp;&nbsp;_printf_ll_hex
</UL>

<P><STRONG><a name="[1b0]"></a>_printf_l</STRONG> (Thumb, 0 bytes, Stack size unknown bytes, _printf_l.o(.ARM.Collect$$_printf_percent$$00000012))

<P><STRONG><a name="[a5]"></a>_printf_c</STRONG> (Thumb, 0 bytes, Stack size unknown bytes, _printf_c.o(.ARM.Collect$$_printf_percent$$00000013))
<BR><BR>[Stack]<UL><LI>Max Depth = 40 + Unknown Stack Size
<LI>Call Chain = _printf_c &rArr; _printf_char &rArr; _printf_cs_common &rArr; _printf_str &rArr; _printf_post_padding
</UL>
<BR>[Calls]<UL><LI><a href="#[a6]">&gt;&gt;</a>&nbsp;&nbsp;&nbsp;_printf_char
</UL>

<P><STRONG><a name="[a7]"></a>_printf_s</STRONG> (Thumb, 0 bytes, Stack size unknown bytes, _printf_s.o(.ARM.Collect$$_printf_percent$$00000014))
<BR><BR>[Stack]<UL><LI>Max Depth = 40 + Unknown Stack Size
<LI>Call Chain = _printf_s &rArr; _printf_string &rArr; _printf_cs_common &rArr; _printf_str &rArr; _printf_post_padding
</UL>
<BR>[Calls]<UL><LI><a href="#[a8]">&gt;&gt;</a>&nbsp;&nbsp;&nbsp;_printf_string
</UL>

<P><STRONG><a name="[a9]"></a>_printf_lc</STRONG> (Thumb, 0 bytes, Stack size unknown bytes, _printf_lc.o(.ARM.Collect$$_printf_percent$$00000015))
<BR><BR>[Stack]<UL><LI>Max Depth = 88 + Unknown Stack Size
<LI>Call Chain = _printf_lc &rArr; _printf_wchar &rArr; _printf_lcs_common &rArr; _printf_wctomb &rArr; _wcrtomb
</UL>
<BR>[Calls]<UL><LI><a href="#[aa]">&gt;&gt;</a>&nbsp;&nbsp;&nbsp;_printf_wchar
</UL>

<P><STRONG><a name="[ab]"></a>_printf_ls</STRONG> (Thumb, 0 bytes, Stack size unknown bytes, _printf_ls.o(.ARM.Collect$$_printf_percent$$00000016))
<BR><BR>[Stack]<UL><LI>Max Depth = 88 + Unknown Stack Size
<LI>Call Chain = _printf_ls &rArr; _printf_wstring &rArr; _printf_lcs_common &rArr; _printf_wctomb &rArr; _wcrtomb
</UL>
<BR>[Calls]<UL><LI><a href="#[ac]">&gt;&gt;</a>&nbsp;&nbsp;&nbsp;_printf_wstring
</UL>

<P><STRONG><a name="[1b1]"></a>_printf_percent_end</STRONG> (Thumb, 0 bytes, Stack size unknown bytes, _printf_percent_end.o(.ARM.Collect$$_printf_percent$$00000017))

<P><STRONG><a name="[b3]"></a>__rt_lib_init</STRONG> (Thumb, 0 bytes, Stack size unknown bytes, libinit.o(.ARM.Collect$$libinit$$00000000))
<BR><BR>[Called By]<UL><LI><a href="#[b2]">&gt;&gt;</a>&nbsp;&nbsp;&nbsp;__rt_entry_li
</UL>

<P><STRONG><a name="[1b2]"></a>__rt_lib_init_fp_1</STRONG> (Thumb, 0 bytes, Stack size unknown bytes, libinit2.o(.ARM.Collect$$libinit$$00000002))

<P><STRONG><a name="[1b3]"></a>__rt_lib_init_heap_1</STRONG> (Thumb, 0 bytes, Stack size unknown bytes, libinit2.o(.ARM.Collect$$libinit$$0000000A))

<P><STRONG><a name="[ad]"></a>__rt_lib_init_lc_common</STRONG> (Thumb, 0 bytes, Stack size unknown bytes, libinit2.o(.ARM.Collect$$libinit$$0000000F))
<BR><BR>[Calls]<UL><LI><a href="#[ae]">&gt;&gt;</a>&nbsp;&nbsp;&nbsp;__rt_locale
</UL>

<P><STRONG><a name="[1b4]"></a>__rt_lib_init_preinit_1</STRONG> (Thumb, 0 bytes, Stack size unknown bytes, libinit2.o(.ARM.Collect$$libinit$$00000004))

<P><STRONG><a name="[1b5]"></a>__rt_lib_init_rand_1</STRONG> (Thumb, 0 bytes, Stack size unknown bytes, libinit2.o(.ARM.Collect$$libinit$$0000000E))

<P><STRONG><a name="[1b6]"></a>__rt_lib_init_user_alloc_1</STRONG> (Thumb, 0 bytes, Stack size unknown bytes, libinit2.o(.ARM.Collect$$libinit$$0000000C))

<P><STRONG><a name="[1b7]"></a>__rt_lib_init_lc_collate_1</STRONG> (Thumb, 0 bytes, Stack size unknown bytes, libinit2.o(.ARM.Collect$$libinit$$00000011))

<P><STRONG><a name="[af]"></a>__rt_lib_init_lc_ctype_2</STRONG> (Thumb, 0 bytes, Stack size unknown bytes, libinit2.o(.ARM.Collect$$libinit$$00000012))
<BR><BR>[Stack]<UL><LI>Max Depth = 16 + Unknown Stack Size
<LI>Call Chain = __rt_lib_init_lc_ctype_2 &rArr; _get_lc_ctype &rArr; strcmp
</UL>
<BR>[Calls]<UL><LI><a href="#[86]">&gt;&gt;</a>&nbsp;&nbsp;&nbsp;_get_lc_ctype
</UL>

<P><STRONG><a name="[1b8]"></a>__rt_lib_init_lc_ctype_1</STRONG> (Thumb, 0 bytes, Stack size unknown bytes, libinit2.o(.ARM.Collect$$libinit$$00000013))

<P><STRONG><a name="[1b9]"></a>__rt_lib_init_lc_monetary_1</STRONG> (Thumb, 0 bytes, Stack size unknown bytes, libinit2.o(.ARM.Collect$$libinit$$00000015))

<P><STRONG><a name="[b0]"></a>__rt_lib_init_lc_numeric_2</STRONG> (Thumb, 0 bytes, Stack size unknown bytes, libinit2.o(.ARM.Collect$$libinit$$00000016))
<BR><BR>[Stack]<UL><LI>Max Depth = 16 + Unknown Stack Size
<LI>Call Chain = __rt_lib_init_lc_numeric_2 &rArr; _get_lc_numeric &rArr; strcmp
</UL>
<BR>[Calls]<UL><LI><a href="#[b1]">&gt;&gt;</a>&nbsp;&nbsp;&nbsp;_get_lc_numeric
</UL>

<P><STRONG><a name="[1ba]"></a>__rt_lib_init_alloca_1</STRONG> (Thumb, 0 bytes, Stack size unknown bytes, libinit2.o(.ARM.Collect$$libinit$$0000002E))

<P><STRONG><a name="[1bb]"></a>__rt_lib_init_argv_1</STRONG> (Thumb, 0 bytes, Stack size unknown bytes, libinit2.o(.ARM.Collect$$libinit$$0000002C))

<P><STRONG><a name="[1bc]"></a>__rt_lib_init_atexit_1</STRONG> (Thumb, 0 bytes, Stack size unknown bytes, libinit2.o(.ARM.Collect$$libinit$$0000001B))

<P><STRONG><a name="[1bd]"></a>__rt_lib_init_clock_1</STRONG> (Thumb, 0 bytes, Stack size unknown bytes, libinit2.o(.ARM.Collect$$libinit$$00000021))

<P><STRONG><a name="[1be]"></a>__rt_lib_init_cpp_1</STRONG> (Thumb, 0 bytes, Stack size unknown bytes, libinit2.o(.ARM.Collect$$libinit$$00000032))

<P><STRONG><a name="[1bf]"></a>__rt_lib_init_exceptions_1</STRONG> (Thumb, 0 bytes, Stack size unknown bytes, libinit2.o(.ARM.Collect$$libinit$$00000030))

<P><STRONG><a name="[1c0]"></a>__rt_lib_init_fp_trap_1</STRONG> (Thumb, 0 bytes, Stack size unknown bytes, libinit2.o(.ARM.Collect$$libinit$$0000001F))

<P><STRONG><a name="[1c1]"></a>__rt_lib_init_getenv_1</STRONG> (Thumb, 0 bytes, Stack size unknown bytes, libinit2.o(.ARM.Collect$$libinit$$00000023))

<P><STRONG><a name="[1c2]"></a>__rt_lib_init_lc_numeric_1</STRONG> (Thumb, 0 bytes, Stack size unknown bytes, libinit2.o(.ARM.Collect$$libinit$$00000017))

<P><STRONG><a name="[1c3]"></a>__rt_lib_init_lc_time_1</STRONG> (Thumb, 0 bytes, Stack size unknown bytes, libinit2.o(.ARM.Collect$$libinit$$00000019))

<P><STRONG><a name="[1c4]"></a>__rt_lib_init_return</STRONG> (Thumb, 0 bytes, Stack size unknown bytes, libinit2.o(.ARM.Collect$$libinit$$00000033))

<P><STRONG><a name="[1c5]"></a>__rt_lib_init_signal_1</STRONG> (Thumb, 0 bytes, Stack size unknown bytes, libinit2.o(.ARM.Collect$$libinit$$0000001D))

<P><STRONG><a name="[1c6]"></a>__rt_lib_init_stdio_1</STRONG> (Thumb, 0 bytes, Stack size unknown bytes, libinit2.o(.ARM.Collect$$libinit$$00000025))

<P><STRONG><a name="[b8]"></a>__rt_lib_shutdown</STRONG> (Thumb, 0 bytes, Stack size unknown bytes, libshutdown.o(.ARM.Collect$$libshutdown$$00000000))
<BR><BR>[Called By]<UL><LI><a href="#[b7]">&gt;&gt;</a>&nbsp;&nbsp;&nbsp;__rt_exit_ls
</UL>

<P><STRONG><a name="[1c7]"></a>__rt_lib_shutdown_cpp_1</STRONG> (Thumb, 0 bytes, Stack size unknown bytes, libshutdown2.o(.ARM.Collect$$libshutdown$$00000002))

<P><STRONG><a name="[1c8]"></a>__rt_lib_shutdown_fp_trap_1</STRONG> (Thumb, 0 bytes, Stack size unknown bytes, libshutdown2.o(.ARM.Collect$$libshutdown$$00000007))

<P><STRONG><a name="[1c9]"></a>__rt_lib_shutdown_heap_1</STRONG> (Thumb, 0 bytes, Stack size unknown bytes, libshutdown2.o(.ARM.Collect$$libshutdown$$0000000F))

<P><STRONG><a name="[1ca]"></a>__rt_lib_shutdown_return</STRONG> (Thumb, 0 bytes, Stack size unknown bytes, libshutdown2.o(.ARM.Collect$$libshutdown$$00000010))

<P><STRONG><a name="[1cb]"></a>__rt_lib_shutdown_signal_1</STRONG> (Thumb, 0 bytes, Stack size unknown bytes, libshutdown2.o(.ARM.Collect$$libshutdown$$0000000A))

<P><STRONG><a name="[1cc]"></a>__rt_lib_shutdown_stdio_1</STRONG> (Thumb, 0 bytes, Stack size unknown bytes, libshutdown2.o(.ARM.Collect$$libshutdown$$00000004))

<P><STRONG><a name="[1cd]"></a>__rt_lib_shutdown_user_alloc_1</STRONG> (Thumb, 0 bytes, Stack size unknown bytes, libshutdown2.o(.ARM.Collect$$libshutdown$$0000000C))

<P><STRONG><a name="[88]"></a>__rt_entry</STRONG> (Thumb, 0 bytes, Stack size unknown bytes, __rtentry.o(.ARM.Collect$$rtentry$$00000000))
<BR><BR>[Called By]<UL><LI><a href="#[83]">&gt;&gt;</a>&nbsp;&nbsp;&nbsp;__main
<LI><a href="#[89]">&gt;&gt;</a>&nbsp;&nbsp;&nbsp;__scatterload_rt2
</UL>

<P><STRONG><a name="[1ce]"></a>__rt_entry_presh_1</STRONG> (Thumb, 0 bytes, Stack size unknown bytes, __rtentry2.o(.ARM.Collect$$rtentry$$00000002))

<P><STRONG><a name="[1cf]"></a>__rt_entry_sh</STRONG> (Thumb, 0 bytes, Stack size unknown bytes, __rtentry7.o(.ARM.Collect$$rtentry$$00000007))

<P><STRONG><a name="[b2]"></a>__rt_entry_li</STRONG> (Thumb, 0 bytes, Stack size unknown bytes, __rtentry2.o(.ARM.Collect$$rtentry$$0000000A))
<BR><BR>[Calls]<UL><LI><a href="#[b3]">&gt;&gt;</a>&nbsp;&nbsp;&nbsp;__rt_lib_init
</UL>

<P><STRONG><a name="[1d0]"></a>__rt_entry_postsh_1</STRONG> (Thumb, 0 bytes, Stack size unknown bytes, __rtentry2.o(.ARM.Collect$$rtentry$$00000009))

<P><STRONG><a name="[b4]"></a>__rt_entry_main</STRONG> (Thumb, 0 bytes, Stack size unknown bytes, __rtentry2.o(.ARM.Collect$$rtentry$$0000000D))
<BR><BR>[Stack]<UL><LI>Max Depth = 512 + Unknown Stack Size
<LI>Call Chain = __rt_entry_main &rArr; main &rArr; I2C_Master_Init &rArr; log_printf &rArr; vsnprintf &rArr; _printf_char_common &rArr; __printf
</UL>
<BR>[Calls]<UL><LI><a href="#[b5]">&gt;&gt;</a>&nbsp;&nbsp;&nbsp;main
<LI><a href="#[b6]">&gt;&gt;</a>&nbsp;&nbsp;&nbsp;exit
</UL>

<P><STRONG><a name="[1d1]"></a>__rt_entry_postli_1</STRONG> (Thumb, 0 bytes, Stack size unknown bytes, __rtentry2.o(.ARM.Collect$$rtentry$$0000000C))

<P><STRONG><a name="[d9]"></a>__rt_exit</STRONG> (Thumb, 0 bytes, Stack size unknown bytes, rtexit.o(.ARM.Collect$$rtexit$$00000000))
<BR><BR>[Called By]<UL><LI><a href="#[b6]">&gt;&gt;</a>&nbsp;&nbsp;&nbsp;exit
</UL>

<P><STRONG><a name="[b7]"></a>__rt_exit_ls</STRONG> (Thumb, 0 bytes, Stack size unknown bytes, rtexit2.o(.ARM.Collect$$rtexit$$00000003))
<BR><BR>[Calls]<UL><LI><a href="#[b8]">&gt;&gt;</a>&nbsp;&nbsp;&nbsp;__rt_lib_shutdown
</UL>

<P><STRONG><a name="[1d2]"></a>__rt_exit_prels_1</STRONG> (Thumb, 0 bytes, Stack size unknown bytes, rtexit2.o(.ARM.Collect$$rtexit$$00000002))

<P><STRONG><a name="[b9]"></a>__rt_exit_exit</STRONG> (Thumb, 0 bytes, Stack size unknown bytes, rtexit2.o(.ARM.Collect$$rtexit$$00000004))
<BR><BR>[Calls]<UL><LI><a href="#[ba]">&gt;&gt;</a>&nbsp;&nbsp;&nbsp;_sys_exit
</UL>

<P><STRONG><a name="[0]"></a>Reset_Handler</STRONG> (Thumb, 56 bytes, Stack size 0 bytes, startup_zxc400.o(.text))
<BR>[Address Reference Count : 1]<UL><LI> startup_zxc400.o(RESET)
</UL>
<P><STRONG><a name="[1]"></a>NMI_Handler</STRONG> (Thumb, 2 bytes, Stack size 0 bytes, startup_zxc400.o(.text))
<BR><BR>[Calls]<UL><LI><a href="#[1]">&gt;&gt;</a>&nbsp;&nbsp;&nbsp;NMI_Handler
</UL>
<BR>[Called By]<UL><LI><a href="#[1]">&gt;&gt;</a>&nbsp;&nbsp;&nbsp;NMI_Handler
</UL>
<BR>[Address Reference Count : 1]<UL><LI> startup_zxc400.o(RESET)
</UL>
<P><STRONG><a name="[2]"></a>HardFault_Handler</STRONG> (Thumb, 2 bytes, Stack size 0 bytes, startup_zxc400.o(.text))
<BR><BR>[Calls]<UL><LI><a href="#[2]">&gt;&gt;</a>&nbsp;&nbsp;&nbsp;HardFault_Handler
</UL>
<BR>[Called By]<UL><LI><a href="#[2]">&gt;&gt;</a>&nbsp;&nbsp;&nbsp;HardFault_Handler
</UL>
<BR>[Address Reference Count : 1]<UL><LI> startup_zxc400.o(RESET)
</UL>
<P><STRONG><a name="[3]"></a>MemManage_Handler</STRONG> (Thumb, 2 bytes, Stack size 0 bytes, startup_zxc400.o(.text))
<BR><BR>[Calls]<UL><LI><a href="#[3]">&gt;&gt;</a>&nbsp;&nbsp;&nbsp;MemManage_Handler
</UL>
<BR>[Called By]<UL><LI><a href="#[3]">&gt;&gt;</a>&nbsp;&nbsp;&nbsp;MemManage_Handler
</UL>
<BR>[Address Reference Count : 1]<UL><LI> startup_zxc400.o(RESET)
</UL>
<P><STRONG><a name="[4]"></a>BusFault_Handler</STRONG> (Thumb, 2 bytes, Stack size 0 bytes, startup_zxc400.o(.text))
<BR><BR>[Calls]<UL><LI><a href="#[4]">&gt;&gt;</a>&nbsp;&nbsp;&nbsp;BusFault_Handler
</UL>
<BR>[Called By]<UL><LI><a href="#[4]">&gt;&gt;</a>&nbsp;&nbsp;&nbsp;BusFault_Handler
</UL>
<BR>[Address Reference Count : 1]<UL><LI> startup_zxc400.o(RESET)
</UL>
<P><STRONG><a name="[5]"></a>UsageFault_Handler</STRONG> (Thumb, 2 bytes, Stack size 0 bytes, startup_zxc400.o(.text))
<BR><BR>[Calls]<UL><LI><a href="#[5]">&gt;&gt;</a>&nbsp;&nbsp;&nbsp;UsageFault_Handler
</UL>
<BR>[Called By]<UL><LI><a href="#[5]">&gt;&gt;</a>&nbsp;&nbsp;&nbsp;UsageFault_Handler
</UL>
<BR>[Address Reference Count : 1]<UL><LI> startup_zxc400.o(RESET)
</UL>
<P><STRONG><a name="[6]"></a>SVC_Handler</STRONG> (Thumb, 2 bytes, Stack size 0 bytes, startup_zxc400.o(.text))
<BR><BR>[Calls]<UL><LI><a href="#[6]">&gt;&gt;</a>&nbsp;&nbsp;&nbsp;SVC_Handler
</UL>
<BR>[Called By]<UL><LI><a href="#[6]">&gt;&gt;</a>&nbsp;&nbsp;&nbsp;SVC_Handler
</UL>
<BR>[Address Reference Count : 1]<UL><LI> startup_zxc400.o(RESET)
</UL>
<P><STRONG><a name="[7]"></a>DebugMon_Handler</STRONG> (Thumb, 2 bytes, Stack size 0 bytes, startup_zxc400.o(.text))
<BR><BR>[Calls]<UL><LI><a href="#[7]">&gt;&gt;</a>&nbsp;&nbsp;&nbsp;DebugMon_Handler
</UL>
<BR>[Called By]<UL><LI><a href="#[7]">&gt;&gt;</a>&nbsp;&nbsp;&nbsp;DebugMon_Handler
</UL>
<BR>[Address Reference Count : 1]<UL><LI> startup_zxc400.o(RESET)
</UL>
<P><STRONG><a name="[8]"></a>PendSV_Handler</STRONG> (Thumb, 2 bytes, Stack size 0 bytes, startup_zxc400.o(.text))
<BR><BR>[Calls]<UL><LI><a href="#[8]">&gt;&gt;</a>&nbsp;&nbsp;&nbsp;PendSV_Handler
</UL>
<BR>[Called By]<UL><LI><a href="#[8]">&gt;&gt;</a>&nbsp;&nbsp;&nbsp;PendSV_Handler
</UL>
<BR>[Address Reference Count : 1]<UL><LI> startup_zxc400.o(RESET)
</UL>
<P><STRONG><a name="[9]"></a>SysTick_Handler</STRONG> (Thumb, 2 bytes, Stack size 0 bytes, startup_zxc400.o(.text))
<BR><BR>[Calls]<UL><LI><a href="#[9]">&gt;&gt;</a>&nbsp;&nbsp;&nbsp;SysTick_Handler
</UL>
<BR>[Called By]<UL><LI><a href="#[9]">&gt;&gt;</a>&nbsp;&nbsp;&nbsp;SysTick_Handler
</UL>
<BR>[Address Reference Count : 1]<UL><LI> startup_zxc400.o(RESET)
</UL>
<P><STRONG><a name="[32]"></a>ADC0_IRQHandler</STRONG> (Thumb, 0 bytes, Stack size 0 bytes, startup_zxc400.o(.text))
<BR><BR>[Calls]<UL><LI><a href="#[32]">&gt;&gt;</a>&nbsp;&nbsp;&nbsp;ADC0_IRQHandler
</UL>
<BR>[Called By]<UL><LI><a href="#[32]">&gt;&gt;</a>&nbsp;&nbsp;&nbsp;ADC0_IRQHandler
</UL>
<BR>[Address Reference Count : 1]<UL><LI> startup_zxc400.o(RESET)
</UL>
<P><STRONG><a name="[33]"></a>ADC1_IRQHandler</STRONG> (Thumb, 0 bytes, Stack size 0 bytes, startup_zxc400.o(.text))
<BR>[Address Reference Count : 1]<UL><LI> startup_zxc400.o(RESET)
</UL>
<P><STRONG><a name="[3d]"></a>ADCETC_ERR_IRQHandler</STRONG> (Thumb, 0 bytes, Stack size 0 bytes, startup_zxc400.o(.text))
<BR>[Address Reference Count : 1]<UL><LI> startup_zxc400.o(RESET)
</UL>
<P><STRONG><a name="[3c]"></a>ADCETC_IRQHandler</STRONG> (Thumb, 0 bytes, Stack size 0 bytes, startup_zxc400.o(.text))
<BR>[Address Reference Count : 1]<UL><LI> startup_zxc400.o(RESET)
</UL>
<P><STRONG><a name="[77]"></a>ATIM0_CAPT_CMP_IRQHandler</STRONG> (Thumb, 0 bytes, Stack size 0 bytes, startup_zxc400.o(.text))
<BR>[Address Reference Count : 1]<UL><LI> startup_zxc400.o(RESET)
</UL>
<P><STRONG><a name="[76]"></a>ATIM0_ERR_IRQHandler</STRONG> (Thumb, 0 bytes, Stack size 0 bytes, startup_zxc400.o(.text))
<BR>[Address Reference Count : 1]<UL><LI> startup_zxc400.o(RESET)
</UL>
<P><STRONG><a name="[78]"></a>ATIM0_INJECTION_IRQHandler</STRONG> (Thumb, 0 bytes, Stack size 0 bytes, startup_zxc400.o(.text))
<BR>[Address Reference Count : 1]<UL><LI> startup_zxc400.o(RESET)
</UL>
<P><STRONG><a name="[79]"></a>ATIM0_RELOAD_IRQHandler</STRONG> (Thumb, 0 bytes, Stack size 0 bytes, startup_zxc400.o(.text))
<BR>[Address Reference Count : 1]<UL><LI> startup_zxc400.o(RESET)
</UL>
<P><STRONG><a name="[7b]"></a>ATIM1_CAPT_CMP_IRQHandler</STRONG> (Thumb, 0 bytes, Stack size 0 bytes, startup_zxc400.o(.text))
<BR>[Address Reference Count : 1]<UL><LI> startup_zxc400.o(RESET)
</UL>
<P><STRONG><a name="[7a]"></a>ATIM1_ERR_IRQHandler</STRONG> (Thumb, 0 bytes, Stack size 0 bytes, startup_zxc400.o(.text))
<BR>[Address Reference Count : 1]<UL><LI> startup_zxc400.o(RESET)
</UL>
<P><STRONG><a name="[7c]"></a>ATIM1_INJECTION_IRQHandler</STRONG> (Thumb, 0 bytes, Stack size 0 bytes, startup_zxc400.o(.text))
<BR>[Address Reference Count : 1]<UL><LI> startup_zxc400.o(RESET)
</UL>
<P><STRONG><a name="[7d]"></a>ATIM1_RELOAD_IRQHandler</STRONG> (Thumb, 0 bytes, Stack size 0 bytes, startup_zxc400.o(.text))
<BR>[Address Reference Count : 1]<UL><LI> startup_zxc400.o(RESET)
</UL>
<P><STRONG><a name="[3a]"></a>BTIM0_IRQHandler</STRONG> (Thumb, 0 bytes, Stack size 0 bytes, startup_zxc400.o(.text))
<BR>[Address Reference Count : 1]<UL><LI> startup_zxc400.o(RESET)
</UL>
<P><STRONG><a name="[3b]"></a>BTIM1_IRQHandler</STRONG> (Thumb, 0 bytes, Stack size 0 bytes, startup_zxc400.o(.text))
<BR>[Address Reference Count : 1]<UL><LI> startup_zxc400.o(RESET)
</UL>
<P><STRONG><a name="[5d]"></a>CAN0_ERR_IRQHandler</STRONG> (Thumb, 0 bytes, Stack size 0 bytes, startup_zxc400.o(.text))
<BR>[Address Reference Count : 1]<UL><LI> startup_zxc400.o(RESET)
</UL>
<P><STRONG><a name="[5e]"></a>CAN0_MEM_1_ERR_IRQHandler</STRONG> (Thumb, 0 bytes, Stack size 0 bytes, startup_zxc400.o(.text))
<BR>[Address Reference Count : 1]<UL><LI> startup_zxc400.o(RESET)
</UL>
<P><STRONG><a name="[5f]"></a>CAN0_MEM_2_ERR_IRQHandler</STRONG> (Thumb, 0 bytes, Stack size 0 bytes, startup_zxc400.o(.text))
<BR>[Address Reference Count : 1]<UL><LI> startup_zxc400.o(RESET)
</UL>
<P><STRONG><a name="[5c]"></a>CAN0_WAKE_UP_IRQHandler</STRONG> (Thumb, 0 bytes, Stack size 0 bytes, startup_zxc400.o(.text))
<BR>[Address Reference Count : 1]<UL><LI> startup_zxc400.o(RESET)
</UL>
<P><STRONG><a name="[5b]"></a>CAN0_WARN_IRQHandler</STRONG> (Thumb, 0 bytes, Stack size 0 bytes, startup_zxc400.o(.text))
<BR>[Address Reference Count : 1]<UL><LI> startup_zxc400.o(RESET)
</UL>
<P><STRONG><a name="[62]"></a>CAN1_ERR_IRQHandler</STRONG> (Thumb, 0 bytes, Stack size 0 bytes, startup_zxc400.o(.text))
<BR>[Address Reference Count : 1]<UL><LI> startup_zxc400.o(RESET)
</UL>
<P><STRONG><a name="[63]"></a>CAN1_MEM_1_ERR_IRQHandler</STRONG> (Thumb, 0 bytes, Stack size 0 bytes, startup_zxc400.o(.text))
<BR>[Address Reference Count : 1]<UL><LI> startup_zxc400.o(RESET)
</UL>
<P><STRONG><a name="[64]"></a>CAN1_MEM_2_ERR_IRQHandler</STRONG> (Thumb, 0 bytes, Stack size 0 bytes, startup_zxc400.o(.text))
<BR>[Address Reference Count : 1]<UL><LI> startup_zxc400.o(RESET)
</UL>
<P><STRONG><a name="[61]"></a>CAN1_WAKE_UP_IRQHandler</STRONG> (Thumb, 0 bytes, Stack size 0 bytes, startup_zxc400.o(.text))
<BR>[Address Reference Count : 1]<UL><LI> startup_zxc400.o(RESET)
</UL>
<P><STRONG><a name="[60]"></a>CAN1_WARN_IRQHandler</STRONG> (Thumb, 0 bytes, Stack size 0 bytes, startup_zxc400.o(.text))
<BR>[Address Reference Count : 1]<UL><LI> startup_zxc400.o(RESET)
</UL>
<P><STRONG><a name="[67]"></a>CAN2_ERR_IRQHandler</STRONG> (Thumb, 0 bytes, Stack size 0 bytes, startup_zxc400.o(.text))
<BR>[Address Reference Count : 1]<UL><LI> startup_zxc400.o(RESET)
</UL>
<P><STRONG><a name="[68]"></a>CAN2_MEM_1_ERR_IRQHandler</STRONG> (Thumb, 0 bytes, Stack size 0 bytes, startup_zxc400.o(.text))
<BR>[Address Reference Count : 1]<UL><LI> startup_zxc400.o(RESET)
</UL>
<P><STRONG><a name="[69]"></a>CAN2_MEM_2_ERR_IRQHandler</STRONG> (Thumb, 0 bytes, Stack size 0 bytes, startup_zxc400.o(.text))
<BR>[Address Reference Count : 1]<UL><LI> startup_zxc400.o(RESET)
</UL>
<P><STRONG><a name="[66]"></a>CAN2_WAKE_UP_IRQHandler</STRONG> (Thumb, 0 bytes, Stack size 0 bytes, startup_zxc400.o(.text))
<BR>[Address Reference Count : 1]<UL><LI> startup_zxc400.o(RESET)
</UL>
<P><STRONG><a name="[65]"></a>CAN2_WARN_IRQHandler</STRONG> (Thumb, 0 bytes, Stack size 0 bytes, startup_zxc400.o(.text))
<BR>[Address Reference Count : 1]<UL><LI> startup_zxc400.o(RESET)
</UL>
<P><STRONG><a name="[6c]"></a>CAN3_ERR_IRQHandler</STRONG> (Thumb, 0 bytes, Stack size 0 bytes, startup_zxc400.o(.text))
<BR>[Address Reference Count : 1]<UL><LI> startup_zxc400.o(RESET)
</UL>
<P><STRONG><a name="[6d]"></a>CAN3_MEM_1_ERR_IRQHandler</STRONG> (Thumb, 0 bytes, Stack size 0 bytes, startup_zxc400.o(.text))
<BR>[Address Reference Count : 1]<UL><LI> startup_zxc400.o(RESET)
</UL>
<P><STRONG><a name="[6e]"></a>CAN3_MEM_2_ERR_IRQHandler</STRONG> (Thumb, 0 bytes, Stack size 0 bytes, startup_zxc400.o(.text))
<BR>[Address Reference Count : 1]<UL><LI> startup_zxc400.o(RESET)
</UL>
<P><STRONG><a name="[6b]"></a>CAN3_WAKE_UP_IRQHandler</STRONG> (Thumb, 0 bytes, Stack size 0 bytes, startup_zxc400.o(.text))
<BR>[Address Reference Count : 1]<UL><LI> startup_zxc400.o(RESET)
</UL>
<P><STRONG><a name="[6a]"></a>CAN3_WARN_IRQHandler</STRONG> (Thumb, 0 bytes, Stack size 0 bytes, startup_zxc400.o(.text))
<BR>[Address Reference Count : 1]<UL><LI> startup_zxc400.o(RESET)
</UL>
<P><STRONG><a name="[43]"></a>CCM_IRQHandler</STRONG> (Thumb, 0 bytes, Stack size 0 bytes, startup_zxc400.o(.text))
<BR>[Address Reference Count : 1]<UL><LI> startup_zxc400.o(RESET)
</UL>
<P><STRONG><a name="[34]"></a>CMP_IRQHandler</STRONG> (Thumb, 0 bytes, Stack size 0 bytes, startup_zxc400.o(.text))
<BR>[Address Reference Count : 1]<UL><LI> startup_zxc400.o(RESET)
</UL>
<P><STRONG><a name="[52]"></a>ENET_1_IRQHandler</STRONG> (Thumb, 0 bytes, Stack size 0 bytes, startup_zxc400.o(.text))
<BR>[Address Reference Count : 1]<UL><LI> startup_zxc400.o(RESET)
</UL>
<P><STRONG><a name="[53]"></a>ENET_2_IRQHandler</STRONG> (Thumb, 0 bytes, Stack size 0 bytes, startup_zxc400.o(.text))
<BR>[Address Reference Count : 1]<UL><LI> startup_zxc400.o(RESET)
</UL>
<P><STRONG><a name="[54]"></a>ENET_3_IRQHandler</STRONG> (Thumb, 0 bytes, Stack size 0 bytes, startup_zxc400.o(.text))
<BR>[Address Reference Count : 1]<UL><LI> startup_zxc400.o(RESET)
</UL>
<P><STRONG><a name="[55]"></a>ENET_4_IRQHandler</STRONG> (Thumb, 0 bytes, Stack size 0 bytes, startup_zxc400.o(.text))
<BR>[Address Reference Count : 1]<UL><LI> startup_zxc400.o(RESET)
</UL>
<P><STRONG><a name="[56]"></a>ENET_5_IRQHandler</STRONG> (Thumb, 0 bytes, Stack size 0 bytes, startup_zxc400.o(.text))
<BR>[Address Reference Count : 1]<UL><LI> startup_zxc400.o(RESET)
</UL>
<P><STRONG><a name="[57]"></a>ENET_6_IRQHandler</STRONG> (Thumb, 0 bytes, Stack size 0 bytes, startup_zxc400.o(.text))
<BR>[Address Reference Count : 1]<UL><LI> startup_zxc400.o(RESET)
</UL>
<P><STRONG><a name="[58]"></a>ENET_7_IRQHandler</STRONG> (Thumb, 0 bytes, Stack size 0 bytes, startup_zxc400.o(.text))
<BR>[Address Reference Count : 1]<UL><LI> startup_zxc400.o(RESET)
</UL>
<P><STRONG><a name="[59]"></a>ENET_8_IRQHandler</STRONG> (Thumb, 0 bytes, Stack size 0 bytes, startup_zxc400.o(.text))
<BR>[Address Reference Count : 1]<UL><LI> startup_zxc400.o(RESET)
</UL>
<P><STRONG><a name="[1e]"></a>FLASH_CmdDone_IRQHandler</STRONG> (Thumb, 0 bytes, Stack size 0 bytes, startup_zxc400.o(.text))
<BR>[Address Reference Count : 1]<UL><LI> startup_zxc400.o(RESET)
</UL>
<P><STRONG><a name="[35]"></a>FLASH_FlexRam_ECC_IRQHandler</STRONG> (Thumb, 0 bytes, Stack size 0 bytes, startup_zxc400.o(.text))
<BR>[Address Reference Count : 1]<UL><LI> startup_zxc400.o(RESET)
</UL>
<P><STRONG><a name="[1c]"></a>FLASH_IRQHandler</STRONG> (Thumb, 0 bytes, Stack size 0 bytes, startup_zxc400.o(.text))
<BR>[Address Reference Count : 1]<UL><LI> startup_zxc400.o(RESET)
</UL>
<P><STRONG><a name="[1d]"></a>FLASH_MassErase_IRQHandler</STRONG> (Thumb, 0 bytes, Stack size 0 bytes, startup_zxc400.o(.text))
<BR>[Address Reference Count : 1]<UL><LI> startup_zxc400.o(RESET)
</UL>
<P><STRONG><a name="[4f]"></a>FlexIO0_IRQHandler</STRONG> (Thumb, 0 bytes, Stack size 0 bytes, startup_zxc400.o(.text))
<BR>[Address Reference Count : 1]<UL><LI> startup_zxc400.o(RESET)
</UL>
<P><STRONG><a name="[50]"></a>FlexIO1_IRQHandler</STRONG> (Thumb, 0 bytes, Stack size 0 bytes, startup_zxc400.o(.text))
<BR>[Address Reference Count : 1]<UL><LI> startup_zxc400.o(RESET)
</UL>
<P><STRONG><a name="[45]"></a>GPIOA_IRQHandler</STRONG> (Thumb, 0 bytes, Stack size 0 bytes, startup_zxc400.o(.text))
<BR>[Address Reference Count : 1]<UL><LI> startup_zxc400.o(RESET)
</UL>
<P><STRONG><a name="[46]"></a>GPIOB_IRQHandler</STRONG> (Thumb, 0 bytes, Stack size 0 bytes, startup_zxc400.o(.text))
<BR>[Address Reference Count : 1]<UL><LI> startup_zxc400.o(RESET)
</UL>
<P><STRONG><a name="[47]"></a>GPIOC_IRQHandler</STRONG> (Thumb, 0 bytes, Stack size 0 bytes, startup_zxc400.o(.text))
<BR>[Address Reference Count : 1]<UL><LI> startup_zxc400.o(RESET)
</UL>
<P><STRONG><a name="[48]"></a>GPIOD_IRQHandler</STRONG> (Thumb, 0 bytes, Stack size 0 bytes, startup_zxc400.o(.text))
<BR>[Address Reference Count : 1]<UL><LI> startup_zxc400.o(RESET)
</UL>
<P><STRONG><a name="[49]"></a>GPIOE_IRQHandler</STRONG> (Thumb, 0 bytes, Stack size 0 bytes, startup_zxc400.o(.text))
<BR>[Address Reference Count : 1]<UL><LI> startup_zxc400.o(RESET)
</UL>
<P><STRONG><a name="[70]"></a>GPTIM16_0_IRQHandler</STRONG> (Thumb, 0 bytes, Stack size 0 bytes, startup_zxc400.o(.text))
<BR>[Address Reference Count : 1]<UL><LI> startup_zxc400.o(RESET)
</UL>
<P><STRONG><a name="[71]"></a>GPTIM16_1_IRQHandler</STRONG> (Thumb, 0 bytes, Stack size 0 bytes, startup_zxc400.o(.text))
<BR>[Address Reference Count : 1]<UL><LI> startup_zxc400.o(RESET)
</UL>
<P><STRONG><a name="[72]"></a>GPTIM16_2_IRQHandler</STRONG> (Thumb, 0 bytes, Stack size 0 bytes, startup_zxc400.o(.text))
<BR>[Address Reference Count : 1]<UL><LI> startup_zxc400.o(RESET)
</UL>
<P><STRONG><a name="[73]"></a>GPTIM16_3_IRQHandler</STRONG> (Thumb, 0 bytes, Stack size 0 bytes, startup_zxc400.o(.text))
<BR>[Address Reference Count : 1]<UL><LI> startup_zxc400.o(RESET)
</UL>
<P><STRONG><a name="[74]"></a>GPTIM32_0_IRQHandler</STRONG> (Thumb, 0 bytes, Stack size 0 bytes, startup_zxc400.o(.text))
<BR>[Address Reference Count : 1]<UL><LI> startup_zxc400.o(RESET)
</UL>
<P><STRONG><a name="[75]"></a>GPTIM32_1_IRQHandler</STRONG> (Thumb, 0 bytes, Stack size 0 bytes, startup_zxc400.o(.text))
<BR>[Address Reference Count : 1]<UL><LI> startup_zxc400.o(RESET)
</UL>
<P><STRONG><a name="[20]"></a>IWDOG_IRQHandler</STRONG> (Thumb, 0 bytes, Stack size 0 bytes, startup_zxc400.o(.text))
<BR>[Address Reference Count : 1]<UL><LI> startup_zxc400.o(RESET)
</UL>
<P><STRONG><a name="[4c]"></a>LPI2C2_IRQHandler</STRONG> (Thumb, 0 bytes, Stack size 0 bytes, startup_zxc400.o(.text))
<BR>[Address Reference Count : 1]<UL><LI> startup_zxc400.o(RESET)
</UL>
<P><STRONG><a name="[4d]"></a>LPI2C3_IRQHandler</STRONG> (Thumb, 0 bytes, Stack size 0 bytes, startup_zxc400.o(.text))
<BR>[Address Reference Count : 1]<UL><LI> startup_zxc400.o(RESET)
</UL>
<P><STRONG><a name="[27]"></a>LPSPI0_IRQHandler</STRONG> (Thumb, 0 bytes, Stack size 0 bytes, startup_zxc400.o(.text))
<BR>[Address Reference Count : 1]<UL><LI> startup_zxc400.o(RESET)
</UL>
<P><STRONG><a name="[28]"></a>LPSPI1_IRQHandler</STRONG> (Thumb, 0 bytes, Stack size 0 bytes, startup_zxc400.o(.text))
<BR>[Address Reference Count : 1]<UL><LI> startup_zxc400.o(RESET)
</UL>
<P><STRONG><a name="[29]"></a>LPSPI2_IRQHandler</STRONG> (Thumb, 0 bytes, Stack size 0 bytes, startup_zxc400.o(.text))
<BR>[Address Reference Count : 1]<UL><LI> startup_zxc400.o(RESET)
</UL>
<P><STRONG><a name="[1f]"></a>LVD_IRQHandler</STRONG> (Thumb, 0 bytes, Stack size 0 bytes, startup_zxc400.o(.text))
<BR>[Address Reference Count : 1]<UL><LI> startup_zxc400.o(RESET)
</UL>
<P><STRONG><a name="[1b]"></a>MCM_IRQHandler</STRONG> (Thumb, 0 bytes, Stack size 0 bytes, startup_zxc400.o(.text))
<BR>[Address Reference Count : 1]<UL><LI> startup_zxc400.o(RESET)
</UL>
<P><STRONG><a name="[4b]"></a>QSPI_IRQHandler</STRONG> (Thumb, 0 bytes, Stack size 0 bytes, startup_zxc400.o(.text))
<BR>[Address Reference Count : 1]<UL><LI> startup_zxc400.o(RESET)
</UL>
<P><STRONG><a name="[38]"></a>RTC_ALM_IRQHandler</STRONG> (Thumb, 0 bytes, Stack size 0 bytes, startup_zxc400.o(.text))
<BR>[Address Reference Count : 1]<UL><LI> startup_zxc400.o(RESET)
</UL>
<P><STRONG><a name="[39]"></a>RTC_IRQHandler</STRONG> (Thumb, 0 bytes, Stack size 0 bytes, startup_zxc400.o(.text))
<BR>[Address Reference Count : 1]<UL><LI> startup_zxc400.o(RESET)
</UL>
<P><STRONG><a name="[6f]"></a>Reserved101_IRQHandler</STRONG> (Thumb, 0 bytes, Stack size 0 bytes, startup_zxc400.o(.text))
<BR>[Address Reference Count : 1]<UL><LI> startup_zxc400.o(RESET)
</UL>
<P><STRONG><a name="[7e]"></a>Reserved116_IRQHandler</STRONG> (Thumb, 0 bytes, Stack size 0 bytes, startup_zxc400.o(.text))
<BR>[Address Reference Count : 1]<UL><LI> startup_zxc400.o(RESET)
</UL>
<P><STRONG><a name="[7f]"></a>Reserved117_IRQHandler</STRONG> (Thumb, 0 bytes, Stack size 0 bytes, startup_zxc400.o(.text))
<BR>[Address Reference Count : 1]<UL><LI> startup_zxc400.o(RESET)
</UL>
<P><STRONG><a name="[80]"></a>Reserved118_IRQHandler</STRONG> (Thumb, 0 bytes, Stack size 0 bytes, startup_zxc400.o(.text))
<BR>[Address Reference Count : 1]<UL><LI> startup_zxc400.o(RESET)
</UL>
<P><STRONG><a name="[3e]"></a>Reserved52_IRQHandler</STRONG> (Thumb, 0 bytes, Stack size 0 bytes, startup_zxc400.o(.text))
<BR>[Address Reference Count : 1]<UL><LI> startup_zxc400.o(RESET)
</UL>
<P><STRONG><a name="[3f]"></a>Reserved53_IRQHandler</STRONG> (Thumb, 0 bytes, Stack size 0 bytes, startup_zxc400.o(.text))
<BR>[Address Reference Count : 1]<UL><LI> startup_zxc400.o(RESET)
</UL>
<P><STRONG><a name="[41]"></a>Reserved55_IRQHandler</STRONG> (Thumb, 0 bytes, Stack size 0 bytes, startup_zxc400.o(.text))
<BR>[Address Reference Count : 1]<UL><LI> startup_zxc400.o(RESET)
</UL>
<P><STRONG><a name="[42]"></a>Reserved56_IRQHandler</STRONG> (Thumb, 0 bytes, Stack size 0 bytes, startup_zxc400.o(.text))
<BR>[Address Reference Count : 1]<UL><LI> startup_zxc400.o(RESET)
</UL>
<P><STRONG><a name="[44]"></a>Reserved58_IRQHandler</STRONG> (Thumb, 0 bytes, Stack size 0 bytes, startup_zxc400.o(.text))
<BR>[Address Reference Count : 1]<UL><LI> startup_zxc400.o(RESET)
</UL>
<P><STRONG><a name="[4a]"></a>Reserved64_IRQHandler</STRONG> (Thumb, 0 bytes, Stack size 0 bytes, startup_zxc400.o(.text))
<BR>[Address Reference Count : 1]<UL><LI> startup_zxc400.o(RESET)
</UL>
<P><STRONG><a name="[4e]"></a>Reserved68_IRQHandler</STRONG> (Thumb, 0 bytes, Stack size 0 bytes, startup_zxc400.o(.text))
<BR>[Address Reference Count : 1]<UL><LI> startup_zxc400.o(RESET)
</UL>
<P><STRONG><a name="[51]"></a>Reserved71_IRQHandler</STRONG> (Thumb, 0 bytes, Stack size 0 bytes, startup_zxc400.o(.text))
<BR>[Address Reference Count : 1]<UL><LI> startup_zxc400.o(RESET)
</UL>
<P><STRONG><a name="[5a]"></a>Reserved80_IRQHandler</STRONG> (Thumb, 0 bytes, Stack size 0 bytes, startup_zxc400.o(.text))
<BR>[Address Reference Count : 1]<UL><LI> startup_zxc400.o(RESET)
</UL>
<P><STRONG><a name="[40]"></a>SPM_IRQHandler</STRONG> (Thumb, 0 bytes, Stack size 0 bytes, startup_zxc400.o(.text))
<BR>[Address Reference Count : 1]<UL><LI> startup_zxc400.o(RESET)
</UL>
<P><STRONG><a name="[22]"></a>SRC_IRQHandler</STRONG> (Thumb, 0 bytes, Stack size 0 bytes, startup_zxc400.o(.text))
<BR>[Address Reference Count : 1]<UL><LI> startup_zxc400.o(RESET)
</UL>
<P><STRONG><a name="[36]"></a>Sram_1_ECC_IRQHandler</STRONG> (Thumb, 0 bytes, Stack size 0 bytes, startup_zxc400.o(.text))
<BR>[Address Reference Count : 1]<UL><LI> startup_zxc400.o(RESET)
</UL>
<P><STRONG><a name="[37]"></a>Sram_2_ECC_IRQHandler</STRONG> (Thumb, 0 bytes, Stack size 0 bytes, startup_zxc400.o(.text))
<BR>[Address Reference Count : 1]<UL><LI> startup_zxc400.o(RESET)
</UL>
<P><STRONG><a name="[21]"></a>WWDOG_IRQHandler</STRONG> (Thumb, 0 bytes, Stack size 0 bytes, startup_zxc400.o(.text))
<BR>[Address Reference Count : 1]<UL><LI> startup_zxc400.o(RESET)
</UL>
<P><STRONG><a name="[bb]"></a>vsnprintf</STRONG> (Thumb, 48 bytes, Stack size 24 bytes, vsnprintf.o(.text))
<BR><BR>[Stack]<UL><LI>Max Depth = 128 + Unknown Stack Size
<LI>Call Chain = vsnprintf &rArr; _printf_char_common &rArr; __printf
</UL>
<BR>[Calls]<UL><LI><a href="#[bd]">&gt;&gt;</a>&nbsp;&nbsp;&nbsp;_sputc
<LI><a href="#[bc]">&gt;&gt;</a>&nbsp;&nbsp;&nbsp;_printf_char_common
</UL>
<BR>[Called By]<UL><LI><a href="#[112]">&gt;&gt;</a>&nbsp;&nbsp;&nbsp;log_printf
</UL>

<P><STRONG><a name="[1a0]"></a>strlen</STRONG> (Thumb, 62 bytes, Stack size 8 bytes, strlen.o(.text))
<BR><BR>[Stack]<UL><LI>Max Depth = 8<LI>Call Chain = strlen
</UL>
<BR>[Called By]<UL><LI><a href="#[112]">&gt;&gt;</a>&nbsp;&nbsp;&nbsp;log_printf
</UL>

<P><STRONG><a name="[bf]"></a>_printf_pre_padding</STRONG> (Thumb, 44 bytes, Stack size 16 bytes, _printf_pad.o(.text))
<BR><BR>[Stack]<UL><LI>Max Depth = 16<LI>Call Chain = _printf_pre_padding
</UL>
<BR>[Called By]<UL><LI><a href="#[c5]">&gt;&gt;</a>&nbsp;&nbsp;&nbsp;_printf_wctomb
<LI><a href="#[be]">&gt;&gt;</a>&nbsp;&nbsp;&nbsp;_printf_str
<LI><a href="#[d3]">&gt;&gt;</a>&nbsp;&nbsp;&nbsp;_printf_fp_infnan
<LI><a href="#[d4]">&gt;&gt;</a>&nbsp;&nbsp;&nbsp;_printf_fp_hex_real
<LI><a href="#[d1]">&gt;&gt;</a>&nbsp;&nbsp;&nbsp;_printf_fp_dec_real
<LI><a href="#[c3]">&gt;&gt;</a>&nbsp;&nbsp;&nbsp;_printf_int_common
</UL>

<P><STRONG><a name="[c0]"></a>_printf_post_padding</STRONG> (Thumb, 34 bytes, Stack size 16 bytes, _printf_pad.o(.text))
<BR><BR>[Stack]<UL><LI>Max Depth = 16<LI>Call Chain = _printf_post_padding
</UL>
<BR>[Called By]<UL><LI><a href="#[c5]">&gt;&gt;</a>&nbsp;&nbsp;&nbsp;_printf_wctomb
<LI><a href="#[be]">&gt;&gt;</a>&nbsp;&nbsp;&nbsp;_printf_str
<LI><a href="#[d3]">&gt;&gt;</a>&nbsp;&nbsp;&nbsp;_printf_fp_infnan
<LI><a href="#[d4]">&gt;&gt;</a>&nbsp;&nbsp;&nbsp;_printf_fp_hex_real
<LI><a href="#[d1]">&gt;&gt;</a>&nbsp;&nbsp;&nbsp;_printf_fp_dec_real
<LI><a href="#[c3]">&gt;&gt;</a>&nbsp;&nbsp;&nbsp;_printf_int_common
</UL>

<P><STRONG><a name="[c1]"></a>_printf_truncate_signed</STRONG> (Thumb, 18 bytes, Stack size 0 bytes, _printf_truncate.o(.text))
<BR><BR>[Called By]<UL><LI><a href="#[96]">&gt;&gt;</a>&nbsp;&nbsp;&nbsp;_printf_int_dec
</UL>

<P><STRONG><a name="[c2]"></a>_printf_truncate_unsigned</STRONG> (Thumb, 18 bytes, Stack size 0 bytes, _printf_truncate.o(.text))
<BR><BR>[Called By]<UL><LI><a href="#[9c]">&gt;&gt;</a>&nbsp;&nbsp;&nbsp;_printf_int_hex
<LI><a href="#[9a]">&gt;&gt;</a>&nbsp;&nbsp;&nbsp;_printf_int_oct
<LI><a href="#[96]">&gt;&gt;</a>&nbsp;&nbsp;&nbsp;_printf_int_dec
</UL>

<P><STRONG><a name="[be]"></a>_printf_str</STRONG> (Thumb, 82 bytes, Stack size 16 bytes, _printf_str.o(.text))
<BR><BR>[Stack]<UL><LI>Max Depth = 32<LI>Call Chain = _printf_str &rArr; _printf_post_padding
</UL>
<BR>[Calls]<UL><LI><a href="#[c0]">&gt;&gt;</a>&nbsp;&nbsp;&nbsp;_printf_post_padding
<LI><a href="#[bf]">&gt;&gt;</a>&nbsp;&nbsp;&nbsp;_printf_pre_padding
</UL>
<BR>[Called By]<UL><LI><a href="#[d5]">&gt;&gt;</a>&nbsp;&nbsp;&nbsp;_printf_cs_common
</UL>

<P><STRONG><a name="[96]"></a>_printf_int_dec</STRONG> (Thumb, 104 bytes, Stack size 24 bytes, _printf_dec.o(.text))
<BR><BR>[Stack]<UL><LI>Max Depth = 72<LI>Call Chain = _printf_int_dec &rArr; _printf_int_common &rArr; _printf_post_padding
</UL>
<BR>[Calls]<UL><LI><a href="#[c2]">&gt;&gt;</a>&nbsp;&nbsp;&nbsp;_printf_truncate_unsigned
<LI><a href="#[c1]">&gt;&gt;</a>&nbsp;&nbsp;&nbsp;_printf_truncate_signed
<LI><a href="#[c3]">&gt;&gt;</a>&nbsp;&nbsp;&nbsp;_printf_int_common
</UL>
<BR>[Called By]<UL><LI><a href="#[98]">&gt;&gt;</a>&nbsp;&nbsp;&nbsp;_printf_u
<LI><a href="#[97]">&gt;&gt;</a>&nbsp;&nbsp;&nbsp;_printf_d
<LI><a href="#[95]">&gt;&gt;</a>&nbsp;&nbsp;&nbsp;_printf_i
</UL>

<P><STRONG><a name="[8c]"></a>_printf_charcount</STRONG> (Thumb, 40 bytes, Stack size 0 bytes, _printf_charcount.o(.text))
<BR><BR>[Called By]<UL><LI><a href="#[8b]">&gt;&gt;</a>&nbsp;&nbsp;&nbsp;_printf_n
</UL>

<P><STRONG><a name="[bc]"></a>_printf_char_common</STRONG> (Thumb, 32 bytes, Stack size 64 bytes, _printf_char_common.o(.text))
<BR><BR>[Stack]<UL><LI>Max Depth = 104 + Unknown Stack Size
<LI>Call Chain = _printf_char_common &rArr; __printf
</UL>
<BR>[Calls]<UL><LI><a href="#[c4]">&gt;&gt;</a>&nbsp;&nbsp;&nbsp;__printf
</UL>
<BR>[Called By]<UL><LI><a href="#[bb]">&gt;&gt;</a>&nbsp;&nbsp;&nbsp;vsnprintf
</UL>

<P><STRONG><a name="[bd]"></a>_sputc</STRONG> (Thumb, 10 bytes, Stack size 0 bytes, _sputc.o(.text))
<BR><BR>[Called By]<UL><LI><a href="#[bb]">&gt;&gt;</a>&nbsp;&nbsp;&nbsp;vsnprintf
</UL>

<P><STRONG><a name="[84]"></a>_snputc</STRONG> (Thumb, 16 bytes, Stack size 0 bytes, _snputc.o(.text))
<BR>[Address Reference Count : 1]<UL><LI> vsnprintf.o(.text)
</UL>
<P><STRONG><a name="[c5]"></a>_printf_wctomb</STRONG> (Thumb, 182 bytes, Stack size 56 bytes, _printf_wctomb.o(.text))
<BR><BR>[Stack]<UL><LI>Max Depth = 80<LI>Call Chain = _printf_wctomb &rArr; _wcrtomb
</UL>
<BR>[Calls]<UL><LI><a href="#[c0]">&gt;&gt;</a>&nbsp;&nbsp;&nbsp;_printf_post_padding
<LI><a href="#[bf]">&gt;&gt;</a>&nbsp;&nbsp;&nbsp;_printf_pre_padding
<LI><a href="#[c6]">&gt;&gt;</a>&nbsp;&nbsp;&nbsp;_wcrtomb
</UL>
<BR>[Called By]<UL><LI><a href="#[d6]">&gt;&gt;</a>&nbsp;&nbsp;&nbsp;_printf_lcs_common
</UL>

<P><STRONG><a name="[9e]"></a>_printf_longlong_dec</STRONG> (Thumb, 108 bytes, Stack size 24 bytes, _printf_longlong_dec.o(.text))
<BR><BR>[Stack]<UL><LI>Max Depth = 72<LI>Call Chain = _printf_longlong_dec &rArr; _printf_int_common &rArr; _printf_post_padding
</UL>
<BR>[Calls]<UL><LI><a href="#[c3]">&gt;&gt;</a>&nbsp;&nbsp;&nbsp;_printf_int_common
<LI><a href="#[c7]">&gt;&gt;</a>&nbsp;&nbsp;&nbsp;_ll_udiv10
</UL>
<BR>[Called By]<UL><LI><a href="#[a0]">&gt;&gt;</a>&nbsp;&nbsp;&nbsp;_printf_llu
<LI><a href="#[9f]">&gt;&gt;</a>&nbsp;&nbsp;&nbsp;_printf_lld
<LI><a href="#[9d]">&gt;&gt;</a>&nbsp;&nbsp;&nbsp;_printf_lli
</UL>

<P><STRONG><a name="[c8]"></a>_printf_longlong_oct</STRONG> (Thumb, 68 bytes, Stack size 8 bytes, _printf_oct_int_ll.o(.text))
<BR><BR>[Stack]<UL><LI>Max Depth = 56<LI>Call Chain = _printf_longlong_oct &rArr; _printf_int_common &rArr; _printf_post_padding
</UL>
<BR>[Calls]<UL><LI><a href="#[c3]">&gt;&gt;</a>&nbsp;&nbsp;&nbsp;_printf_int_common
</UL>
<BR>[Called By]<UL><LI><a href="#[a2]">&gt;&gt;</a>&nbsp;&nbsp;&nbsp;_printf_ll_oct
<LI><a href="#[9a]">&gt;&gt;</a>&nbsp;&nbsp;&nbsp;_printf_int_oct
</UL>

<P><STRONG><a name="[9a]"></a>_printf_int_oct</STRONG> (Thumb, 24 bytes, Stack size 8 bytes, _printf_oct_int_ll.o(.text))
<BR><BR>[Stack]<UL><LI>Max Depth = 64<LI>Call Chain = _printf_int_oct &rArr; _printf_longlong_oct &rArr; _printf_int_common &rArr; _printf_post_padding
</UL>
<BR>[Calls]<UL><LI><a href="#[c8]">&gt;&gt;</a>&nbsp;&nbsp;&nbsp;_printf_longlong_oct
<LI><a href="#[c2]">&gt;&gt;</a>&nbsp;&nbsp;&nbsp;_printf_truncate_unsigned
</UL>
<BR>[Called By]<UL><LI><a href="#[99]">&gt;&gt;</a>&nbsp;&nbsp;&nbsp;_printf_o
</UL>

<P><STRONG><a name="[a2]"></a>_printf_ll_oct</STRONG> (Thumb, 12 bytes, Stack size 0 bytes, _printf_oct_int_ll.o(.text))
<BR><BR>[Stack]<UL><LI>Max Depth = 56<LI>Call Chain = _printf_ll_oct &rArr; _printf_longlong_oct &rArr; _printf_int_common &rArr; _printf_post_padding
</UL>
<BR>[Calls]<UL><LI><a href="#[c8]">&gt;&gt;</a>&nbsp;&nbsp;&nbsp;_printf_longlong_oct
</UL>
<BR>[Called By]<UL><LI><a href="#[a1]">&gt;&gt;</a>&nbsp;&nbsp;&nbsp;_printf_llo
</UL>

<P><STRONG><a name="[c9]"></a>_printf_longlong_hex</STRONG> (Thumb, 86 bytes, Stack size 16 bytes, _printf_hex_int_ll_ptr.o(.text))
<BR><BR>[Stack]<UL><LI>Max Depth = 64<LI>Call Chain = _printf_longlong_hex &rArr; _printf_int_common &rArr; _printf_post_padding
</UL>
<BR>[Calls]<UL><LI><a href="#[c3]">&gt;&gt;</a>&nbsp;&nbsp;&nbsp;_printf_int_common
</UL>
<BR>[Called By]<UL><LI><a href="#[8e]">&gt;&gt;</a>&nbsp;&nbsp;&nbsp;_printf_hex_ptr
<LI><a href="#[a4]">&gt;&gt;</a>&nbsp;&nbsp;&nbsp;_printf_ll_hex
<LI><a href="#[9c]">&gt;&gt;</a>&nbsp;&nbsp;&nbsp;_printf_int_hex
</UL>

<P><STRONG><a name="[9c]"></a>_printf_int_hex</STRONG> (Thumb, 28 bytes, Stack size 16 bytes, _printf_hex_int_ll_ptr.o(.text))
<BR><BR>[Stack]<UL><LI>Max Depth = 80<LI>Call Chain = _printf_int_hex &rArr; _printf_longlong_hex &rArr; _printf_int_common &rArr; _printf_post_padding
</UL>
<BR>[Calls]<UL><LI><a href="#[c9]">&gt;&gt;</a>&nbsp;&nbsp;&nbsp;_printf_longlong_hex
<LI><a href="#[c2]">&gt;&gt;</a>&nbsp;&nbsp;&nbsp;_printf_truncate_unsigned
</UL>
<BR>[Called By]<UL><LI><a href="#[9b]">&gt;&gt;</a>&nbsp;&nbsp;&nbsp;_printf_x
</UL>

<P><STRONG><a name="[a4]"></a>_printf_ll_hex</STRONG> (Thumb, 12 bytes, Stack size 0 bytes, _printf_hex_int_ll_ptr.o(.text))
<BR><BR>[Stack]<UL><LI>Max Depth = 64<LI>Call Chain = _printf_ll_hex &rArr; _printf_longlong_hex &rArr; _printf_int_common &rArr; _printf_post_padding
</UL>
<BR>[Calls]<UL><LI><a href="#[c9]">&gt;&gt;</a>&nbsp;&nbsp;&nbsp;_printf_longlong_hex
</UL>
<BR>[Called By]<UL><LI><a href="#[a3]">&gt;&gt;</a>&nbsp;&nbsp;&nbsp;_printf_llx
</UL>

<P><STRONG><a name="[8e]"></a>_printf_hex_ptr</STRONG> (Thumb, 18 bytes, Stack size 0 bytes, _printf_hex_int_ll_ptr.o(.text))
<BR><BR>[Stack]<UL><LI>Max Depth = 64<LI>Call Chain = _printf_hex_ptr &rArr; _printf_longlong_hex &rArr; _printf_int_common &rArr; _printf_post_padding
</UL>
<BR>[Calls]<UL><LI><a href="#[c9]">&gt;&gt;</a>&nbsp;&nbsp;&nbsp;_printf_longlong_hex
</UL>
<BR>[Called By]<UL><LI><a href="#[8d]">&gt;&gt;</a>&nbsp;&nbsp;&nbsp;_printf_p
</UL>

<P><STRONG><a name="[c4]"></a>__printf</STRONG> (Thumb, 388 bytes, Stack size 40 bytes, __printf_flags_ss_wp.o(.text))
<BR><BR>[Stack]<UL><LI>Max Depth = 40 + Unknown Stack Size
<LI>Call Chain = __printf
</UL>
<BR>[Calls]<UL><LI><a href="#[ca]">&gt;&gt;</a>&nbsp;&nbsp;&nbsp;_is_digit
<LI><a href="#[cb]">&gt;&gt;</a>&nbsp;&nbsp;&nbsp;_printf_percent
</UL>
<BR>[Called By]<UL><LI><a href="#[bc]">&gt;&gt;</a>&nbsp;&nbsp;&nbsp;_printf_char_common
</UL>

<P><STRONG><a name="[c7]"></a>_ll_udiv10</STRONG> (Thumb, 138 bytes, Stack size 12 bytes, lludiv10.o(.text))
<BR><BR>[Stack]<UL><LI>Max Depth = 12<LI>Call Chain = _ll_udiv10
</UL>
<BR>[Called By]<UL><LI><a href="#[9e]">&gt;&gt;</a>&nbsp;&nbsp;&nbsp;_printf_longlong_dec
<LI><a href="#[cc]">&gt;&gt;</a>&nbsp;&nbsp;&nbsp;_fp_digits
</UL>

<P><STRONG><a name="[c3]"></a>_printf_int_common</STRONG> (Thumb, 178 bytes, Stack size 32 bytes, _printf_intcommon.o(.text))
<BR><BR>[Stack]<UL><LI>Max Depth = 48<LI>Call Chain = _printf_int_common &rArr; _printf_post_padding
</UL>
<BR>[Calls]<UL><LI><a href="#[c0]">&gt;&gt;</a>&nbsp;&nbsp;&nbsp;_printf_post_padding
<LI><a href="#[bf]">&gt;&gt;</a>&nbsp;&nbsp;&nbsp;_printf_pre_padding
</UL>
<BR>[Called By]<UL><LI><a href="#[c9]">&gt;&gt;</a>&nbsp;&nbsp;&nbsp;_printf_longlong_hex
<LI><a href="#[c8]">&gt;&gt;</a>&nbsp;&nbsp;&nbsp;_printf_longlong_oct
<LI><a href="#[9e]">&gt;&gt;</a>&nbsp;&nbsp;&nbsp;_printf_longlong_dec
<LI><a href="#[96]">&gt;&gt;</a>&nbsp;&nbsp;&nbsp;_printf_int_dec
</UL>

<P><STRONG><a name="[d1]"></a>_printf_fp_dec_real</STRONG> (Thumb, 620 bytes, Stack size 104 bytes, _printf_fp_dec.o(.text))
<BR><BR>[Stack]<UL><LI>Max Depth = 324<LI>Call Chain = _printf_fp_dec_real &rArr; _fp_digits &rArr; _btod_etento &rArr; _btod_emul &rArr; _e2e
</UL>
<BR>[Calls]<UL><LI><a href="#[c0]">&gt;&gt;</a>&nbsp;&nbsp;&nbsp;_printf_post_padding
<LI><a href="#[bf]">&gt;&gt;</a>&nbsp;&nbsp;&nbsp;_printf_pre_padding
<LI><a href="#[d2]">&gt;&gt;</a>&nbsp;&nbsp;&nbsp;__ARM_fpclassify
<LI><a href="#[d3]">&gt;&gt;</a>&nbsp;&nbsp;&nbsp;_printf_fp_infnan
<LI><a href="#[ae]">&gt;&gt;</a>&nbsp;&nbsp;&nbsp;__rt_locale
<LI><a href="#[cc]">&gt;&gt;</a>&nbsp;&nbsp;&nbsp;_fp_digits
</UL>
<BR>[Called By]<UL><LI><a href="#[90]">&gt;&gt;</a>&nbsp;&nbsp;&nbsp;_printf_fp_dec
</UL>

<P><STRONG><a name="[d4]"></a>_printf_fp_hex_real</STRONG> (Thumb, 756 bytes, Stack size 72 bytes, _printf_fp_hex.o(.text))
<BR><BR>[Stack]<UL><LI>Max Depth = 112<LI>Call Chain = _printf_fp_hex_real &rArr; _printf_fp_infnan &rArr; _printf_post_padding
</UL>
<BR>[Calls]<UL><LI><a href="#[c0]">&gt;&gt;</a>&nbsp;&nbsp;&nbsp;_printf_post_padding
<LI><a href="#[bf]">&gt;&gt;</a>&nbsp;&nbsp;&nbsp;_printf_pre_padding
<LI><a href="#[d2]">&gt;&gt;</a>&nbsp;&nbsp;&nbsp;__ARM_fpclassify
<LI><a href="#[d3]">&gt;&gt;</a>&nbsp;&nbsp;&nbsp;_printf_fp_infnan
</UL>
<BR>[Called By]<UL><LI><a href="#[94]">&gt;&gt;</a>&nbsp;&nbsp;&nbsp;_printf_fp_hex
</UL>

<P><STRONG><a name="[d5]"></a>_printf_cs_common</STRONG> (Thumb, 20 bytes, Stack size 8 bytes, _printf_char.o(.text))
<BR><BR>[Stack]<UL><LI>Max Depth = 40<LI>Call Chain = _printf_cs_common &rArr; _printf_str &rArr; _printf_post_padding
</UL>
<BR>[Calls]<UL><LI><a href="#[be]">&gt;&gt;</a>&nbsp;&nbsp;&nbsp;_printf_str
</UL>
<BR>[Called By]<UL><LI><a href="#[a8]">&gt;&gt;</a>&nbsp;&nbsp;&nbsp;_printf_string
<LI><a href="#[a6]">&gt;&gt;</a>&nbsp;&nbsp;&nbsp;_printf_char
</UL>

<P><STRONG><a name="[a6]"></a>_printf_char</STRONG> (Thumb, 16 bytes, Stack size 0 bytes, _printf_char.o(.text))
<BR><BR>[Stack]<UL><LI>Max Depth = 40<LI>Call Chain = _printf_char &rArr; _printf_cs_common &rArr; _printf_str &rArr; _printf_post_padding
</UL>
<BR>[Calls]<UL><LI><a href="#[d5]">&gt;&gt;</a>&nbsp;&nbsp;&nbsp;_printf_cs_common
</UL>
<BR>[Called By]<UL><LI><a href="#[a5]">&gt;&gt;</a>&nbsp;&nbsp;&nbsp;_printf_c
</UL>

<P><STRONG><a name="[a8]"></a>_printf_string</STRONG> (Thumb, 8 bytes, Stack size 0 bytes, _printf_char.o(.text))
<BR><BR>[Stack]<UL><LI>Max Depth = 40<LI>Call Chain = _printf_string &rArr; _printf_cs_common &rArr; _printf_str &rArr; _printf_post_padding
</UL>
<BR>[Calls]<UL><LI><a href="#[d5]">&gt;&gt;</a>&nbsp;&nbsp;&nbsp;_printf_cs_common
</UL>
<BR>[Called By]<UL><LI><a href="#[a7]">&gt;&gt;</a>&nbsp;&nbsp;&nbsp;_printf_s
</UL>

<P><STRONG><a name="[d6]"></a>_printf_lcs_common</STRONG> (Thumb, 20 bytes, Stack size 8 bytes, _printf_wchar.o(.text))
<BR><BR>[Stack]<UL><LI>Max Depth = 88<LI>Call Chain = _printf_lcs_common &rArr; _printf_wctomb &rArr; _wcrtomb
</UL>
<BR>[Calls]<UL><LI><a href="#[c5]">&gt;&gt;</a>&nbsp;&nbsp;&nbsp;_printf_wctomb
</UL>
<BR>[Called By]<UL><LI><a href="#[ac]">&gt;&gt;</a>&nbsp;&nbsp;&nbsp;_printf_wstring
<LI><a href="#[aa]">&gt;&gt;</a>&nbsp;&nbsp;&nbsp;_printf_wchar
</UL>

<P><STRONG><a name="[aa]"></a>_printf_wchar</STRONG> (Thumb, 16 bytes, Stack size 0 bytes, _printf_wchar.o(.text))
<BR><BR>[Stack]<UL><LI>Max Depth = 88<LI>Call Chain = _printf_wchar &rArr; _printf_lcs_common &rArr; _printf_wctomb &rArr; _wcrtomb
</UL>
<BR>[Calls]<UL><LI><a href="#[d6]">&gt;&gt;</a>&nbsp;&nbsp;&nbsp;_printf_lcs_common
</UL>
<BR>[Called By]<UL><LI><a href="#[a9]">&gt;&gt;</a>&nbsp;&nbsp;&nbsp;_printf_lc
</UL>

<P><STRONG><a name="[ac]"></a>_printf_wstring</STRONG> (Thumb, 8 bytes, Stack size 0 bytes, _printf_wchar.o(.text))
<BR><BR>[Stack]<UL><LI>Max Depth = 88<LI>Call Chain = _printf_wstring &rArr; _printf_lcs_common &rArr; _printf_wctomb &rArr; _wcrtomb
</UL>
<BR>[Calls]<UL><LI><a href="#[d6]">&gt;&gt;</a>&nbsp;&nbsp;&nbsp;_printf_lcs_common
</UL>
<BR>[Called By]<UL><LI><a href="#[ab]">&gt;&gt;</a>&nbsp;&nbsp;&nbsp;_printf_ls
</UL>

<P><STRONG><a name="[d7]"></a>_c16rtomb</STRONG> (Thumb, 72 bytes, Stack size 24 bytes, _c16rtomb.o(.text), UNUSED)
<BR><BR>[Calls]<UL><LI><a href="#[d8]">&gt;&gt;</a>&nbsp;&nbsp;&nbsp;__rt_ctype_table
</UL>

<P><STRONG><a name="[c6]"></a>_wcrtomb</STRONG> (Thumb, 0 bytes, Stack size 24 bytes, _c16rtomb.o(.text))
<BR><BR>[Stack]<UL><LI>Max Depth = 24<LI>Call Chain = _wcrtomb
</UL>
<BR>[Called By]<UL><LI><a href="#[c5]">&gt;&gt;</a>&nbsp;&nbsp;&nbsp;_printf_wctomb
</UL>

<P><STRONG><a name="[d8]"></a>__rt_ctype_table</STRONG> (Thumb, 16 bytes, Stack size 8 bytes, rt_ctype_table.o(.text), UNUSED)
<BR><BR>[Calls]<UL><LI><a href="#[ae]">&gt;&gt;</a>&nbsp;&nbsp;&nbsp;__rt_locale
</UL>
<BR>[Called By]<UL><LI><a href="#[d7]">&gt;&gt;</a>&nbsp;&nbsp;&nbsp;_c16rtomb
</UL>

<P><STRONG><a name="[ae]"></a>__rt_locale</STRONG> (Thumb, 8 bytes, Stack size 0 bytes, rt_locale_intlibspace.o(.text))
<BR><BR>[Called By]<UL><LI><a href="#[ad]">&gt;&gt;</a>&nbsp;&nbsp;&nbsp;__rt_lib_init_lc_common
<LI><a href="#[d8]">&gt;&gt;</a>&nbsp;&nbsp;&nbsp;__rt_ctype_table
<LI><a href="#[d1]">&gt;&gt;</a>&nbsp;&nbsp;&nbsp;_printf_fp_dec_real
</UL>

<P><STRONG><a name="[d3]"></a>_printf_fp_infnan</STRONG> (Thumb, 112 bytes, Stack size 24 bytes, _printf_fp_infnan.o(.text))
<BR><BR>[Stack]<UL><LI>Max Depth = 40<LI>Call Chain = _printf_fp_infnan &rArr; _printf_post_padding
</UL>
<BR>[Calls]<UL><LI><a href="#[c0]">&gt;&gt;</a>&nbsp;&nbsp;&nbsp;_printf_post_padding
<LI><a href="#[bf]">&gt;&gt;</a>&nbsp;&nbsp;&nbsp;_printf_pre_padding
</UL>
<BR>[Called By]<UL><LI><a href="#[d4]">&gt;&gt;</a>&nbsp;&nbsp;&nbsp;_printf_fp_hex_real
<LI><a href="#[d1]">&gt;&gt;</a>&nbsp;&nbsp;&nbsp;_printf_fp_dec_real
</UL>

<P><STRONG><a name="[cd]"></a>_btod_etento</STRONG> (Thumb, 224 bytes, Stack size 72 bytes, bigflt0.o(.text))
<BR><BR>[Stack]<UL><LI>Max Depth = 124<LI>Call Chain = _btod_etento &rArr; _btod_emul &rArr; _e2e
</UL>
<BR>[Calls]<UL><LI><a href="#[d0]">&gt;&gt;</a>&nbsp;&nbsp;&nbsp;_btod_emul
<LI><a href="#[cf]">&gt;&gt;</a>&nbsp;&nbsp;&nbsp;_btod_ediv
</UL>
<BR>[Called By]<UL><LI><a href="#[cc]">&gt;&gt;</a>&nbsp;&nbsp;&nbsp;_fp_digits
</UL>

<P><STRONG><a name="[b6]"></a>exit</STRONG> (Thumb, 18 bytes, Stack size 8 bytes, exit.o(.text))
<BR><BR>[Stack]<UL><LI>Max Depth = 8 + Unknown Stack Size
<LI>Call Chain = exit
</UL>
<BR>[Calls]<UL><LI><a href="#[d9]">&gt;&gt;</a>&nbsp;&nbsp;&nbsp;__rt_exit
</UL>
<BR>[Called By]<UL><LI><a href="#[b4]">&gt;&gt;</a>&nbsp;&nbsp;&nbsp;__rt_entry_main
</UL>

<P><STRONG><a name="[1ab]"></a>strcmp</STRONG> (Thumb, 124 bytes, Stack size 8 bytes, strcmpv7em.o(.text))
<BR><BR>[Stack]<UL><LI>Max Depth = 8<LI>Call Chain = strcmp
</UL>
<BR>[Called By]<UL><LI><a href="#[86]">&gt;&gt;</a>&nbsp;&nbsp;&nbsp;_get_lc_ctype
<LI><a href="#[b1]">&gt;&gt;</a>&nbsp;&nbsp;&nbsp;_get_lc_numeric
</UL>

<P><STRONG><a name="[1d3]"></a>__I$use$semihosting</STRONG> (Thumb, 0 bytes, Stack size 0 bytes, use_no_semi.o(.text), UNUSED)

<P><STRONG><a name="[1d4]"></a>__use_no_semihosting_swi</STRONG> (Thumb, 2 bytes, Stack size 0 bytes, use_no_semi.o(.text), UNUSED)

<P><STRONG><a name="[1d5]"></a>__semihosting_library_function</STRONG> (Thumb, 0 bytes, Stack size unknown bytes, indicate_semi.o(.text), UNUSED)

<P><STRONG><a name="[ba]"></a>_sys_exit</STRONG> (Thumb, 8 bytes, Stack size 0 bytes, sys_exit.o(.text))
<BR><BR>[Called By]<UL><LI><a href="#[b9]">&gt;&gt;</a>&nbsp;&nbsp;&nbsp;__rt_exit_exit
</UL>

<P><STRONG><a name="[da]"></a>CLOCK_DRV_GetFreq</STRONG> (Thumb, 1744 bytes, Stack size 56 bytes, clock_driver.o(.text.CLOCK_DRV_GetFreq))
<BR><BR>[Stack]<UL><LI>Max Depth = 148<LI>Call Chain = CLOCK_DRV_GetFreq &rArr; CLOCK_SYS_GetClkOutFreq &rArr; CLOCK_SYS_GetSystemClockFreq &rArr; CLOCK_SYS_GetSysPllFreq &rArr; CLOCK_SYS_GetSysOscFreq
</UL>
<BR>[Calls]<UL><LI><a href="#[ee]">&gt;&gt;</a>&nbsp;&nbsp;&nbsp;GetFreqHandle_1
<LI><a href="#[ed]">&gt;&gt;</a>&nbsp;&nbsp;&nbsp;GetFreqHandle
<LI><a href="#[db]">&gt;&gt;</a>&nbsp;&nbsp;&nbsp;CLOCK_SYS_GetSystemClockFreq
<LI><a href="#[df]">&gt;&gt;</a>&nbsp;&nbsp;&nbsp;CLOCK_SYS_GetSysPllFreq
<LI><a href="#[ea]">&gt;&gt;</a>&nbsp;&nbsp;&nbsp;CLOCK_SYS_GetSysPllDiv2Freq
<LI><a href="#[e9]">&gt;&gt;</a>&nbsp;&nbsp;&nbsp;CLOCK_SYS_GetSysPllDiv1Freq
<LI><a href="#[de]">&gt;&gt;</a>&nbsp;&nbsp;&nbsp;CLOCK_SYS_GetSysOscFreq
<LI><a href="#[e8]">&gt;&gt;</a>&nbsp;&nbsp;&nbsp;CLOCK_SYS_GetSysOscDiv2Freq
<LI><a href="#[e7]">&gt;&gt;</a>&nbsp;&nbsp;&nbsp;CLOCK_SYS_GetSysOscDiv1Freq
<LI><a href="#[dc]">&gt;&gt;</a>&nbsp;&nbsp;&nbsp;CLOCK_SYS_GetSircFreq
<LI><a href="#[e0]">&gt;&gt;</a>&nbsp;&nbsp;&nbsp;CLOCK_SYS_GetRTCInFreq
<LI><a href="#[e1]">&gt;&gt;</a>&nbsp;&nbsp;&nbsp;CLOCK_SYS_GetLPOFreq
<LI><a href="#[dd]">&gt;&gt;</a>&nbsp;&nbsp;&nbsp;CLOCK_SYS_GetFircFreq
<LI><a href="#[e6]">&gt;&gt;</a>&nbsp;&nbsp;&nbsp;CLOCK_SYS_GetFircDiv2Freq
<LI><a href="#[e5]">&gt;&gt;</a>&nbsp;&nbsp;&nbsp;CLOCK_SYS_GetFircDiv1Freq
<LI><a href="#[e2]">&gt;&gt;</a>&nbsp;&nbsp;&nbsp;CLOCK_SYS_GetFirc8MFreq
<LI><a href="#[e4]">&gt;&gt;</a>&nbsp;&nbsp;&nbsp;CLOCK_SYS_GetFirc8MDiv2Freq
<LI><a href="#[e3]">&gt;&gt;</a>&nbsp;&nbsp;&nbsp;CLOCK_SYS_GetFirc8MDiv1Freq
<LI><a href="#[eb]">&gt;&gt;</a>&nbsp;&nbsp;&nbsp;CLOCK_SYS_GetFirc1MFreq
<LI><a href="#[ec]">&gt;&gt;</a>&nbsp;&nbsp;&nbsp;CLOCK_SYS_GetClkOutFreq
</UL>
<BR>[Called By]<UL><LI><a href="#[ef]">&gt;&gt;</a>&nbsp;&nbsp;&nbsp;CLOCK_SYS_GetFreq
</UL>

<P><STRONG><a name="[1a4]"></a>CLOCK_DRV_SetClockSource</STRONG> (Thumb, 238 bytes, Stack size 16 bytes, clock_driver.o(.text.CLOCK_DRV_SetClockSource))
<BR><BR>[Stack]<UL><LI>Max Depth = 16<LI>Call Chain = CLOCK_DRV_SetClockSource
</UL>
<BR>[Called By]<UL><LI><a href="#[b5]">&gt;&gt;</a>&nbsp;&nbsp;&nbsp;main
</UL>

<P><STRONG><a name="[1a2]"></a>CLOCK_DRV_SetModuleClock</STRONG> (Thumb, 2600 bytes, Stack size 32 bytes, clock_driver.o(.text.CLOCK_DRV_SetModuleClock))
<BR><BR>[Stack]<UL><LI>Max Depth = 32<LI>Call Chain = CLOCK_DRV_SetModuleClock
</UL>
<BR>[Called By]<UL><LI><a href="#[1a1]">&gt;&gt;</a>&nbsp;&nbsp;&nbsp;log_uart_init
</UL>

<P><STRONG><a name="[ef]"></a>CLOCK_SYS_GetFreq</STRONG> (Thumb, 28 bytes, Stack size 24 bytes, clock_driver.o(.text.CLOCK_SYS_GetFreq))
[...]
<BR><BR>[Stack]<UL><LI>Max Depth = 8<LI>Call Chain = LPI2C_Get_MasterTxFIFOCount
</UL>
<BR>[Called By]<UL><LI><a href="#[137]">&gt;&gt;</a>&nbsp;&nbsp;&nbsp;LPI2C_DRV_MasterSendQueuedCmd
<LI><a href="#[138]">&gt;&gt;</a>&nbsp;&nbsp;&nbsp;LPI2C_DRV_MasterQueueData
<LI><a href="#[148]">&gt;&gt;</a>&nbsp;&nbsp;&nbsp;LPI2C_DRV_MasterQueueCmd
</UL>

<P><STRONG><a name="[14a]"></a>LPI2C_Get_MasterTxFIFOSize</STRONG> (Thumb, 36 bytes, Stack size 8 bytes, lpi2c_driver.o(.text.LPI2C_Get_MasterTxFIFOSize))
<BR><BR>[Stack]<UL><LI>Max Depth = 8<LI>Call Chain = LPI2C_Get_MasterTxFIFOSize
</UL>
<BR>[Called By]<UL><LI><a href="#[137]">&gt;&gt;</a>&nbsp;&nbsp;&nbsp;LPI2C_DRV_MasterSendQueuedCmd
<LI><a href="#[138]">&gt;&gt;</a>&nbsp;&nbsp;&nbsp;LPI2C_DRV_MasterQueueData
<LI><a href="#[148]">&gt;&gt;</a>&nbsp;&nbsp;&nbsp;LPI2C_DRV_MasterQueueCmd
</UL>

<P><STRONG><a name="[16e]"></a>LPI2C_Get_SlaveAddressValidEvent</STRONG> (Thumb, 32 bytes, Stack size 8 bytes, lpi2c_driver.o(.text.LPI2C_Get_SlaveAddressValidEvent))
<BR><BR>[Stack]<UL><LI>Max Depth = 8<LI>Call Chain = LPI2C_Get_SlaveAddressValidEvent
</UL>
<BR>[Called By]<UL><LI><a href="#[121]">&gt;&gt;</a>&nbsp;&nbsp;&nbsp;LPI2C_DRV_SlaveIRQHandler
</UL>

<P><STRONG><a name="[166]"></a>LPI2C_Get_SlaveBitErrorEvent</STRONG> (Thumb, 32 bytes, Stack size 8 bytes, lpi2c_driver.o(.text.LPI2C_Get_SlaveBitErrorEvent))
<BR><BR>[Stack]<UL><LI>Max Depth = 8<LI>Call Chain = LPI2C_Get_SlaveBitErrorEvent
</UL>
<BR>[Called By]<UL><LI><a href="#[121]">&gt;&gt;</a>&nbsp;&nbsp;&nbsp;LPI2C_DRV_SlaveIRQHandler
</UL>

<P><STRONG><a name="[163]"></a>LPI2C_Get_SlaveData</STRONG> (Thumb, 26 bytes, Stack size 8 bytes, lpi2c_driver.o(.text.LPI2C_Get_SlaveData))
<BR><BR>[Stack]<UL><LI>Max Depth = 8<LI>Call Chain = LPI2C_Get_SlaveData
</UL>
<BR>[Called By]<UL><LI><a href="#[162]">&gt;&gt;</a>&nbsp;&nbsp;&nbsp;LPI2C_DRV_SlaveHandleReceiveDataEvent
</UL>

<P><STRONG><a name="[168]"></a>LPI2C_Get_SlaveFIFOErrorEvent</STRONG> (Thumb, 32 bytes, Stack size 8 bytes, lpi2c_driver.o(.text.LPI2C_Get_SlaveFIFOErrorEvent))
<BR><BR>[Stack]<UL><LI>Max Depth = 8<LI>Call Chain = LPI2C_Get_SlaveFIFOErrorEvent
</UL>
<BR>[Called By]<UL><LI><a href="#[121]">&gt;&gt;</a>&nbsp;&nbsp;&nbsp;LPI2C_DRV_SlaveIRQHandler
</UL>

<P><STRONG><a name="[170]"></a>LPI2C_Get_SlaveInt</STRONG> (Thumb, 50 bytes, Stack size 16 bytes, lpi2c_driver.o(.text.LPI2C_Get_SlaveInt))
<BR><BR>[Stack]<UL><LI>Max Depth = 16<LI>Call Chain = LPI2C_Get_SlaveInt
</UL>
<BR>[Called By]<UL><LI><a href="#[121]">&gt;&gt;</a>&nbsp;&nbsp;&nbsp;LPI2C_DRV_SlaveIRQHandler
</UL>

<P><STRONG><a name="[171]"></a>LPI2C_Get_SlaveReceiveDataEvent</STRONG> (Thumb, 32 bytes, Stack size 8 bytes, lpi2c_driver.o(.text.LPI2C_Get_SlaveReceiveDataEvent))
<BR><BR>[Stack]<UL><LI>Max Depth = 8<LI>Call Chain = LPI2C_Get_SlaveReceiveDataEvent
</UL>
<BR>[Called By]<UL><LI><a href="#[121]">&gt;&gt;</a>&nbsp;&nbsp;&nbsp;LPI2C_DRV_SlaveIRQHandler
</UL>

<P><STRONG><a name="[161]"></a>LPI2C_Get_SlaveReceivedAddr</STRONG> (Thumb, 28 bytes, Stack size 8 bytes, lpi2c_driver.o(.text.LPI2C_Get_SlaveReceivedAddr))
<BR><BR>[Stack]<UL><LI>Max Depth = 8<LI>Call Chain = LPI2C_Get_SlaveReceivedAddr
</UL>
<BR>[Called By]<UL><LI><a href="#[160]">&gt;&gt;</a>&nbsp;&nbsp;&nbsp;LPI2C_DRV_SlaveHandleAddressValidEvent
</UL>

<P><STRONG><a name="[16b]"></a>LPI2C_Get_SlaveRepeatedStartEvent</STRONG> (Thumb, 32 bytes, Stack size 8 bytes, lpi2c_driver.o(.text.LPI2C_Get_SlaveRepeatedStartEvent))
<BR><BR>[Stack]<UL><LI>Max Depth = 8<LI>Call Chain = LPI2C_Get_SlaveRepeatedStartEvent
</UL>
<BR>[Called By]<UL><LI><a href="#[121]">&gt;&gt;</a>&nbsp;&nbsp;&nbsp;LPI2C_DRV_SlaveIRQHandler
</UL>

<P><STRONG><a name="[16a]"></a>LPI2C_Get_SlaveSTOPDetectEvent</STRONG> (Thumb, 32 bytes, Stack size 8 bytes, lpi2c_driver.o(.text.LPI2C_Get_SlaveSTOPDetectEvent))
<BR><BR>[Stack]<UL><LI>Max Depth = 8<LI>Call Chain = LPI2C_Get_SlaveSTOPDetectEvent
</UL>
<BR>[Called By]<UL><LI><a href="#[121]">&gt;&gt;</a>&nbsp;&nbsp;&nbsp;LPI2C_DRV_SlaveIRQHandler
</UL>

<P><STRONG><a name="[16f]"></a>LPI2C_Get_SlaveTransmitDataEvent</STRONG> (Thumb, 32 bytes, Stack size 8 bytes, lpi2c_driver.o(.text.LPI2C_Get_SlaveTransmitDataEvent))
<BR><BR>[Stack]<UL><LI>Max Depth = 8<LI>Call Chain = LPI2C_Get_SlaveTransmitDataEvent
</UL>
<BR>[Called By]<UL><LI><a href="#[121]">&gt;&gt;</a>&nbsp;&nbsp;&nbsp;LPI2C_DRV_SlaveIRQHandler
</UL>

<P><STRONG><a name="[128]"></a>LPI2C_Reset_MasterRxFIFOCmd</STRONG> (Thumb, 36 bytes, Stack size 8 bytes, lpi2c_driver.o(.text.LPI2C_Reset_MasterRxFIFOCmd))
<BR><BR>[Stack]<UL><LI>Max Depth = 8<LI>Call Chain = LPI2C_Reset_MasterRxFIFOCmd
</UL>
<BR>[Called By]<UL><LI><a href="#[123]">&gt;&gt;</a>&nbsp;&nbsp;&nbsp;LPI2C_DRV_MasterEndTransfer
</UL>

<P><STRONG><a name="[127]"></a>LPI2C_Reset_MasterTxFIFOCmd</STRONG> (Thumb, 36 bytes, Stack size 8 bytes, lpi2c_driver.o(.text.LPI2C_Reset_MasterTxFIFOCmd))
<BR><BR>[Stack]<UL><LI>Max Depth = 8<LI>Call Chain = LPI2C_Reset_MasterTxFIFOCmd
</UL>
<BR>[Called By]<UL><LI><a href="#[123]">&gt;&gt;</a>&nbsp;&nbsp;&nbsp;LPI2C_DRV_MasterEndTransfer
</UL>

<P><STRONG><a name="[151]"></a>LPI2C_Set_MasterClockHighPeriod</STRONG> (Thumb, 50 bytes, Stack size 12 bytes, lpi2c_driver.o(.text.LPI2C_Set_MasterClockHighPeriod))
<BR><BR>[Stack]<UL><LI>Max Depth = 12<LI>Call Chain = LPI2C_Set_MasterClockHighPeriod
</UL>
<BR>[Called By]<UL><LI><a href="#[11b]">&gt;&gt;</a>&nbsp;&nbsp;&nbsp;LPI2C_DRV_MasterSetBaudRate
</UL>

<P><STRONG><a name="[155]"></a>LPI2C_Set_MasterClockHighPeriodHS</STRONG> (Thumb, 50 bytes, Stack size 12 bytes, lpi2c_driver.o(.text.LPI2C_Set_MasterClockHighPeriodHS))
<BR><BR>[Stack]<UL><LI>Max Depth = 12<LI>Call Chain = LPI2C_Set_MasterClockHighPeriodHS
</UL>
<BR>[Called By]<UL><LI><a href="#[11b]">&gt;&gt;</a>&nbsp;&nbsp;&nbsp;LPI2C_DRV_MasterSetBaudRate
</UL>

<P><STRONG><a name="[152]"></a>LPI2C_Set_MasterClockLowPeriod</STRONG> (Thumb, 48 bytes, Stack size 12 bytes, lpi2c_driver.o(.text.LPI2C_Set_MasterClockLowPeriod))
<BR><BR>[Stack]<UL><LI>Max Depth = 12<LI>Call Chain = LPI2C_Set_MasterClockLowPeriod
</UL>
<BR>[Called By]<UL><LI><a href="#[11b]">&gt;&gt;</a>&nbsp;&nbsp;&nbsp;LPI2C_DRV_MasterSetBaudRate
</UL>

<P><STRONG><a name="[156]"></a>LPI2C_Set_MasterClockLowPeriodHS</STRONG> (Thumb, 48 bytes, Stack size 12 bytes, lpi2c_driver.o(.text.LPI2C_Set_MasterClockLowPeriodHS))
<BR><BR>[Stack]<UL><LI>Max Depth = 12<LI>Call Chain = LPI2C_Set_MasterClockLowPeriodHS
</UL>
<BR>[Called By]<UL><LI><a href="#[11b]">&gt;&gt;</a>&nbsp;&nbsp;&nbsp;LPI2C_DRV_MasterSetBaudRate
</UL>

<P><STRONG><a name="[14f]"></a>LPI2C_Set_MasterDataValidDelay</STRONG> (Thumb, 50 bytes, Stack size 12 bytes, lpi2c_driver.o(.text.LPI2C_Set_MasterDataValidDelay))
<BR><BR>[Stack]<UL><LI>Max Depth = 12<LI>Call Chain = LPI2C_Set_MasterDataValidDelay
</UL>
<BR>[Called By]<UL><LI><a href="#[11b]">&gt;&gt;</a>&nbsp;&nbsp;&nbsp;LPI2C_DRV_MasterSetBaudRate
</UL>

<P><STRONG><a name="[153]"></a>LPI2C_Set_MasterDataValidDelayHS</STRONG> (Thumb, 50 bytes, Stack size 12 bytes, lpi2c_driver.o(.text.LPI2C_Set_MasterDataValidDelayHS))
<BR><BR>[Stack]<UL><LI>Max Depth = 12<LI>Call Chain = LPI2C_Set_MasterDataValidDelayHS
</UL>
<BR>[Called By]<UL><LI><a href="#[11b]">&gt;&gt;</a>&nbsp;&nbsp;&nbsp;LPI2C_DRV_MasterSetBaudRate
</UL>

<P><STRONG><a name="[147]"></a>LPI2C_Set_MasterEnable</STRONG> (Thumb, 48 bytes, Stack size 12 bytes, lpi2c_driver.o(.text.LPI2C_Set_MasterEnable))
<BR><BR>[Stack]<UL><LI>Max Depth = 12<LI>Call Chain = LPI2C_Set_MasterEnable
</UL>
<BR>[Called By]<UL><LI><a href="#[11b]">&gt;&gt;</a>&nbsp;&nbsp;&nbsp;LPI2C_DRV_MasterSetBaudRate
<LI><a href="#[119]">&gt;&gt;</a>&nbsp;&nbsp;&nbsp;LPI2C_DRV_MasterInit
<LI><a href="#[13b]">&gt;&gt;</a>&nbsp;&nbsp;&nbsp;LPI2C_DRV_MasterReinit
</UL>

<P><STRONG><a name="[124]"></a>LPI2C_Set_MasterInt</STRONG> (Thumb, 62 bytes, Stack size 16 bytes, lpi2c_driver.o(.text.LPI2C_Set_MasterInt))
<BR><BR>[Stack]<UL><LI>Max Depth = 16<LI>Call Chain = LPI2C_Set_MasterInt
</UL>
<BR>[Called By]<UL><LI><a href="#[11c]">&gt;&gt;</a>&nbsp;&nbsp;&nbsp;LPI2C_DRV_MasterSendData
<LI><a href="#[135]">&gt;&gt;</a>&nbsp;&nbsp;&nbsp;LPI2C_DRV_MasterHandleTransmitDataRequest
<LI><a href="#[123]">&gt;&gt;</a>&nbsp;&nbsp;&nbsp;LPI2C_DRV_MasterEndTransfer
</UL>

<P><STRONG><a name="[159]"></a>LPI2C_Set_MasterNACKConfig</STRONG> (Thumb, 50 bytes, Stack size 12 bytes, lpi2c_driver.o(.text.LPI2C_Set_MasterNACKConfig))
<BR><BR>[Stack]<UL><LI>Max Depth = 12<LI>Call Chain = LPI2C_Set_MasterNACKConfig
</UL>
<BR>[Called By]<UL><LI><a href="#[157]">&gt;&gt;</a>&nbsp;&nbsp;&nbsp;LPI2C_DRV_MasterSetOperatingMode
</UL>

<P><STRONG><a name="[158]"></a>LPI2C_Set_MasterPinConfig</STRONG> (Thumb, 50 bytes, Stack size 12 bytes, lpi2c_driver.o(.text.LPI2C_Set_MasterPinConfig))
<BR><BR>[Stack]<UL><LI>Max Depth = 12<LI>Call Chain = LPI2C_Set_MasterPinConfig
</UL>
<BR>[Called By]<UL><LI><a href="#[157]">&gt;&gt;</a>&nbsp;&nbsp;&nbsp;LPI2C_DRV_MasterSetOperatingMode
</UL>

<P><STRONG><a name="[14e]"></a>LPI2C_Set_MasterPrescaler</STRONG> (Thumb, 48 bytes, Stack size 12 bytes, lpi2c_driver.o(.text.LPI2C_Set_MasterPrescaler))
<BR><BR>[Stack]<UL><LI>Max Depth = 12<LI>Call Chain = LPI2C_Set_MasterPrescaler
</UL>
<BR>[Called By]<UL><LI><a href="#[11b]">&gt;&gt;</a>&nbsp;&nbsp;&nbsp;LPI2C_DRV_MasterSetBaudRate
</UL>

<P><STRONG><a name="[125]"></a>LPI2C_Set_MasterRxDMA</STRONG> (Thumb, 50 bytes, Stack size 12 bytes, lpi2c_driver.o(.text.LPI2C_Set_MasterRxDMA))
<BR><BR>[Stack]<UL><LI>Max Depth = 12<LI>Call Chain = LPI2C_Set_MasterRxDMA
</UL>
<BR>[Called By]<UL><LI><a href="#[14c]">&gt;&gt;</a>&nbsp;&nbsp;&nbsp;LPI2C_DRV_MasterStartDmaTransfer
<LI><a href="#[123]">&gt;&gt;</a>&nbsp;&nbsp;&nbsp;LPI2C_DRV_MasterEndTransfer
</UL>

<P><STRONG><a name="[134]"></a>LPI2C_Set_MasterRxFIFOWatermark</STRONG> (Thumb, 50 bytes, Stack size 12 bytes, lpi2c_driver.o(.text.LPI2C_Set_MasterRxFIFOWatermark))
<BR><BR>[Stack]<UL><LI>Max Depth = 12<LI>Call Chain = LPI2C_Set_MasterRxFIFOWatermark
</UL>
<BR>[Called By]<UL><LI><a href="#[14c]">&gt;&gt;</a>&nbsp;&nbsp;&nbsp;LPI2C_DRV_MasterStartDmaTransfer
<LI><a href="#[12f]">&gt;&gt;</a>&nbsp;&nbsp;&nbsp;LPI2C_DRV_MasterHandleReceiveDataReadyEvent
</UL>

<P><STRONG><a name="[150]"></a>LPI2C_Set_MasterSetupHoldDelay</STRONG> (Thumb, 50 bytes, Stack size 12 bytes, lpi2c_driver.o(.text.LPI2C_Set_MasterSetupHoldDelay))
<BR><BR>[Stack]<UL><LI>Max Depth = 12<LI>Call Chain = LPI2C_Set_MasterSetupHoldDelay
</UL>
<BR>[Called By]<UL><LI><a href="#[11b]">&gt;&gt;</a>&nbsp;&nbsp;&nbsp;LPI2C_DRV_MasterSetBaudRate
</UL>

<P><STRONG><a name="[154]"></a>LPI2C_Set_MasterSetupHoldDelayHS</STRONG> (Thumb, 50 bytes, Stack size 12 bytes, lpi2c_driver.o(.text.LPI2C_Set_MasterSetupHoldDelayHS))
<BR><BR>[Stack]<UL><LI>Max Depth = 12<LI>Call Chain = LPI2C_Set_MasterSetupHoldDelayHS
</UL>
<BR>[Called By]<UL><LI><a href="#[11b]">&gt;&gt;</a>&nbsp;&nbsp;&nbsp;LPI2C_DRV_MasterSetBaudRate
</UL>

<P><STRONG><a name="[126]"></a>LPI2C_Set_MasterTxDMA</STRONG> (Thumb, 48 bytes, Stack size 12 bytes, lpi2c_driver.o(.text.LPI2C_Set_MasterTxDMA))
<BR><BR>[Stack]<UL><LI>Max Depth = 12<LI>Call Chain = LPI2C_Set_MasterTxDMA
</UL>
<BR>[Called By]<UL><LI><a href="#[14c]">&gt;&gt;</a>&nbsp;&nbsp;&nbsp;LPI2C_DRV_MasterStartDmaTransfer
<LI><a href="#[123]">&gt;&gt;</a>&nbsp;&nbsp;&nbsp;LPI2C_DRV_MasterEndTransfer
</UL>

<P><STRONG><a name="[14d]"></a>LPI2C_Set_MasterTxFIFOWatermark</STRONG> (Thumb, 48 bytes, Stack size 12 bytes, lpi2c_driver.o(.text.LPI2C_Set_MasterTxFIFOWatermark))
<BR><BR>[Stack]<UL><LI>Max Depth = 12<LI>Call Chain = LPI2C_Set_MasterTxFIFOWatermark
</UL>
<BR>[Called By]<UL><LI><a href="#[11c]">&gt;&gt;</a>&nbsp;&nbsp;&nbsp;LPI2C_DRV_MasterSendData
</UL>

<P><STRONG><a name="[178]"></a>LPI2C_Set_SlaveACKStall</STRONG> (Thumb, 54 bytes, Stack size 12 bytes, lpi2c_driver.o(.text.LPI2C_Set_SlaveACKStall))
<BR><BR>[Stack]<UL><LI>Max Depth = 12<LI>Call Chain = LPI2C_Set_SlaveACKStall
</UL>
<BR>[Called By]<UL><LI><a href="#[174]">&gt;&gt;</a>&nbsp;&nbsp;&nbsp;LPI2C_DRV_SlaveSetOperatingMode
</UL>

<P><STRONG><a name="[172]"></a>LPI2C_Set_SlaveAddr0</STRONG> (Thumb, 54 bytes, Stack size 12 bytes, lpi2c_driver.o(.text.LPI2C_Set_SlaveAddr0))
<BR><BR>[Stack]<UL><LI>Max Depth = 12<LI>Call Chain = LPI2C_Set_SlaveAddr0
</UL>
<BR>[Called By]<UL><LI><a href="#[11e]">&gt;&gt;</a>&nbsp;&nbsp;&nbsp;LPI2C_DRV_SlaveInit
</UL>

<P><STRONG><a name="[173]"></a>LPI2C_Set_SlaveAddrConfig</STRONG> (Thumb, 54 bytes, Stack size 12 bytes, lpi2c_driver.o(.text.LPI2C_Set_SlaveAddrConfig))
<BR><BR>[Stack]<UL><LI>Max Depth = 12<LI>Call Chain = LPI2C_Set_SlaveAddrConfig
</UL>
<BR>[Called By]<UL><LI><a href="#[11e]">&gt;&gt;</a>&nbsp;&nbsp;&nbsp;LPI2C_DRV_SlaveInit
</UL>

<P><STRONG><a name="[17b]"></a>LPI2C_Set_SlaveAddrStall</STRONG> (Thumb, 52 bytes, Stack size 12 bytes, lpi2c_driver.o(.text.LPI2C_Set_SlaveAddrStall))
<BR><BR>[Stack]<UL><LI>Max Depth = 12<LI>Call Chain = LPI2C_Set_SlaveAddrStall
</UL>
<BR>[Called By]<UL><LI><a href="#[174]">&gt;&gt;</a>&nbsp;&nbsp;&nbsp;LPI2C_DRV_SlaveSetOperatingMode
</UL>

<P><STRONG><a name="[15e]"></a>LPI2C_Set_SlaveEnable</STRONG> (Thumb, 52 bytes, Stack size 12 bytes, lpi2c_driver.o(.text.LPI2C_Set_SlaveEnable))
<BR><BR>[Stack]<UL><LI>Max Depth = 12<LI>Call Chain = LPI2C_Set_SlaveEnable
</UL>
<BR>[Called By]<UL><LI><a href="#[11f]">&gt;&gt;</a>&nbsp;&nbsp;&nbsp;LPI2C_DRV_SlaveReceiveData
<LI><a href="#[11e]">&gt;&gt;</a>&nbsp;&nbsp;&nbsp;LPI2C_DRV_SlaveInit
<LI><a href="#[15a]">&gt;&gt;</a>&nbsp;&nbsp;&nbsp;LPI2C_DRV_SlaveEndTransfer
</UL>

<P><STRONG><a name="[17c]"></a>LPI2C_Set_SlaveHighSpeedModeDetect</STRONG> (Thumb, 54 bytes, Stack size 12 bytes, lpi2c_driver.o(.text.LPI2C_Set_SlaveHighSpeedModeDetect))
<BR><BR>[Stack]<UL><LI>Max Depth = 12<LI>Call Chain = LPI2C_Set_SlaveHighSpeedModeDetect
</UL>
<BR>[Called By]<UL><LI><a href="#[174]">&gt;&gt;</a>&nbsp;&nbsp;&nbsp;LPI2C_DRV_SlaveSetOperatingMode
</UL>

<P><STRONG><a name="[176]"></a>LPI2C_Set_SlaveIgnoreNACK</STRONG> (Thumb, 54 bytes, Stack size 12 bytes, lpi2c_driver.o(.text.LPI2C_Set_SlaveIgnoreNACK))
<BR><BR>[Stack]<UL><LI>Max Depth = 12<LI>Call Chain = LPI2C_Set_SlaveIgnoreNACK
</UL>
<BR>[Called By]<UL><LI><a href="#[174]">&gt;&gt;</a>&nbsp;&nbsp;&nbsp;LPI2C_DRV_SlaveSetOperatingMode
</UL>

<P><STRONG><a name="[15b]"></a>LPI2C_Set_SlaveInt</STRONG> (Thumb, 66 bytes, Stack size 16 bytes, lpi2c_driver.o(.text.LPI2C_Set_SlaveInt))
<BR><BR>[Stack]<UL><LI>Max Depth = 16<LI>Call Chain = LPI2C_Set_SlaveInt
</UL>
<BR>[Called By]<UL><LI><a href="#[11f]">&gt;&gt;</a>&nbsp;&nbsp;&nbsp;LPI2C_DRV_SlaveReceiveData
<LI><a href="#[11e]">&gt;&gt;</a>&nbsp;&nbsp;&nbsp;LPI2C_DRV_SlaveInit
<LI><a href="#[15a]">&gt;&gt;</a>&nbsp;&nbsp;&nbsp;LPI2C_DRV_SlaveEndTransfer
</UL>

<P><STRONG><a name="[17a]"></a>LPI2C_Set_SlaveRXStall</STRONG> (Thumb, 54 bytes, Stack size 12 bytes, lpi2c_driver.o(.text.LPI2C_Set_SlaveRXStall))
<BR><BR>[Stack]<UL><LI>Max Depth = 12<LI>Call Chain = LPI2C_Set_SlaveRXStall
</UL>
<BR>[Called By]<UL><LI><a href="#[174]">&gt;&gt;</a>&nbsp;&nbsp;&nbsp;LPI2C_DRV_SlaveSetOperatingMode
</UL>

<P><STRONG><a name="[15c]"></a>LPI2C_Set_SlaveRxDMA</STRONG> (Thumb, 54 bytes, Stack size 12 bytes, lpi2c_driver.o(.text.LPI2C_Set_SlaveRxDMA))
<BR><BR>[Stack]<UL><LI>Max Depth = 12<LI>Call Chain = LPI2C_Set_SlaveRxDMA
</UL>
<BR>[Called By]<UL><LI><a href="#[175]">&gt;&gt;</a>&nbsp;&nbsp;&nbsp;LPI2C_DRV_SlaveStartDmaTransfer
<LI><a href="#[15a]">&gt;&gt;</a>&nbsp;&nbsp;&nbsp;LPI2C_DRV_SlaveEndTransfer
</UL>

<P><STRONG><a name="[179]"></a>LPI2C_Set_SlaveTXDStall</STRONG> (Thumb, 54 bytes, Stack size 12 bytes, lpi2c_driver.o(.text.LPI2C_Set_SlaveTXDStall))
<BR><BR>[Stack]<UL><LI>Max Depth = 12<LI>Call Chain = LPI2C_Set_SlaveTXDStall
</UL>
<BR>[Called By]<UL><LI><a href="#[174]">&gt;&gt;</a>&nbsp;&nbsp;&nbsp;LPI2C_DRV_SlaveSetOperatingMode
</UL>

<P><STRONG><a name="[177]"></a>LPI2C_Set_SlaveTransmitNACK</STRONG> (Thumb, 52 bytes, Stack size 12 bytes, lpi2c_driver.o(.text.LPI2C_Set_SlaveTransmitNACK))
<BR><BR>[Stack]<UL><LI>Max Depth = 12<LI>Call Chain = LPI2C_Set_SlaveTransmitNACK
</UL>
<BR>[Called By]<UL><LI><a href="#[174]">&gt;&gt;</a>&nbsp;&nbsp;&nbsp;LPI2C_DRV_SlaveSetOperatingMode
</UL>

<P><STRONG><a name="[15d]"></a>LPI2C_Set_SlaveTxDMA</STRONG> (Thumb, 52 bytes, Stack size 12 bytes, lpi2c_driver.o(.text.LPI2C_Set_SlaveTxDMA))
<BR><BR>[Stack]<UL><LI>Max Depth = 12<LI>Call Chain = LPI2C_Set_SlaveTxDMA
</UL>
<BR>[Called By]<UL><LI><a href="#[175]">&gt;&gt;</a>&nbsp;&nbsp;&nbsp;LPI2C_DRV_SlaveStartDmaTransfer
<LI><a href="#[15a]">&gt;&gt;</a>&nbsp;&nbsp;&nbsp;LPI2C_DRV_SlaveEndTransfer
</UL>

<P><STRONG><a name="[165]"></a>LPI2C_Transmit_SlaveData</STRONG> (Thumb, 24 bytes, Stack size 8 bytes, lpi2c_driver.o(.text.LPI2C_Transmit_SlaveData))
<BR><BR>[Stack]<UL><LI>Max Depth = 8<LI>Call Chain = LPI2C_Transmit_SlaveData
</UL>
<BR>[Called By]<UL><LI><a href="#[164]">&gt;&gt;</a>&nbsp;&nbsp;&nbsp;LPI2C_DRV_SlaveHandleTransmitDataEvent
</UL>

<P><STRONG><a name="[17d]"></a>LPI2C_Set_MasterSoftwareReset</STRONG> (Thumb, 50 bytes, Stack size 12 bytes, lpi2c_hw_access.o(.text.LPI2C_Set_MasterSoftwareReset))
<BR><BR>[Stack]<UL><LI>Max Depth = 12<LI>Call Chain = LPI2C_Set_MasterSoftwareReset
</UL>
<BR>[Called By]<UL><LI><a href="#[145]">&gt;&gt;</a>&nbsp;&nbsp;&nbsp;LPI2C_Init
</UL>

<P><STRONG><a name="[17e]"></a>LPI2C_Set_SlaveSoftwareReset</STRONG> (Thumb, 54 bytes, Stack size 12 bytes, lpi2c_hw_access.o(.text.LPI2C_Set_SlaveSoftwareReset))
<BR><BR>[Stack]<UL><LI>Max Depth = 12<LI>Call Chain = LPI2C_Set_SlaveSoftwareReset
</UL>
<BR>[Called By]<UL><LI><a href="#[145]">&gt;&gt;</a>&nbsp;&nbsp;&nbsp;LPI2C_Init
</UL>

<P><STRONG><a name="[1a3]"></a>PINS_DRV_SetMuxPinSel</STRONG> (Thumb, 16 bytes, Stack size 8 bytes, log_print.o(.text.PINS_DRV_SetMuxPinSel))
<BR><BR>[Stack]<UL><LI>Max Depth = 8<LI>Call Chain = PINS_DRV_SetMuxPinSel
</UL>
<BR>[Called By]<UL><LI><a href="#[1a1]">&gt;&gt;</a>&nbsp;&nbsp;&nbsp;log_uart_init
</UL>

<P><STRONG><a name="[115]"></a>PINS_DRV_EnableForceInput</STRONG> (Thumb, 100 bytes, Stack size 8 bytes, test_case.o(.text.PINS_DRV_EnableForceInput))
<BR><BR>[Stack]<UL><LI>Max Depth = 8<LI>Call Chain = PINS_DRV_EnableForceInput
</UL>
<BR>[Called By]<UL><LI><a href="#[11d]">&gt;&gt;</a>&nbsp;&nbsp;&nbsp;I2C_Slave_Init
<LI><a href="#[113]">&gt;&gt;</a>&nbsp;&nbsp;&nbsp;I2C_Master_Init
</UL>

<P><STRONG><a name="[117]"></a>PINS_DRV_EnableSMTInput</STRONG> (Thumb, 104 bytes, Stack size 8 bytes, test_case.o(.text.PINS_DRV_EnableSMTInput))
<BR><BR>[Stack]<UL><LI>Max Depth = 8<LI>Call Chain = PINS_DRV_EnableSMTInput
</UL>
<BR>[Called By]<UL><LI><a href="#[11d]">&gt;&gt;</a>&nbsp;&nbsp;&nbsp;I2C_Slave_Init
<LI><a href="#[113]">&gt;&gt;</a>&nbsp;&nbsp;&nbsp;I2C_Master_Init
</UL>

<P><STRONG><a name="[118]"></a>PINS_DRV_SetMuxPinSel</STRONG> (Thumb, 16 bytes, Stack size 8 bytes, test_case.o(.text.PINS_DRV_SetMuxPinSel))
<BR><BR>[Stack]<UL><LI>Max Depth = 8<LI>Call Chain = PINS_DRV_SetMuxPinSel
</UL>
<BR>[Called By]<UL><LI><a href="#[11d]">&gt;&gt;</a>&nbsp;&nbsp;&nbsp;I2C_Slave_Init
<LI><a href="#[113]">&gt;&gt;</a>&nbsp;&nbsp;&nbsp;I2C_Master_Init
</UL>

<P><STRONG><a name="[85]"></a>_printf_input_char</STRONG> (Thumb, 10 bytes, Stack size 0 bytes, _printf_char_common.o(.text))
<BR>[Address Reference Count : 1]<UL><LI> _printf_char_common.o(.text)
</UL>
<P><STRONG><a name="[cc]"></a>_fp_digits</STRONG> (Thumb, 432 bytes, Stack size 96 bytes, _printf_fp_dec.o(.text))
<BR><BR>[Stack]<UL><LI>Max Depth = 220<LI>Call Chain = _fp_digits &rArr; _btod_etento &rArr; _btod_emul &rArr; _e2e
</UL>
<BR>[Calls]<UL><LI><a href="#[d0]">&gt;&gt;</a>&nbsp;&nbsp;&nbsp;_btod_emul
<LI><a href="#[cf]">&gt;&gt;</a>&nbsp;&nbsp;&nbsp;_btod_ediv
<LI><a href="#[ce]">&gt;&gt;</a>&nbsp;&nbsp;&nbsp;_btod_d2e
<LI><a href="#[cd]">&gt;&gt;</a>&nbsp;&nbsp;&nbsp;_btod_etento
<LI><a href="#[c7]">&gt;&gt;</a>&nbsp;&nbsp;&nbsp;_ll_udiv10
</UL>
<BR>[Called By]<UL><LI><a href="#[d1]">&gt;&gt;</a>&nbsp;&nbsp;&nbsp;_printf_fp_dec_real
</UL>
<P>
<H3>
Undefined Global Symbols
</H3><HR></body></html>
